{
    "-profile test": {
        "content": [
            {
                "ASSEMBLY_STATS": {
                    "python": "3.12.2"
                },
                "BLOBPURGE_REPORT": {
                    "python": "3.12.2"
                },
                "BTK_FILTER": {
                    "blobtoolkit": "4.5.3"
                },
                "BUSCO": {
                    "busco": "5.8.3"
                },
                "BWAMEM2_INDEX": {
                    "bwa-mem2": "2.2.1"
                },
                "BWAMEM2_MEM": {
                    "bwa-mem2": "2.2.1"
                },
                "COMPARE_BUSCO": {
                    "python": "3.12.2"
                },
                "PURGEDUPS_CALCUTS": {
                    "purge_dups": "1.2.5"
                },
                "PURGEDUPS_GET_SEQS": {
                    "purge_dups": "1.2.5"
                },
                "PURGEDUPS_HIST_PLOT": {
                    "matplotlib": "3.5.1"
                },
                "PURGEDUPS_NGSCSTAT": {
                    "purge_dups": "1.2.5"
                },
                "PURGEDUPS_PURGE_DUPS": {
                    "purge_dups": "1.2.5"
                },
                "PURGEDUPS_SELF_MINIMAP2": {
                    "minimap2": "2.28-r1209"
                },
                "PURGEDUPS_SPLIT_FA": {
                    "purge_dups": "1.2.5"
                },
                "PURGEHAPLOTIGS_COV": {
                    "purge_haplotigs": "1.1.3"
                },
                "PURGEHAPLOTIGS_ESTIMATE_CUTOFFS": {
                    "python": "3.12.2"
                },
                "PURGEHAPLOTIGS_HIST": {
                    "purge_haplotigs": "1.1.3"
                },
                "PURGEHAPLOTIGS_PURGE": {
                    "purge_haplotigs": "1.1.3"
                },
                "SAMTOOLS_DEPTH": {
                    "samtools": 1.24
                },
                "SAMTOOLS_SORT_INDEX": {
                    "samtools": 1.24
                },
                "SAMTOOLS_SORT_NAME": {
                    "samtools": 1.24
                },
                "Workflow": {
                    "cnr-ibba/nf-blobpurge": "v1.0.0dev"
                }
            },
            [
                "analyses",
                "analyses/blobpurge_test_blobpurge.html",
                "assembly",
                "assembly/blobpurge_test.filtered.stats.json",
                "assembly/blobpurge_test.purge_dups.stats.json",
                "assembly/blobpurge_test.purge_haplotigs.stats.json",
                "assembly/blobpurge_test.raw.stats.json",
                "btk",
                "btk/blobpurge_test.filter_summary.json",
                "btk/blobpurge_test.filtered.fasta",
                "btk/blobpurge_test.span_check.json",
                "btk/excluded_ids.txt",
                "btk/retained_ids.txt",
                "busco",
                "busco/blobpurge_test.filtered.bacteria_odb10.short_summary.json",
                "busco/blobpurge_test.filtered.bacteria_odb10_busco",
                "busco/blobpurge_test.filtered.bacteria_odb10_busco/logs",
                "busco/blobpurge_test.filtered.bacteria_odb10_busco/logs/bbtools_err.log",
                "busco/blobpurge_test.filtered.bacteria_odb10_busco/logs/bbtools_out.log",
                "busco/blobpurge_test.filtered.bacteria_odb10_busco/logs/busco.log",
                "busco/blobpurge_test.filtered.bacteria_odb10_busco/logs/hmmsearch_err.log",
                "busco/blobpurge_test.filtered.bacteria_odb10_busco/logs/hmmsearch_out.log",
                "busco/blobpurge_test.filtered.bacteria_odb10_busco/logs/prodigal_err.log",
                "busco/blobpurge_test.filtered.bacteria_odb10_busco/logs/prodigal_out.log",
                "busco/blobpurge_test.filtered.bacteria_odb10_busco/prodigal_output",
                "busco/blobpurge_test.filtered.bacteria_odb10_busco/prodigal_output/.checkpoint",
                "busco/blobpurge_test.filtered.bacteria_odb10_busco/prodigal_output/predicted_genes",
                "busco/blobpurge_test.filtered.bacteria_odb10_busco/prodigal_output/predicted_genes/predicted.faa",
                "busco/blobpurge_test.filtered.bacteria_odb10_busco/prodigal_output/predicted_genes/predicted.fna",
                "busco/blobpurge_test.filtered.bacteria_odb10_busco/prodigal_output/predicted_genes/tmp",
                "busco/blobpurge_test.filtered.bacteria_odb10_busco/prodigal_output/predicted_genes/tmp/prodigal_mode_meta_code_11.faa",
                "busco/blobpurge_test.filtered.bacteria_odb10_busco/prodigal_output/predicted_genes/tmp/prodigal_mode_meta_code_11.fna",
                "busco/blobpurge_test.filtered.bacteria_odb10_busco/prodigal_output/predicted_genes/tmp/prodigal_mode_meta_code_11_err.log",
                "busco/blobpurge_test.filtered.bacteria_odb10_busco/prodigal_output/predicted_genes/tmp/prodigal_mode_meta_code_11_out.log",
                "busco/blobpurge_test.filtered.bacteria_odb10_busco/prodigal_output/predicted_genes/tmp/prodigal_mode_meta_code_4.faa",
                "busco/blobpurge_test.filtered.bacteria_odb10_busco/prodigal_output/predicted_genes/tmp/prodigal_mode_meta_code_4.fna",
                "busco/blobpurge_test.filtered.bacteria_odb10_busco/prodigal_output/predicted_genes/tmp/prodigal_mode_meta_code_4_err.log",
                "busco/blobpurge_test.filtered.bacteria_odb10_busco/prodigal_output/predicted_genes/tmp/prodigal_mode_meta_code_4_out.log",
                "busco/blobpurge_test.filtered.bacteria_odb10_busco/run_bacteria_odb10",
                "busco/blobpurge_test.filtered.bacteria_odb10_busco/run_bacteria_odb10/.bbtools_output",
                "busco/blobpurge_test.filtered.bacteria_odb10_busco/run_bacteria_odb10/.bbtools_output/.checkpoint",
                "busco/blobpurge_test.filtered.bacteria_odb10_busco/run_bacteria_odb10/busco_sequences",
                "busco/blobpurge_test.filtered.bacteria_odb10_busco/run_bacteria_odb10/busco_sequences/fragmented_busco_sequences",
                "busco/blobpurge_test.filtered.bacteria_odb10_busco/run_bacteria_odb10/busco_sequences/multi_copy_busco_sequences",
                "busco/blobpurge_test.filtered.bacteria_odb10_busco/run_bacteria_odb10/busco_sequences/single_copy_busco_sequences",
                "busco/blobpurge_test.filtered.bacteria_odb10_busco/run_bacteria_odb10/full_table.tsv",
                "busco/blobpurge_test.filtered.bacteria_odb10_busco/run_bacteria_odb10/hmmer_output",
                "busco/blobpurge_test.filtered.bacteria_odb10_busco/run_bacteria_odb10/hmmer_output/.checkpoint",
                "busco/blobpurge_test.filtered.bacteria_odb10_busco/run_bacteria_odb10/hmmer_output/1009041at2.out",
                "busco/blobpurge_test.filtered.bacteria_odb10_busco/run_bacteria_odb10/hmmer_output/1024388at2.out",
                "busco/blobpurge_test.filtered.bacteria_odb10_busco/run_bacteria_odb10/hmmer_output/1036075at2.out",
                "busco/blobpurge_test.filtered.bacteria_odb10_busco/run_bacteria_odb10/hmmer_output/1043239at2.out",
                "busco/blobpurge_test.filtered.bacteria_odb10_busco/run_bacteria_odb10/hmmer_output/1049662at2.out",
                "busco/blobpurge_test.filtered.bacteria_odb10_busco/run_bacteria_odb10/hmmer_output/1054741at2.out",
                "busco/blobpurge_test.filtered.bacteria_odb10_busco/run_bacteria_odb10/hmmer_output/1069591at2.out",
                "busco/blobpurge_test.filtered.bacteria_odb10_busco/run_bacteria_odb10/hmmer_output/1074831at2.out",
                "busco/blobpurge_test.filtered.bacteria_odb10_busco/run_bacteria_odb10/hmmer_output/1080436at2.out",
                "busco/blobpurge_test.filtered.bacteria_odb10_busco/run_bacteria_odb10/hmmer_output/1093223at2.out",
                "busco/blobpurge_test.filtered.bacteria_odb10_busco/run_bacteria_odb10/hmmer_output/1132353at2.out",
                "busco/blobpurge_test.filtered.bacteria_odb10_busco/run_bacteria_odb10/hmmer_output/1151822at2.out",
                "busco/blobpurge_test.filtered.bacteria_odb10_busco/run_bacteria_odb10/hmmer_output/1166299at2.out",
                "busco/blobpurge_test.filtered.bacteria_odb10_busco/run_bacteria_odb10/hmmer_output/1211060at2.out",
                "busco/blobpurge_test.filtered.bacteria_odb10_busco/run_bacteria_odb10/hmmer_output/1257362at2.out",
                "busco/blobpurge_test.filtered.bacteria_odb10_busco/run_bacteria_odb10/hmmer_output/1266295at2.out",
                "busco/blobpurge_test.filtered.bacteria_odb10_busco/run_bacteria_odb10/hmmer_output/1270636at2.out",
                "busco/blobpurge_test.filtered.bacteria_odb10_busco/run_bacteria_odb10/hmmer_output/1272633at2.out",
                "busco/blobpurge_test.filtered.bacteria_odb10_busco/run_bacteria_odb10/hmmer_output/1346419at2.out",
                "busco/blobpurge_test.filtered.bacteria_odb10_busco/run_bacteria_odb10/hmmer_output/1395197at2.out",
                "busco/blobpurge_test.filtered.bacteria_odb10_busco/run_bacteria_odb10/hmmer_output/1398618at2.out",
                "busco/blobpurge_test.filtered.bacteria_odb10_busco/run_bacteria_odb10/hmmer_output/1419877at2.out",
                "busco/blobpurge_test.filtered.bacteria_odb10_busco/run_bacteria_odb10/hmmer_output/143460at2.out",
                "busco/blobpurge_test.filtered.bacteria_odb10_busco/run_bacteria_odb10/hmmer_output/1456375at2.out",
                "busco/blobpurge_test.filtered.bacteria_odb10_busco/run_bacteria_odb10/hmmer_output/1470978at2.out",
                "busco/blobpurge_test.filtered.bacteria_odb10_busco/run_bacteria_odb10/hmmer_output/1490892at2.out",
                "busco/blobpurge_test.filtered.bacteria_odb10_busco/run_bacteria_odb10/hmmer_output/1491686at2.out",
                "busco/blobpurge_test.filtered.bacteria_odb10_busco/run_bacteria_odb10/hmmer_output/1497415at2.out",
                "busco/blobpurge_test.filtered.bacteria_odb10_busco/run_bacteria_odb10/hmmer_output/1502854at2.out",
                "busco/blobpurge_test.filtered.bacteria_odb10_busco/run_bacteria_odb10/hmmer_output/1504821at2.out",
                "busco/blobpurge_test.filtered.bacteria_odb10_busco/run_bacteria_odb10/hmmer_output/1505038at2.out",
                "busco/blobpurge_test.filtered.bacteria_odb10_busco/run_bacteria_odb10/hmmer_output/1540940at2.out",
                "busco/blobpurge_test.filtered.bacteria_odb10_busco/run_bacteria_odb10/hmmer_output/1567535at2.out",
                "busco/blobpurge_test.filtered.bacteria_odb10_busco/run_bacteria_odb10/hmmer_output/1572673at2.out",
                "busco/blobpurge_test.filtered.bacteria_odb10_busco/run_bacteria_odb10/hmmer_output/1574817at2.out",
                "busco/blobpurge_test.filtered.bacteria_odb10_busco/run_bacteria_odb10/hmmer_output/1590629at2.out",
                "busco/blobpurge_test.filtered.bacteria_odb10_busco/run_bacteria_odb10/hmmer_output/1592033at2.out",
                "busco/blobpurge_test.filtered.bacteria_odb10_busco/run_bacteria_odb10/hmmer_output/1595498at2.out",
                "busco/blobpurge_test.filtered.bacteria_odb10_busco/run_bacteria_odb10/hmmer_output/1623045at2.out",
                "busco/blobpurge_test.filtered.bacteria_odb10_busco/run_bacteria_odb10/hmmer_output/1661836at2.out",
                "busco/blobpurge_test.filtered.bacteria_odb10_busco/run_bacteria_odb10/hmmer_output/1666043at2.out",
                "busco/blobpurge_test.filtered.bacteria_odb10_busco/run_bacteria_odb10/hmmer_output/1671455at2.out",
                "busco/blobpurge_test.filtered.bacteria_odb10_busco/run_bacteria_odb10/hmmer_output/1674344at2.out",
                "busco/blobpurge_test.filtered.bacteria_odb10_busco/run_bacteria_odb10/hmmer_output/1676462at2.out",
                "busco/blobpurge_test.filtered.bacteria_odb10_busco/run_bacteria_odb10/hmmer_output/1692188at2.out",
                "busco/blobpurge_test.filtered.bacteria_odb10_busco/run_bacteria_odb10/hmmer_output/1698718at2.out",
                "busco/blobpurge_test.filtered.bacteria_odb10_busco/run_bacteria_odb10/hmmer_output/1701531at2.out",
                "busco/blobpurge_test.filtered.bacteria_odb10_busco/run_bacteria_odb10/hmmer_output/1702697at2.out",
                "busco/blobpurge_test.filtered.bacteria_odb10_busco/run_bacteria_odb10/hmmer_output/1707228at2.out",
                "busco/blobpurge_test.filtered.bacteria_odb10_busco/run_bacteria_odb10/hmmer_output/1713391at2.out",
                "busco/blobpurge_test.filtered.bacteria_odb10_busco/run_bacteria_odb10/hmmer_output/1720952at2.out",
                "busco/blobpurge_test.filtered.bacteria_odb10_busco/run_bacteria_odb10/hmmer_output/1758685at2.out",
                "busco/blobpurge_test.filtered.bacteria_odb10_busco/run_bacteria_odb10/hmmer_output/1760144at2.out",
                "busco/blobpurge_test.filtered.bacteria_odb10_busco/run_bacteria_odb10/hmmer_output/1766414at2.out",
                "busco/blobpurge_test.filtered.bacteria_odb10_busco/run_bacteria_odb10/hmmer_output/1772647at2.out",
                "busco/blobpurge_test.filtered.bacteria_odb10_busco/run_bacteria_odb10/hmmer_output/1776954at2.out",
                "busco/blobpurge_test.filtered.bacteria_odb10_busco/run_bacteria_odb10/hmmer_output/1786618at2.out",
                "busco/blobpurge_test.filtered.bacteria_odb10_busco/run_bacteria_odb10/hmmer_output/1799923at2.out",
                "busco/blobpurge_test.filtered.bacteria_odb10_busco/run_bacteria_odb10/hmmer_output/182107at2.out",
                "busco/blobpurge_test.filtered.bacteria_odb10_busco/run_bacteria_odb10/hmmer_output/1822215at2.out",
                "busco/blobpurge_test.filtered.bacteria_odb10_busco/run_bacteria_odb10/hmmer_output/1822695at2.out",
                "busco/blobpurge_test.filtered.bacteria_odb10_busco/run_bacteria_odb10/hmmer_output/1827295at2.out",
                "busco/blobpurge_test.filtered.bacteria_odb10_busco/run_bacteria_odb10/hmmer_output/1827334at2.out",
                "busco/blobpurge_test.filtered.bacteria_odb10_busco/run_bacteria_odb10/hmmer_output/1830156at2.out",
                "busco/blobpurge_test.filtered.bacteria_odb10_busco/run_bacteria_odb10/hmmer_output/1838961at2.out",
                "busco/blobpurge_test.filtered.bacteria_odb10_busco/run_bacteria_odb10/hmmer_output/1842956at2.out",
                "busco/blobpurge_test.filtered.bacteria_odb10_busco/run_bacteria_odb10/hmmer_output/1844275at2.out",
                "busco/blobpurge_test.filtered.bacteria_odb10_busco/run_bacteria_odb10/hmmer_output/1846503at2.out",
                "busco/blobpurge_test.filtered.bacteria_odb10_busco/run_bacteria_odb10/hmmer_output/1874945at2.out",
                "busco/blobpurge_test.filtered.bacteria_odb10_busco/run_bacteria_odb10/hmmer_output/1890943at2.out",
                "busco/blobpurge_test.filtered.bacteria_odb10_busco/run_bacteria_odb10/hmmer_output/1893906at2.out",
                "busco/blobpurge_test.filtered.bacteria_odb10_busco/run_bacteria_odb10/hmmer_output/1904463at2.out",
                "busco/blobpurge_test.filtered.bacteria_odb10_busco/run_bacteria_odb10/hmmer_output/1906715at2.out",
                "busco/blobpurge_test.filtered.bacteria_odb10_busco/run_bacteria_odb10/hmmer_output/1932144at2.out",
                "busco/blobpurge_test.filtered.bacteria_odb10_busco/run_bacteria_odb10/hmmer_output/1937072at2.out",
                "busco/blobpurge_test.filtered.bacteria_odb10_busco/run_bacteria_odb10/hmmer_output/1937493at2.out",
                "busco/blobpurge_test.filtered.bacteria_odb10_busco/run_bacteria_odb10/hmmer_output/1940575at2.out",
                "busco/blobpurge_test.filtered.bacteria_odb10_busco/run_bacteria_odb10/hmmer_output/1949059at2.out",
                "busco/blobpurge_test.filtered.bacteria_odb10_busco/run_bacteria_odb10/hmmer_output/1959318at2.out",
                "busco/blobpurge_test.filtered.bacteria_odb10_busco/run_bacteria_odb10/hmmer_output/1963491at2.out",
                "busco/blobpurge_test.filtered.bacteria_odb10_busco/run_bacteria_odb10/hmmer_output/1971380at2.out",
                "busco/blobpurge_test.filtered.bacteria_odb10_busco/run_bacteria_odb10/hmmer_output/1978865at2.out",
                "busco/blobpurge_test.filtered.bacteria_odb10_busco/run_bacteria_odb10/hmmer_output/1990141at2.out",
                "busco/blobpurge_test.filtered.bacteria_odb10_busco/run_bacteria_odb10/hmmer_output/1990650at2.out",
                "busco/blobpurge_test.filtered.bacteria_odb10_busco/run_bacteria_odb10/hmmer_output/2005443at2.out",
                "busco/blobpurge_test.filtered.bacteria_odb10_busco/run_bacteria_odb10/hmmer_output/2012682at2.out",
                "busco/blobpurge_test.filtered.bacteria_odb10_busco/run_bacteria_odb10/hmmer_output/2035880at2.out",
                "busco/blobpurge_test.filtered.bacteria_odb10_busco/run_bacteria_odb10/hmmer_output/2040741at2.out",
                "busco/blobpurge_test.filtered.bacteria_odb10_busco/run_bacteria_odb10/hmmer_output/2046660at2.out",
                "busco/blobpurge_test.filtered.bacteria_odb10_busco/run_bacteria_odb10/hmmer_output/2063644at2.out",
                "busco/blobpurge_test.filtered.bacteria_odb10_busco/run_bacteria_odb10/hmmer_output/2066663at2.out",
                "busco/blobpurge_test.filtered.bacteria_odb10_busco/run_bacteria_odb10/hmmer_output/2075502at2.out",
                "busco/blobpurge_test.filtered.bacteria_odb10_busco/run_bacteria_odb10/hmmer_output/219876at2.out",
                "busco/blobpurge_test.filtered.bacteria_odb10_busco/run_bacteria_odb10/hmmer_output/223233at2.out",
                "busco/blobpurge_test.filtered.bacteria_odb10_busco/run_bacteria_odb10/hmmer_output/226836at2.out",
                "busco/blobpurge_test.filtered.bacteria_odb10_busco/run_bacteria_odb10/hmmer_output/232152at2.out",
                "busco/blobpurge_test.filtered.bacteria_odb10_busco/run_bacteria_odb10/hmmer_output/26038at2.out",
                "busco/blobpurge_test.filtered.bacteria_odb10_busco/run_bacteria_odb10/hmmer_output/267682at2.out",
                "busco/blobpurge_test.filtered.bacteria_odb10_busco/run_bacteria_odb10/hmmer_output/353391at2.out",
                "busco/blobpurge_test.filtered.bacteria_odb10_busco/run_bacteria_odb10/hmmer_output/384865at2.out",
                "busco/blobpurge_test.filtered.bacteria_odb10_busco/run_bacteria_odb10/hmmer_output/402899at2.out",
                "busco/blobpurge_test.filtered.bacteria_odb10_busco/run_bacteria_odb10/hmmer_output/430176at2.out",
                "busco/blobpurge_test.filtered.bacteria_odb10_busco/run_bacteria_odb10/hmmer_output/4421at2.out",
                "busco/blobpurge_test.filtered.bacteria_odb10_busco/run_bacteria_odb10/hmmer_output/462069at2.out",
                "busco/blobpurge_test.filtered.bacteria_odb10_busco/run_bacteria_odb10/hmmer_output/469058at2.out",
                "busco/blobpurge_test.filtered.bacteria_odb10_busco/run_bacteria_odb10/hmmer_output/504464at2.out",
                "busco/blobpurge_test.filtered.bacteria_odb10_busco/run_bacteria_odb10/hmmer_output/505485at2.out",
                "busco/blobpurge_test.filtered.bacteria_odb10_busco/run_bacteria_odb10/hmmer_output/533698at2.out",
                "busco/blobpurge_test.filtered.bacteria_odb10_busco/run_bacteria_odb10/hmmer_output/662686at2.out",
                "busco/blobpurge_test.filtered.bacteria_odb10_busco/run_bacteria_odb10/hmmer_output/665824at2.out",
                "busco/blobpurge_test.filtered.bacteria_odb10_busco/run_bacteria_odb10/hmmer_output/761140at2.out",
                "busco/blobpurge_test.filtered.bacteria_odb10_busco/run_bacteria_odb10/hmmer_output/776861at2.out",
                "busco/blobpurge_test.filtered.bacteria_odb10_busco/run_bacteria_odb10/hmmer_output/837522at2.out",
                "busco/blobpurge_test.filtered.bacteria_odb10_busco/run_bacteria_odb10/hmmer_output/841869at2.out",
                "busco/blobpurge_test.filtered.bacteria_odb10_busco/run_bacteria_odb10/hmmer_output/874197at2.out",
                "busco/blobpurge_test.filtered.bacteria_odb10_busco/run_bacteria_odb10/hmmer_output/91428at2.out",
                "busco/blobpurge_test.filtered.bacteria_odb10_busco/run_bacteria_odb10/hmmer_output/923547at2.out",
                "busco/blobpurge_test.filtered.bacteria_odb10_busco/run_bacteria_odb10/hmmer_output/932854at2.out",
                "busco/blobpurge_test.filtered.bacteria_odb10_busco/run_bacteria_odb10/hmmer_output/932993at2.out",
                "busco/blobpurge_test.filtered.bacteria_odb10_busco/run_bacteria_odb10/hmmer_output/95696at2.out",
                "busco/blobpurge_test.filtered.bacteria_odb10_busco/run_bacteria_odb10/hmmer_output/9601at2.out",
                "busco/blobpurge_test.filtered.bacteria_odb10_busco/run_bacteria_odb10/hmmer_output/961486at2.out",
                "busco/blobpurge_test.filtered.bacteria_odb10_busco/run_bacteria_odb10/hmmer_output/981870at2.out",
                "busco/blobpurge_test.filtered.bacteria_odb10_busco/run_bacteria_odb10/hmmer_output/984717at2.out",
                "busco/blobpurge_test.filtered.bacteria_odb10_busco/run_bacteria_odb10/missing_busco_list.tsv",
                "busco/blobpurge_test.filtered.bacteria_odb10_busco/run_bacteria_odb10/short_summary.json",
                "busco/blobpurge_test.filtered.bacteria_odb10_busco/run_bacteria_odb10/short_summary.txt",
                "busco/blobpurge_test.filtered.bacteria_odb10_busco/short_summary.specific.bacteria_odb10.blobpurge_test.filtered.bacteria_odb10.txt",
                "busco/blobpurge_test.purge_dups.bacteria_odb10.short_summary.json",
                "busco/blobpurge_test.purge_dups.bacteria_odb10_busco",
                "busco/blobpurge_test.purge_dups.bacteria_odb10_busco/logs",
                "busco/blobpurge_test.purge_dups.bacteria_odb10_busco/logs/bbtools_err.log",
                "busco/blobpurge_test.purge_dups.bacteria_odb10_busco/logs/bbtools_out.log",
                "busco/blobpurge_test.purge_dups.bacteria_odb10_busco/logs/busco.log",
                "busco/blobpurge_test.purge_dups.bacteria_odb10_busco/logs/hmmsearch_err.log",
                "busco/blobpurge_test.purge_dups.bacteria_odb10_busco/logs/hmmsearch_out.log",
                "busco/blobpurge_test.purge_dups.bacteria_odb10_busco/logs/prodigal_err.log",
                "busco/blobpurge_test.purge_dups.bacteria_odb10_busco/logs/prodigal_out.log",
                "busco/blobpurge_test.purge_dups.bacteria_odb10_busco/prodigal_output",
                "busco/blobpurge_test.purge_dups.bacteria_odb10_busco/prodigal_output/.checkpoint",
                "busco/blobpurge_test.purge_dups.bacteria_odb10_busco/prodigal_output/predicted_genes",
                "busco/blobpurge_test.purge_dups.bacteria_odb10_busco/prodigal_output/predicted_genes/predicted.faa",
                "busco/blobpurge_test.purge_dups.bacteria_odb10_busco/prodigal_output/predicted_genes/predicted.fna",
                "busco/blobpurge_test.purge_dups.bacteria_odb10_busco/prodigal_output/predicted_genes/tmp",
                "busco/blobpurge_test.purge_dups.bacteria_odb10_busco/prodigal_output/predicted_genes/tmp/prodigal_mode_meta_code_11.faa",
                "busco/blobpurge_test.purge_dups.bacteria_odb10_busco/prodigal_output/predicted_genes/tmp/prodigal_mode_meta_code_11.fna",
                "busco/blobpurge_test.purge_dups.bacteria_odb10_busco/prodigal_output/predicted_genes/tmp/prodigal_mode_meta_code_11_err.log",
                "busco/blobpurge_test.purge_dups.bacteria_odb10_busco/prodigal_output/predicted_genes/tmp/prodigal_mode_meta_code_11_out.log",
                "busco/blobpurge_test.purge_dups.bacteria_odb10_busco/prodigal_output/predicted_genes/tmp/prodigal_mode_meta_code_4.faa",
                "busco/blobpurge_test.purge_dups.bacteria_odb10_busco/prodigal_output/predicted_genes/tmp/prodigal_mode_meta_code_4.fna",
                "busco/blobpurge_test.purge_dups.bacteria_odb10_busco/prodigal_output/predicted_genes/tmp/prodigal_mode_meta_code_4_err.log",
                "busco/blobpurge_test.purge_dups.bacteria_odb10_busco/prodigal_output/predicted_genes/tmp/prodigal_mode_meta_code_4_out.log",
                "busco/blobpurge_test.purge_dups.bacteria_odb10_busco/run_bacteria_odb10",
                "busco/blobpurge_test.purge_dups.bacteria_odb10_busco/run_bacteria_odb10/.bbtools_output",
                "busco/blobpurge_test.purge_dups.bacteria_odb10_busco/run_bacteria_odb10/.bbtools_output/.checkpoint",
                "busco/blobpurge_test.purge_dups.bacteria_odb10_busco/run_bacteria_odb10/busco_sequences",
                "busco/blobpurge_test.purge_dups.bacteria_odb10_busco/run_bacteria_odb10/busco_sequences/fragmented_busco_sequences",
                "busco/blobpurge_test.purge_dups.bacteria_odb10_busco/run_bacteria_odb10/busco_sequences/multi_copy_busco_sequences",
                "busco/blobpurge_test.purge_dups.bacteria_odb10_busco/run_bacteria_odb10/busco_sequences/single_copy_busco_sequences",
                "busco/blobpurge_test.purge_dups.bacteria_odb10_busco/run_bacteria_odb10/full_table.tsv",
                "busco/blobpurge_test.purge_dups.bacteria_odb10_busco/run_bacteria_odb10/hmmer_output",
                "busco/blobpurge_test.purge_dups.bacteria_odb10_busco/run_bacteria_odb10/hmmer_output/.checkpoint",
                "busco/blobpurge_test.purge_dups.bacteria_odb10_busco/run_bacteria_odb10/hmmer_output/1009041at2.out",
                "busco/blobpurge_test.purge_dups.bacteria_odb10_busco/run_bacteria_odb10/hmmer_output/1024388at2.out",
                "busco/blobpurge_test.purge_dups.bacteria_odb10_busco/run_bacteria_odb10/hmmer_output/1036075at2.out",
                "busco/blobpurge_test.purge_dups.bacteria_odb10_busco/run_bacteria_odb10/hmmer_output/1043239at2.out",
                "busco/blobpurge_test.purge_dups.bacteria_odb10_busco/run_bacteria_odb10/hmmer_output/1049662at2.out",
                "busco/blobpurge_test.purge_dups.bacteria_odb10_busco/run_bacteria_odb10/hmmer_output/1054741at2.out",
                "busco/blobpurge_test.purge_dups.bacteria_odb10_busco/run_bacteria_odb10/hmmer_output/1069591at2.out",
                "busco/blobpurge_test.purge_dups.bacteria_odb10_busco/run_bacteria_odb10/hmmer_output/1074831at2.out",
                "busco/blobpurge_test.purge_dups.bacteria_odb10_busco/run_bacteria_odb10/hmmer_output/1080436at2.out",
                "busco/blobpurge_test.purge_dups.bacteria_odb10_busco/run_bacteria_odb10/hmmer_output/1093223at2.out",
                "busco/blobpurge_test.purge_dups.bacteria_odb10_busco/run_bacteria_odb10/hmmer_output/1132353at2.out",
                "busco/blobpurge_test.purge_dups.bacteria_odb10_busco/run_bacteria_odb10/hmmer_output/1151822at2.out",
                "busco/blobpurge_test.purge_dups.bacteria_odb10_busco/run_bacteria_odb10/hmmer_output/1166299at2.out",
                "busco/blobpurge_test.purge_dups.bacteria_odb10_busco/run_bacteria_odb10/hmmer_output/1211060at2.out",
                "busco/blobpurge_test.purge_dups.bacteria_odb10_busco/run_bacteria_odb10/hmmer_output/1257362at2.out",
                "busco/blobpurge_test.purge_dups.bacteria_odb10_busco/run_bacteria_odb10/hmmer_output/1266295at2.out",
                "busco/blobpurge_test.purge_dups.bacteria_odb10_busco/run_bacteria_odb10/hmmer_output/1270636at2.out",
                "busco/blobpurge_test.purge_dups.bacteria_odb10_busco/run_bacteria_odb10/hmmer_output/1272633at2.out",
                "busco/blobpurge_test.purge_dups.bacteria_odb10_busco/run_bacteria_odb10/hmmer_output/1346419at2.out",
                "busco/blobpurge_test.purge_dups.bacteria_odb10_busco/run_bacteria_odb10/hmmer_output/1395197at2.out",
                "busco/blobpurge_test.purge_dups.bacteria_odb10_busco/run_bacteria_odb10/hmmer_output/1398618at2.out",
                "busco/blobpurge_test.purge_dups.bacteria_odb10_busco/run_bacteria_odb10/hmmer_output/1419877at2.out",
                "busco/blobpurge_test.purge_dups.bacteria_odb10_busco/run_bacteria_odb10/hmmer_output/143460at2.out",
                "busco/blobpurge_test.purge_dups.bacteria_odb10_busco/run_bacteria_odb10/hmmer_output/1456375at2.out",
                "busco/blobpurge_test.purge_dups.bacteria_odb10_busco/run_bacteria_odb10/hmmer_output/1470978at2.out",
                "busco/blobpurge_test.purge_dups.bacteria_odb10_busco/run_bacteria_odb10/hmmer_output/1490892at2.out",
                "busco/blobpurge_test.purge_dups.bacteria_odb10_busco/run_bacteria_odb10/hmmer_output/1491686at2.out",
                "busco/blobpurge_test.purge_dups.bacteria_odb10_busco/run_bacteria_odb10/hmmer_output/1497415at2.out",
                "busco/blobpurge_test.purge_dups.bacteria_odb10_busco/run_bacteria_odb10/hmmer_output/1502854at2.out",
                "busco/blobpurge_test.purge_dups.bacteria_odb10_busco/run_bacteria_odb10/hmmer_output/1504821at2.out",
                "busco/blobpurge_test.purge_dups.bacteria_odb10_busco/run_bacteria_odb10/hmmer_output/1505038at2.out",
                "busco/blobpurge_test.purge_dups.bacteria_odb10_busco/run_bacteria_odb10/hmmer_output/1540940at2.out",
                "busco/blobpurge_test.purge_dups.bacteria_odb10_busco/run_bacteria_odb10/hmmer_output/1567535at2.out",
                "busco/blobpurge_test.purge_dups.bacteria_odb10_busco/run_bacteria_odb10/hmmer_output/1572673at2.out",
                "busco/blobpurge_test.purge_dups.bacteria_odb10_busco/run_bacteria_odb10/hmmer_output/1574817at2.out",
                "busco/blobpurge_test.purge_dups.bacteria_odb10_busco/run_bacteria_odb10/hmmer_output/1590629at2.out",
                "busco/blobpurge_test.purge_dups.bacteria_odb10_busco/run_bacteria_odb10/hmmer_output/1592033at2.out",
                "busco/blobpurge_test.purge_dups.bacteria_odb10_busco/run_bacteria_odb10/hmmer_output/1595498at2.out",
                "busco/blobpurge_test.purge_dups.bacteria_odb10_busco/run_bacteria_odb10/hmmer_output/1623045at2.out",
                "busco/blobpurge_test.purge_dups.bacteria_odb10_busco/run_bacteria_odb10/hmmer_output/1661836at2.out",
                "busco/blobpurge_test.purge_dups.bacteria_odb10_busco/run_bacteria_odb10/hmmer_output/1666043at2.out",
                "busco/blobpurge_test.purge_dups.bacteria_odb10_busco/run_bacteria_odb10/hmmer_output/1671455at2.out",
                "busco/blobpurge_test.purge_dups.bacteria_odb10_busco/run_bacteria_odb10/hmmer_output/1674344at2.out",
                "busco/blobpurge_test.purge_dups.bacteria_odb10_busco/run_bacteria_odb10/hmmer_output/1676462at2.out",
                "busco/blobpurge_test.purge_dups.bacteria_odb10_busco/run_bacteria_odb10/hmmer_output/1692188at2.out",
                "busco/blobpurge_test.purge_dups.bacteria_odb10_busco/run_bacteria_odb10/hmmer_output/1698718at2.out",
                "busco/blobpurge_test.purge_dups.bacteria_odb10_busco/run_bacteria_odb10/hmmer_output/1701531at2.out",
                "busco/blobpurge_test.purge_dups.bacteria_odb10_busco/run_bacteria_odb10/hmmer_output/1702697at2.out",
                "busco/blobpurge_test.purge_dups.bacteria_odb10_busco/run_bacteria_odb10/hmmer_output/1707228at2.out",
                "busco/blobpurge_test.purge_dups.bacteria_odb10_busco/run_bacteria_odb10/hmmer_output/1713391at2.out",
                "busco/blobpurge_test.purge_dups.bacteria_odb10_busco/run_bacteria_odb10/hmmer_output/1720952at2.out",
                "busco/blobpurge_test.purge_dups.bacteria_odb10_busco/run_bacteria_odb10/hmmer_output/1758685at2.out",
                "busco/blobpurge_test.purge_dups.bacteria_odb10_busco/run_bacteria_odb10/hmmer_output/1760144at2.out",
                "busco/blobpurge_test.purge_dups.bacteria_odb10_busco/run_bacteria_odb10/hmmer_output/1766414at2.out",
                "busco/blobpurge_test.purge_dups.bacteria_odb10_busco/run_bacteria_odb10/hmmer_output/1772647at2.out",
                "busco/blobpurge_test.purge_dups.bacteria_odb10_busco/run_bacteria_odb10/hmmer_output/1776954at2.out",
                "busco/blobpurge_test.purge_dups.bacteria_odb10_busco/run_bacteria_odb10/hmmer_output/1786618at2.out",
                "busco/blobpurge_test.purge_dups.bacteria_odb10_busco/run_bacteria_odb10/hmmer_output/1799923at2.out",
                "busco/blobpurge_test.purge_dups.bacteria_odb10_busco/run_bacteria_odb10/hmmer_output/182107at2.out",
                "busco/blobpurge_test.purge_dups.bacteria_odb10_busco/run_bacteria_odb10/hmmer_output/1822215at2.out",
                "busco/blobpurge_test.purge_dups.bacteria_odb10_busco/run_bacteria_odb10/hmmer_output/1822695at2.out",
                "busco/blobpurge_test.purge_dups.bacteria_odb10_busco/run_bacteria_odb10/hmmer_output/1827295at2.out",
                "busco/blobpurge_test.purge_dups.bacteria_odb10_busco/run_bacteria_odb10/hmmer_output/1827334at2.out",
                "busco/blobpurge_test.purge_dups.bacteria_odb10_busco/run_bacteria_odb10/hmmer_output/1830156at2.out",
                "busco/blobpurge_test.purge_dups.bacteria_odb10_busco/run_bacteria_odb10/hmmer_output/1838961at2.out",
                "busco/blobpurge_test.purge_dups.bacteria_odb10_busco/run_bacteria_odb10/hmmer_output/1842956at2.out",
                "busco/blobpurge_test.purge_dups.bacteria_odb10_busco/run_bacteria_odb10/hmmer_output/1844275at2.out",
                "busco/blobpurge_test.purge_dups.bacteria_odb10_busco/run_bacteria_odb10/hmmer_output/1846503at2.out",
                "busco/blobpurge_test.purge_dups.bacteria_odb10_busco/run_bacteria_odb10/hmmer_output/1874945at2.out",
                "busco/blobpurge_test.purge_dups.bacteria_odb10_busco/run_bacteria_odb10/hmmer_output/1890943at2.out",
                "busco/blobpurge_test.purge_dups.bacteria_odb10_busco/run_bacteria_odb10/hmmer_output/1893906at2.out",
                "busco/blobpurge_test.purge_dups.bacteria_odb10_busco/run_bacteria_odb10/hmmer_output/1904463at2.out",
                "busco/blobpurge_test.purge_dups.bacteria_odb10_busco/run_bacteria_odb10/hmmer_output/1906715at2.out",
                "busco/blobpurge_test.purge_dups.bacteria_odb10_busco/run_bacteria_odb10/hmmer_output/1932144at2.out",
                "busco/blobpurge_test.purge_dups.bacteria_odb10_busco/run_bacteria_odb10/hmmer_output/1937072at2.out",
                "busco/blobpurge_test.purge_dups.bacteria_odb10_busco/run_bacteria_odb10/hmmer_output/1937493at2.out",
                "busco/blobpurge_test.purge_dups.bacteria_odb10_busco/run_bacteria_odb10/hmmer_output/1940575at2.out",
                "busco/blobpurge_test.purge_dups.bacteria_odb10_busco/run_bacteria_odb10/hmmer_output/1949059at2.out",
                "busco/blobpurge_test.purge_dups.bacteria_odb10_busco/run_bacteria_odb10/hmmer_output/1959318at2.out",
                "busco/blobpurge_test.purge_dups.bacteria_odb10_busco/run_bacteria_odb10/hmmer_output/1963491at2.out",
                "busco/blobpurge_test.purge_dups.bacteria_odb10_busco/run_bacteria_odb10/hmmer_output/1971380at2.out",
                "busco/blobpurge_test.purge_dups.bacteria_odb10_busco/run_bacteria_odb10/hmmer_output/1978865at2.out",
                "busco/blobpurge_test.purge_dups.bacteria_odb10_busco/run_bacteria_odb10/hmmer_output/1990141at2.out",
                "busco/blobpurge_test.purge_dups.bacteria_odb10_busco/run_bacteria_odb10/hmmer_output/1990650at2.out",
                "busco/blobpurge_test.purge_dups.bacteria_odb10_busco/run_bacteria_odb10/hmmer_output/2005443at2.out",
                "busco/blobpurge_test.purge_dups.bacteria_odb10_busco/run_bacteria_odb10/hmmer_output/2012682at2.out",
                "busco/blobpurge_test.purge_dups.bacteria_odb10_busco/run_bacteria_odb10/hmmer_output/2035880at2.out",
                "busco/blobpurge_test.purge_dups.bacteria_odb10_busco/run_bacteria_odb10/hmmer_output/2040741at2.out",
                "busco/blobpurge_test.purge_dups.bacteria_odb10_busco/run_bacteria_odb10/hmmer_output/2046660at2.out",
                "busco/blobpurge_test.purge_dups.bacteria_odb10_busco/run_bacteria_odb10/hmmer_output/2063644at2.out",
                "busco/blobpurge_test.purge_dups.bacteria_odb10_busco/run_bacteria_odb10/hmmer_output/2066663at2.out",
                "busco/blobpurge_test.purge_dups.bacteria_odb10_busco/run_bacteria_odb10/hmmer_output/2075502at2.out",
                "busco/blobpurge_test.purge_dups.bacteria_odb10_busco/run_bacteria_odb10/hmmer_output/219876at2.out",
                "busco/blobpurge_test.purge_dups.bacteria_odb10_busco/run_bacteria_odb10/hmmer_output/223233at2.out",
                "busco/blobpurge_test.purge_dups.bacteria_odb10_busco/run_bacteria_odb10/hmmer_output/226836at2.out",
                "busco/blobpurge_test.purge_dups.bacteria_odb10_busco/run_bacteria_odb10/hmmer_output/232152at2.out",
                "busco/blobpurge_test.purge_dups.bacteria_odb10_busco/run_bacteria_odb10/hmmer_output/26038at2.out",
                "busco/blobpurge_test.purge_dups.bacteria_odb10_busco/run_bacteria_odb10/hmmer_output/267682at2.out",
                "busco/blobpurge_test.purge_dups.bacteria_odb10_busco/run_bacteria_odb10/hmmer_output/353391at2.out",
                "busco/blobpurge_test.purge_dups.bacteria_odb10_busco/run_bacteria_odb10/hmmer_output/384865at2.out",
                "busco/blobpurge_test.purge_dups.bacteria_odb10_busco/run_bacteria_odb10/hmmer_output/402899at2.out",
                "busco/blobpurge_test.purge_dups.bacteria_odb10_busco/run_bacteria_odb10/hmmer_output/430176at2.out",
                "busco/blobpurge_test.purge_dups.bacteria_odb10_busco/run_bacteria_odb10/hmmer_output/4421at2.out",
                "busco/blobpurge_test.purge_dups.bacteria_odb10_busco/run_bacteria_odb10/hmmer_output/462069at2.out",
                "busco/blobpurge_test.purge_dups.bacteria_odb10_busco/run_bacteria_odb10/hmmer_output/469058at2.out",
                "busco/blobpurge_test.purge_dups.bacteria_odb10_busco/run_bacteria_odb10/hmmer_output/504464at2.out",
                "busco/blobpurge_test.purge_dups.bacteria_odb10_busco/run_bacteria_odb10/hmmer_output/505485at2.out",
                "busco/blobpurge_test.purge_dups.bacteria_odb10_busco/run_bacteria_odb10/hmmer_output/533698at2.out",
                "busco/blobpurge_test.purge_dups.bacteria_odb10_busco/run_bacteria_odb10/hmmer_output/662686at2.out",
                "busco/blobpurge_test.purge_dups.bacteria_odb10_busco/run_bacteria_odb10/hmmer_output/665824at2.out",
                "busco/blobpurge_test.purge_dups.bacteria_odb10_busco/run_bacteria_odb10/hmmer_output/761140at2.out",
                "busco/blobpurge_test.purge_dups.bacteria_odb10_busco/run_bacteria_odb10/hmmer_output/776861at2.out",
                "busco/blobpurge_test.purge_dups.bacteria_odb10_busco/run_bacteria_odb10/hmmer_output/837522at2.out",
                "busco/blobpurge_test.purge_dups.bacteria_odb10_busco/run_bacteria_odb10/hmmer_output/841869at2.out",
                "busco/blobpurge_test.purge_dups.bacteria_odb10_busco/run_bacteria_odb10/hmmer_output/874197at2.out",
                "busco/blobpurge_test.purge_dups.bacteria_odb10_busco/run_bacteria_odb10/hmmer_output/91428at2.out",
                "busco/blobpurge_test.purge_dups.bacteria_odb10_busco/run_bacteria_odb10/hmmer_output/923547at2.out",
                "busco/blobpurge_test.purge_dups.bacteria_odb10_busco/run_bacteria_odb10/hmmer_output/932854at2.out",
                "busco/blobpurge_test.purge_dups.bacteria_odb10_busco/run_bacteria_odb10/hmmer_output/932993at2.out",
                "busco/blobpurge_test.purge_dups.bacteria_odb10_busco/run_bacteria_odb10/hmmer_output/95696at2.out",
                "busco/blobpurge_test.purge_dups.bacteria_odb10_busco/run_bacteria_odb10/hmmer_output/9601at2.out",
                "busco/blobpurge_test.purge_dups.bacteria_odb10_busco/run_bacteria_odb10/hmmer_output/961486at2.out",
                "busco/blobpurge_test.purge_dups.bacteria_odb10_busco/run_bacteria_odb10/hmmer_output/981870at2.out",
                "busco/blobpurge_test.purge_dups.bacteria_odb10_busco/run_bacteria_odb10/hmmer_output/984717at2.out",
                "busco/blobpurge_test.purge_dups.bacteria_odb10_busco/run_bacteria_odb10/missing_busco_list.tsv",
                "busco/blobpurge_test.purge_dups.bacteria_odb10_busco/run_bacteria_odb10/short_summary.json",
                "busco/blobpurge_test.purge_dups.bacteria_odb10_busco/run_bacteria_odb10/short_summary.txt",
                "busco/blobpurge_test.purge_dups.bacteria_odb10_busco/short_summary.specific.bacteria_odb10.blobpurge_test.purge_dups.bacteria_odb10.txt",
                "busco/blobpurge_test.purge_haplotigs.bacteria_odb10.short_summary.json",
                "busco/blobpurge_test.purge_haplotigs.bacteria_odb10_busco",
                "busco/blobpurge_test.purge_haplotigs.bacteria_odb10_busco/logs",
                "busco/blobpurge_test.purge_haplotigs.bacteria_odb10_busco/logs/bbtools_err.log",
                "busco/blobpurge_test.purge_haplotigs.bacteria_odb10_busco/logs/bbtools_out.log",
                "busco/blobpurge_test.purge_haplotigs.bacteria_odb10_busco/logs/busco.log",
                "busco/blobpurge_test.purge_haplotigs.bacteria_odb10_busco/logs/hmmsearch_err.log",
                "busco/blobpurge_test.purge_haplotigs.bacteria_odb10_busco/logs/hmmsearch_out.log",
                "busco/blobpurge_test.purge_haplotigs.bacteria_odb10_busco/logs/prodigal_err.log",
                "busco/blobpurge_test.purge_haplotigs.bacteria_odb10_busco/logs/prodigal_out.log",
                "busco/blobpurge_test.purge_haplotigs.bacteria_odb10_busco/prodigal_output",
                "busco/blobpurge_test.purge_haplotigs.bacteria_odb10_busco/prodigal_output/.checkpoint",
                "busco/blobpurge_test.purge_haplotigs.bacteria_odb10_busco/prodigal_output/predicted_genes",
                "busco/blobpurge_test.purge_haplotigs.bacteria_odb10_busco/prodigal_output/predicted_genes/predicted.faa",
                "busco/blobpurge_test.purge_haplotigs.bacteria_odb10_busco/prodigal_output/predicted_genes/predicted.fna",
                "busco/blobpurge_test.purge_haplotigs.bacteria_odb10_busco/prodigal_output/predicted_genes/tmp",
                "busco/blobpurge_test.purge_haplotigs.bacteria_odb10_busco/prodigal_output/predicted_genes/tmp/prodigal_mode_meta_code_11.faa",
                "busco/blobpurge_test.purge_haplotigs.bacteria_odb10_busco/prodigal_output/predicted_genes/tmp/prodigal_mode_meta_code_11.fna",
                "busco/blobpurge_test.purge_haplotigs.bacteria_odb10_busco/prodigal_output/predicted_genes/tmp/prodigal_mode_meta_code_11_err.log",
                "busco/blobpurge_test.purge_haplotigs.bacteria_odb10_busco/prodigal_output/predicted_genes/tmp/prodigal_mode_meta_code_11_out.log",
                "busco/blobpurge_test.purge_haplotigs.bacteria_odb10_busco/prodigal_output/predicted_genes/tmp/prodigal_mode_meta_code_4.faa",
                "busco/blobpurge_test.purge_haplotigs.bacteria_odb10_busco/prodigal_output/predicted_genes/tmp/prodigal_mode_meta_code_4.fna",
                "busco/blobpurge_test.purge_haplotigs.bacteria_odb10_busco/prodigal_output/predicted_genes/tmp/prodigal_mode_meta_code_4_err.log",
                "busco/blobpurge_test.purge_haplotigs.bacteria_odb10_busco/prodigal_output/predicted_genes/tmp/prodigal_mode_meta_code_4_out.log",
                "busco/blobpurge_test.purge_haplotigs.bacteria_odb10_busco/run_bacteria_odb10",
                "busco/blobpurge_test.purge_haplotigs.bacteria_odb10_busco/run_bacteria_odb10/.bbtools_output",
                "busco/blobpurge_test.purge_haplotigs.bacteria_odb10_busco/run_bacteria_odb10/.bbtools_output/.checkpoint",
                "busco/blobpurge_test.purge_haplotigs.bacteria_odb10_busco/run_bacteria_odb10/busco_sequences",
                "busco/blobpurge_test.purge_haplotigs.bacteria_odb10_busco/run_bacteria_odb10/busco_sequences/fragmented_busco_sequences",
                "busco/blobpurge_test.purge_haplotigs.bacteria_odb10_busco/run_bacteria_odb10/busco_sequences/multi_copy_busco_sequences",
                "busco/blobpurge_test.purge_haplotigs.bacteria_odb10_busco/run_bacteria_odb10/busco_sequences/single_copy_busco_sequences",
                "busco/blobpurge_test.purge_haplotigs.bacteria_odb10_busco/run_bacteria_odb10/full_table.tsv",
                "busco/blobpurge_test.purge_haplotigs.bacteria_odb10_busco/run_bacteria_odb10/hmmer_output",
                "busco/blobpurge_test.purge_haplotigs.bacteria_odb10_busco/run_bacteria_odb10/hmmer_output/.checkpoint",
                "busco/blobpurge_test.purge_haplotigs.bacteria_odb10_busco/run_bacteria_odb10/hmmer_output/1009041at2.out",
                "busco/blobpurge_test.purge_haplotigs.bacteria_odb10_busco/run_bacteria_odb10/hmmer_output/1024388at2.out",
                "busco/blobpurge_test.purge_haplotigs.bacteria_odb10_busco/run_bacteria_odb10/hmmer_output/1036075at2.out",
                "busco/blobpurge_test.purge_haplotigs.bacteria_odb10_busco/run_bacteria_odb10/hmmer_output/1043239at2.out",
                "busco/blobpurge_test.purge_haplotigs.bacteria_odb10_busco/run_bacteria_odb10/hmmer_output/1049662at2.out",
                "busco/blobpurge_test.purge_haplotigs.bacteria_odb10_busco/run_bacteria_odb10/hmmer_output/1054741at2.out",
                "busco/blobpurge_test.purge_haplotigs.bacteria_odb10_busco/run_bacteria_odb10/hmmer_output/1069591at2.out",
                "busco/blobpurge_test.purge_haplotigs.bacteria_odb10_busco/run_bacteria_odb10/hmmer_output/1074831at2.out",
                "busco/blobpurge_test.purge_haplotigs.bacteria_odb10_busco/run_bacteria_odb10/hmmer_output/1080436at2.out",
                "busco/blobpurge_test.purge_haplotigs.bacteria_odb10_busco/run_bacteria_odb10/hmmer_output/1093223at2.out",
                "busco/blobpurge_test.purge_haplotigs.bacteria_odb10_busco/run_bacteria_odb10/hmmer_output/1132353at2.out",
                "busco/blobpurge_test.purge_haplotigs.bacteria_odb10_busco/run_bacteria_odb10/hmmer_output/1151822at2.out",
                "busco/blobpurge_test.purge_haplotigs.bacteria_odb10_busco/run_bacteria_odb10/hmmer_output/1166299at2.out",
                "busco/blobpurge_test.purge_haplotigs.bacteria_odb10_busco/run_bacteria_odb10/hmmer_output/1211060at2.out",
                "busco/blobpurge_test.purge_haplotigs.bacteria_odb10_busco/run_bacteria_odb10/hmmer_output/1257362at2.out",
                "busco/blobpurge_test.purge_haplotigs.bacteria_odb10_busco/run_bacteria_odb10/hmmer_output/1266295at2.out",
                "busco/blobpurge_test.purge_haplotigs.bacteria_odb10_busco/run_bacteria_odb10/hmmer_output/1270636at2.out",
                "busco/blobpurge_test.purge_haplotigs.bacteria_odb10_busco/run_bacteria_odb10/hmmer_output/1272633at2.out",
                "busco/blobpurge_test.purge_haplotigs.bacteria_odb10_busco/run_bacteria_odb10/hmmer_output/1346419at2.out",
                "busco/blobpurge_test.purge_haplotigs.bacteria_odb10_busco/run_bacteria_odb10/hmmer_output/1395197at2.out",
                "busco/blobpurge_test.purge_haplotigs.bacteria_odb10_busco/run_bacteria_odb10/hmmer_output/1398618at2.out",
                "busco/blobpurge_test.purge_haplotigs.bacteria_odb10_busco/run_bacteria_odb10/hmmer_output/1419877at2.out",
                "busco/blobpurge_test.purge_haplotigs.bacteria_odb10_busco/run_bacteria_odb10/hmmer_output/143460at2.out",
                "busco/blobpurge_test.purge_haplotigs.bacteria_odb10_busco/run_bacteria_odb10/hmmer_output/1456375at2.out",
                "busco/blobpurge_test.purge_haplotigs.bacteria_odb10_busco/run_bacteria_odb10/hmmer_output/1470978at2.out",
                "busco/blobpurge_test.purge_haplotigs.bacteria_odb10_busco/run_bacteria_odb10/hmmer_output/1490892at2.out",
                "busco/blobpurge_test.purge_haplotigs.bacteria_odb10_busco/run_bacteria_odb10/hmmer_output/1491686at2.out",
                "busco/blobpurge_test.purge_haplotigs.bacteria_odb10_busco/run_bacteria_odb10/hmmer_output/1497415at2.out",
                "busco/blobpurge_test.purge_haplotigs.bacteria_odb10_busco/run_bacteria_odb10/hmmer_output/1502854at2.out",
                "busco/blobpurge_test.purge_haplotigs.bacteria_odb10_busco/run_bacteria_odb10/hmmer_output/1504821at2.out",
                "busco/blobpurge_test.purge_haplotigs.bacteria_odb10_busco/run_bacteria_odb10/hmmer_output/1505038at2.out",
                "busco/blobpurge_test.purge_haplotigs.bacteria_odb10_busco/run_bacteria_odb10/hmmer_output/1540940at2.out",
                "busco/blobpurge_test.purge_haplotigs.bacteria_odb10_busco/run_bacteria_odb10/hmmer_output/1567535at2.out",
                "busco/blobpurge_test.purge_haplotigs.bacteria_odb10_busco/run_bacteria_odb10/hmmer_output/1572673at2.out",
                "busco/blobpurge_test.purge_haplotigs.bacteria_odb10_busco/run_bacteria_odb10/hmmer_output/1574817at2.out",
                "busco/blobpurge_test.purge_haplotigs.bacteria_odb10_busco/run_bacteria_odb10/hmmer_output/1590629at2.out",
                "busco/blobpurge_test.purge_haplotigs.bacteria_odb10_busco/run_bacteria_odb10/hmmer_output/1592033at2.out",
                "busco/blobpurge_test.purge_haplotigs.bacteria_odb10_busco/run_bacteria_odb10/hmmer_output/1595498at2.out",
                "busco/blobpurge_test.purge_haplotigs.bacteria_odb10_busco/run_bacteria_odb10/hmmer_output/1623045at2.out",
                "busco/blobpurge_test.purge_haplotigs.bacteria_odb10_busco/run_bacteria_odb10/hmmer_output/1661836at2.out",
                "busco/blobpurge_test.purge_haplotigs.bacteria_odb10_busco/run_bacteria_odb10/hmmer_output/1666043at2.out",
                "busco/blobpurge_test.purge_haplotigs.bacteria_odb10_busco/run_bacteria_odb10/hmmer_output/1671455at2.out",
                "busco/blobpurge_test.purge_haplotigs.bacteria_odb10_busco/run_bacteria_odb10/hmmer_output/1674344at2.out",
                "busco/blobpurge_test.purge_haplotigs.bacteria_odb10_busco/run_bacteria_odb10/hmmer_output/1676462at2.out",
                "busco/blobpurge_test.purge_haplotigs.bacteria_odb10_busco/run_bacteria_odb10/hmmer_output/1692188at2.out",
                "busco/blobpurge_test.purge_haplotigs.bacteria_odb10_busco/run_bacteria_odb10/hmmer_output/1698718at2.out",
                "busco/blobpurge_test.purge_haplotigs.bacteria_odb10_busco/run_bacteria_odb10/hmmer_output/1701531at2.out",
                "busco/blobpurge_test.purge_haplotigs.bacteria_odb10_busco/run_bacteria_odb10/hmmer_output/1702697at2.out",
                "busco/blobpurge_test.purge_haplotigs.bacteria_odb10_busco/run_bacteria_odb10/hmmer_output/1707228at2.out",
                "busco/blobpurge_test.purge_haplotigs.bacteria_odb10_busco/run_bacteria_odb10/hmmer_output/1713391at2.out",
                "busco/blobpurge_test.purge_haplotigs.bacteria_odb10_busco/run_bacteria_odb10/hmmer_output/1720952at2.out",
                "busco/blobpurge_test.purge_haplotigs.bacteria_odb10_busco/run_bacteria_odb10/hmmer_output/1758685at2.out",
                "busco/blobpurge_test.purge_haplotigs.bacteria_odb10_busco/run_bacteria_odb10/hmmer_output/1760144at2.out",
                "busco/blobpurge_test.purge_haplotigs.bacteria_odb10_busco/run_bacteria_odb10/hmmer_output/1766414at2.out",
                "busco/blobpurge_test.purge_haplotigs.bacteria_odb10_busco/run_bacteria_odb10/hmmer_output/1772647at2.out",
                "busco/blobpurge_test.purge_haplotigs.bacteria_odb10_busco/run_bacteria_odb10/hmmer_output/1776954at2.out",
                "busco/blobpurge_test.purge_haplotigs.bacteria_odb10_busco/run_bacteria_odb10/hmmer_output/1786618at2.out",
                "busco/blobpurge_test.purge_haplotigs.bacteria_odb10_busco/run_bacteria_odb10/hmmer_output/1799923at2.out",
                "busco/blobpurge_test.purge_haplotigs.bacteria_odb10_busco/run_bacteria_odb10/hmmer_output/182107at2.out",
                "busco/blobpurge_test.purge_haplotigs.bacteria_odb10_busco/run_bacteria_odb10/hmmer_output/1822215at2.out",
                "busco/blobpurge_test.purge_haplotigs.bacteria_odb10_busco/run_bacteria_odb10/hmmer_output/1822695at2.out",
                "busco/blobpurge_test.purge_haplotigs.bacteria_odb10_busco/run_bacteria_odb10/hmmer_output/1827295at2.out",
                "busco/blobpurge_test.purge_haplotigs.bacteria_odb10_busco/run_bacteria_odb10/hmmer_output/1827334at2.out",
                "busco/blobpurge_test.purge_haplotigs.bacteria_odb10_busco/run_bacteria_odb10/hmmer_output/1830156at2.out",
                "busco/blobpurge_test.purge_haplotigs.bacteria_odb10_busco/run_bacteria_odb10/hmmer_output/1838961at2.out",
                "busco/blobpurge_test.purge_haplotigs.bacteria_odb10_busco/run_bacteria_odb10/hmmer_output/1842956at2.out",
                "busco/blobpurge_test.purge_haplotigs.bacteria_odb10_busco/run_bacteria_odb10/hmmer_output/1844275at2.out",
                "busco/blobpurge_test.purge_haplotigs.bacteria_odb10_busco/run_bacteria_odb10/hmmer_output/1846503at2.out",
                "busco/blobpurge_test.purge_haplotigs.bacteria_odb10_busco/run_bacteria_odb10/hmmer_output/1874945at2.out",
                "busco/blobpurge_test.purge_haplotigs.bacteria_odb10_busco/run_bacteria_odb10/hmmer_output/1890943at2.out",
                "busco/blobpurge_test.purge_haplotigs.bacteria_odb10_busco/run_bacteria_odb10/hmmer_output/1893906at2.out",
                "busco/blobpurge_test.purge_haplotigs.bacteria_odb10_busco/run_bacteria_odb10/hmmer_output/1904463at2.out",
                "busco/blobpurge_test.purge_haplotigs.bacteria_odb10_busco/run_bacteria_odb10/hmmer_output/1906715at2.out",
                "busco/blobpurge_test.purge_haplotigs.bacteria_odb10_busco/run_bacteria_odb10/hmmer_output/1932144at2.out",
                "busco/blobpurge_test.purge_haplotigs.bacteria_odb10_busco/run_bacteria_odb10/hmmer_output/1937072at2.out",
                "busco/blobpurge_test.purge_haplotigs.bacteria_odb10_busco/run_bacteria_odb10/hmmer_output/1937493at2.out",
                "busco/blobpurge_test.purge_haplotigs.bacteria_odb10_busco/run_bacteria_odb10/hmmer_output/1940575at2.out",
                "busco/blobpurge_test.purge_haplotigs.bacteria_odb10_busco/run_bacteria_odb10/hmmer_output/1949059at2.out",
                "busco/blobpurge_test.purge_haplotigs.bacteria_odb10_busco/run_bacteria_odb10/hmmer_output/1959318at2.out",
                "busco/blobpurge_test.purge_haplotigs.bacteria_odb10_busco/run_bacteria_odb10/hmmer_output/1963491at2.out",
                "busco/blobpurge_test.purge_haplotigs.bacteria_odb10_busco/run_bacteria_odb10/hmmer_output/1971380at2.out",
                "busco/blobpurge_test.purge_haplotigs.bacteria_odb10_busco/run_bacteria_odb10/hmmer_output/1978865at2.out",
                "busco/blobpurge_test.purge_haplotigs.bacteria_odb10_busco/run_bacteria_odb10/hmmer_output/1990141at2.out",
                "busco/blobpurge_test.purge_haplotigs.bacteria_odb10_busco/run_bacteria_odb10/hmmer_output/1990650at2.out",
                "busco/blobpurge_test.purge_haplotigs.bacteria_odb10_busco/run_bacteria_odb10/hmmer_output/2005443at2.out",
                "busco/blobpurge_test.purge_haplotigs.bacteria_odb10_busco/run_bacteria_odb10/hmmer_output/2012682at2.out",
                "busco/blobpurge_test.purge_haplotigs.bacteria_odb10_busco/run_bacteria_odb10/hmmer_output/2035880at2.out",
                "busco/blobpurge_test.purge_haplotigs.bacteria_odb10_busco/run_bacteria_odb10/hmmer_output/2040741at2.out",
                "busco/blobpurge_test.purge_haplotigs.bacteria_odb10_busco/run_bacteria_odb10/hmmer_output/2046660at2.out",
                "busco/blobpurge_test.purge_haplotigs.bacteria_odb10_busco/run_bacteria_odb10/hmmer_output/2063644at2.out",
                "busco/blobpurge_test.purge_haplotigs.bacteria_odb10_busco/run_bacteria_odb10/hmmer_output/2066663at2.out",
                "busco/blobpurge_test.purge_haplotigs.bacteria_odb10_busco/run_bacteria_odb10/hmmer_output/2075502at2.out",
                "busco/blobpurge_test.purge_haplotigs.bacteria_odb10_busco/run_bacteria_odb10/hmmer_output/219876at2.out",
                "busco/blobpurge_test.purge_haplotigs.bacteria_odb10_busco/run_bacteria_odb10/hmmer_output/223233at2.out",
                "busco/blobpurge_test.purge_haplotigs.bacteria_odb10_busco/run_bacteria_odb10/hmmer_output/226836at2.out",
                "busco/blobpurge_test.purge_haplotigs.bacteria_odb10_busco/run_bacteria_odb10/hmmer_output/232152at2.out",
                "busco/blobpurge_test.purge_haplotigs.bacteria_odb10_busco/run_bacteria_odb10/hmmer_output/26038at2.out",
                "busco/blobpurge_test.purge_haplotigs.bacteria_odb10_busco/run_bacteria_odb10/hmmer_output/267682at2.out",
                "busco/blobpurge_test.purge_haplotigs.bacteria_odb10_busco/run_bacteria_odb10/hmmer_output/353391at2.out",
                "busco/blobpurge_test.purge_haplotigs.bacteria_odb10_busco/run_bacteria_odb10/hmmer_output/384865at2.out",
                "busco/blobpurge_test.purge_haplotigs.bacteria_odb10_busco/run_bacteria_odb10/hmmer_output/402899at2.out",
                "busco/blobpurge_test.purge_haplotigs.bacteria_odb10_busco/run_bacteria_odb10/hmmer_output/430176at2.out",
                "busco/blobpurge_test.purge_haplotigs.bacteria_odb10_busco/run_bacteria_odb10/hmmer_output/4421at2.out",
                "busco/blobpurge_test.purge_haplotigs.bacteria_odb10_busco/run_bacteria_odb10/hmmer_output/462069at2.out",
                "busco/blobpurge_test.purge_haplotigs.bacteria_odb10_busco/run_bacteria_odb10/hmmer_output/469058at2.out",
                "busco/blobpurge_test.purge_haplotigs.bacteria_odb10_busco/run_bacteria_odb10/hmmer_output/504464at2.out",
                "busco/blobpurge_test.purge_haplotigs.bacteria_odb10_busco/run_bacteria_odb10/hmmer_output/505485at2.out",
                "busco/blobpurge_test.purge_haplotigs.bacteria_odb10_busco/run_bacteria_odb10/hmmer_output/533698at2.out",
                "busco/blobpurge_test.purge_haplotigs.bacteria_odb10_busco/run_bacteria_odb10/hmmer_output/662686at2.out",
                "busco/blobpurge_test.purge_haplotigs.bacteria_odb10_busco/run_bacteria_odb10/hmmer_output/665824at2.out",
                "busco/blobpurge_test.purge_haplotigs.bacteria_odb10_busco/run_bacteria_odb10/hmmer_output/761140at2.out",
                "busco/blobpurge_test.purge_haplotigs.bacteria_odb10_busco/run_bacteria_odb10/hmmer_output/776861at2.out",
                "busco/blobpurge_test.purge_haplotigs.bacteria_odb10_busco/run_bacteria_odb10/hmmer_output/837522at2.out",
                "busco/blobpurge_test.purge_haplotigs.bacteria_odb10_busco/run_bacteria_odb10/hmmer_output/841869at2.out",
                "busco/blobpurge_test.purge_haplotigs.bacteria_odb10_busco/run_bacteria_odb10/hmmer_output/874197at2.out",
                "busco/blobpurge_test.purge_haplotigs.bacteria_odb10_busco/run_bacteria_odb10/hmmer_output/91428at2.out",
                "busco/blobpurge_test.purge_haplotigs.bacteria_odb10_busco/run_bacteria_odb10/hmmer_output/923547at2.out",
                "busco/blobpurge_test.purge_haplotigs.bacteria_odb10_busco/run_bacteria_odb10/hmmer_output/932854at2.out",
                "busco/blobpurge_test.purge_haplotigs.bacteria_odb10_busco/run_bacteria_odb10/hmmer_output/932993at2.out",
                "busco/blobpurge_test.purge_haplotigs.bacteria_odb10_busco/run_bacteria_odb10/hmmer_output/95696at2.out",
                "busco/blobpurge_test.purge_haplotigs.bacteria_odb10_busco/run_bacteria_odb10/hmmer_output/9601at2.out",
                "busco/blobpurge_test.purge_haplotigs.bacteria_odb10_busco/run_bacteria_odb10/hmmer_output/961486at2.out",
                "busco/blobpurge_test.purge_haplotigs.bacteria_odb10_busco/run_bacteria_odb10/hmmer_output/981870at2.out",
                "busco/blobpurge_test.purge_haplotigs.bacteria_odb10_busco/run_bacteria_odb10/hmmer_output/984717at2.out",
                "busco/blobpurge_test.purge_haplotigs.bacteria_odb10_busco/run_bacteria_odb10/missing_busco_list.tsv",
                "busco/blobpurge_test.purge_haplotigs.bacteria_odb10_busco/run_bacteria_odb10/short_summary.json",
                "busco/blobpurge_test.purge_haplotigs.bacteria_odb10_busco/run_bacteria_odb10/short_summary.txt",
                "busco/blobpurge_test.purge_haplotigs.bacteria_odb10_busco/short_summary.specific.bacteria_odb10.blobpurge_test.purge_haplotigs.bacteria_odb10.txt",
                "busco/blobpurge_test.raw.bacteria_odb10.short_summary.json",
                "busco/blobpurge_test.raw.bacteria_odb10_busco",
                "busco/blobpurge_test.raw.bacteria_odb10_busco/logs",
                "busco/blobpurge_test.raw.bacteria_odb10_busco/logs/bbtools_err.log",
                "busco/blobpurge_test.raw.bacteria_odb10_busco/logs/bbtools_out.log",
                "busco/blobpurge_test.raw.bacteria_odb10_busco/logs/busco.log",
                "busco/blobpurge_test.raw.bacteria_odb10_busco/logs/hmmsearch_err.log",
                "busco/blobpurge_test.raw.bacteria_odb10_busco/logs/hmmsearch_out.log",
                "busco/blobpurge_test.raw.bacteria_odb10_busco/logs/prodigal_err.log",
                "busco/blobpurge_test.raw.bacteria_odb10_busco/logs/prodigal_out.log",
                "busco/blobpurge_test.raw.bacteria_odb10_busco/prodigal_output",
                "busco/blobpurge_test.raw.bacteria_odb10_busco/prodigal_output/.checkpoint",
                "busco/blobpurge_test.raw.bacteria_odb10_busco/prodigal_output/predicted_genes",
                "busco/blobpurge_test.raw.bacteria_odb10_busco/prodigal_output/predicted_genes/predicted.faa",
                "busco/blobpurge_test.raw.bacteria_odb10_busco/prodigal_output/predicted_genes/predicted.fna",
                "busco/blobpurge_test.raw.bacteria_odb10_busco/prodigal_output/predicted_genes/tmp",
                "busco/blobpurge_test.raw.bacteria_odb10_busco/prodigal_output/predicted_genes/tmp/prodigal_mode_meta_code_11.faa",
                "busco/blobpurge_test.raw.bacteria_odb10_busco/prodigal_output/predicted_genes/tmp/prodigal_mode_meta_code_11.fna",
                "busco/blobpurge_test.raw.bacteria_odb10_busco/prodigal_output/predicted_genes/tmp/prodigal_mode_meta_code_11_err.log",
                "busco/blobpurge_test.raw.bacteria_odb10_busco/prodigal_output/predicted_genes/tmp/prodigal_mode_meta_code_11_out.log",
                "busco/blobpurge_test.raw.bacteria_odb10_busco/prodigal_output/predicted_genes/tmp/prodigal_mode_meta_code_4.faa",
                "busco/blobpurge_test.raw.bacteria_odb10_busco/prodigal_output/predicted_genes/tmp/prodigal_mode_meta_code_4.fna",
                "busco/blobpurge_test.raw.bacteria_odb10_busco/prodigal_output/predicted_genes/tmp/prodigal_mode_meta_code_4_err.log",
                "busco/blobpurge_test.raw.bacteria_odb10_busco/prodigal_output/predicted_genes/tmp/prodigal_mode_meta_code_4_out.log",
                "busco/blobpurge_test.raw.bacteria_odb10_busco/run_bacteria_odb10",
                "busco/blobpurge_test.raw.bacteria_odb10_busco/run_bacteria_odb10/.bbtools_output",
                "busco/blobpurge_test.raw.bacteria_odb10_busco/run_bacteria_odb10/.bbtools_output/.checkpoint",
                "busco/blobpurge_test.raw.bacteria_odb10_busco/run_bacteria_odb10/busco_sequences",
                "busco/blobpurge_test.raw.bacteria_odb10_busco/run_bacteria_odb10/busco_sequences/fragmented_busco_sequences",
                "busco/blobpurge_test.raw.bacteria_odb10_busco/run_bacteria_odb10/busco_sequences/multi_copy_busco_sequences",
                "busco/blobpurge_test.raw.bacteria_odb10_busco/run_bacteria_odb10/busco_sequences/single_copy_busco_sequences",
                "busco/blobpurge_test.raw.bacteria_odb10_busco/run_bacteria_odb10/full_table.tsv",
                "busco/blobpurge_test.raw.bacteria_odb10_busco/run_bacteria_odb10/hmmer_output",
                "busco/blobpurge_test.raw.bacteria_odb10_busco/run_bacteria_odb10/hmmer_output/.checkpoint",
                "busco/blobpurge_test.raw.bacteria_odb10_busco/run_bacteria_odb10/hmmer_output/1009041at2.out",
                "busco/blobpurge_test.raw.bacteria_odb10_busco/run_bacteria_odb10/hmmer_output/1024388at2.out",
                "busco/blobpurge_test.raw.bacteria_odb10_busco/run_bacteria_odb10/hmmer_output/1036075at2.out",
                "busco/blobpurge_test.raw.bacteria_odb10_busco/run_bacteria_odb10/hmmer_output/1043239at2.out",
                "busco/blobpurge_test.raw.bacteria_odb10_busco/run_bacteria_odb10/hmmer_output/1049662at2.out",
                "busco/blobpurge_test.raw.bacteria_odb10_busco/run_bacteria_odb10/hmmer_output/1054741at2.out",
                "busco/blobpurge_test.raw.bacteria_odb10_busco/run_bacteria_odb10/hmmer_output/1069591at2.out",
                "busco/blobpurge_test.raw.bacteria_odb10_busco/run_bacteria_odb10/hmmer_output/1074831at2.out",
                "busco/blobpurge_test.raw.bacteria_odb10_busco/run_bacteria_odb10/hmmer_output/1080436at2.out",
                "busco/blobpurge_test.raw.bacteria_odb10_busco/run_bacteria_odb10/hmmer_output/1093223at2.out",
                "busco/blobpurge_test.raw.bacteria_odb10_busco/run_bacteria_odb10/hmmer_output/1132353at2.out",
                "busco/blobpurge_test.raw.bacteria_odb10_busco/run_bacteria_odb10/hmmer_output/1151822at2.out",
                "busco/blobpurge_test.raw.bacteria_odb10_busco/run_bacteria_odb10/hmmer_output/1166299at2.out",
                "busco/blobpurge_test.raw.bacteria_odb10_busco/run_bacteria_odb10/hmmer_output/1211060at2.out",
                "busco/blobpurge_test.raw.bacteria_odb10_busco/run_bacteria_odb10/hmmer_output/1257362at2.out",
                "busco/blobpurge_test.raw.bacteria_odb10_busco/run_bacteria_odb10/hmmer_output/1266295at2.out",
                "busco/blobpurge_test.raw.bacteria_odb10_busco/run_bacteria_odb10/hmmer_output/1270636at2.out",
                "busco/blobpurge_test.raw.bacteria_odb10_busco/run_bacteria_odb10/hmmer_output/1272633at2.out",
                "busco/blobpurge_test.raw.bacteria_odb10_busco/run_bacteria_odb10/hmmer_output/1346419at2.out",
                "busco/blobpurge_test.raw.bacteria_odb10_busco/run_bacteria_odb10/hmmer_output/1395197at2.out",
                "busco/blobpurge_test.raw.bacteria_odb10_busco/run_bacteria_odb10/hmmer_output/1398618at2.out",
                "busco/blobpurge_test.raw.bacteria_odb10_busco/run_bacteria_odb10/hmmer_output/1419877at2.out",
                "busco/blobpurge_test.raw.bacteria_odb10_busco/run_bacteria_odb10/hmmer_output/143460at2.out",
                "busco/blobpurge_test.raw.bacteria_odb10_busco/run_bacteria_odb10/hmmer_output/1456375at2.out",
                "busco/blobpurge_test.raw.bacteria_odb10_busco/run_bacteria_odb10/hmmer_output/1470978at2.out",
                "busco/blobpurge_test.raw.bacteria_odb10_busco/run_bacteria_odb10/hmmer_output/1490892at2.out",
                "busco/blobpurge_test.raw.bacteria_odb10_busco/run_bacteria_odb10/hmmer_output/1491686at2.out",
                "busco/blobpurge_test.raw.bacteria_odb10_busco/run_bacteria_odb10/hmmer_output/1497415at2.out",
                "busco/blobpurge_test.raw.bacteria_odb10_busco/run_bacteria_odb10/hmmer_output/1502854at2.out",
                "busco/blobpurge_test.raw.bacteria_odb10_busco/run_bacteria_odb10/hmmer_output/1504821at2.out",
                "busco/blobpurge_test.raw.bacteria_odb10_busco/run_bacteria_odb10/hmmer_output/1505038at2.out",
                "busco/blobpurge_test.raw.bacteria_odb10_busco/run_bacteria_odb10/hmmer_output/1540940at2.out",
                "busco/blobpurge_test.raw.bacteria_odb10_busco/run_bacteria_odb10/hmmer_output/1567535at2.out",
                "busco/blobpurge_test.raw.bacteria_odb10_busco/run_bacteria_odb10/hmmer_output/1572673at2.out",
                "busco/blobpurge_test.raw.bacteria_odb10_busco/run_bacteria_odb10/hmmer_output/1574817at2.out",
                "busco/blobpurge_test.raw.bacteria_odb10_busco/run_bacteria_odb10/hmmer_output/1590629at2.out",
                "busco/blobpurge_test.raw.bacteria_odb10_busco/run_bacteria_odb10/hmmer_output/1592033at2.out",
                "busco/blobpurge_test.raw.bacteria_odb10_busco/run_bacteria_odb10/hmmer_output/1595498at2.out",
                "busco/blobpurge_test.raw.bacteria_odb10_busco/run_bacteria_odb10/hmmer_output/1623045at2.out",
                "busco/blobpurge_test.raw.bacteria_odb10_busco/run_bacteria_odb10/hmmer_output/1661836at2.out",
                "busco/blobpurge_test.raw.bacteria_odb10_busco/run_bacteria_odb10/hmmer_output/1666043at2.out",
                "busco/blobpurge_test.raw.bacteria_odb10_busco/run_bacteria_odb10/hmmer_output/1671455at2.out",
                "busco/blobpurge_test.raw.bacteria_odb10_busco/run_bacteria_odb10/hmmer_output/1674344at2.out",
                "busco/blobpurge_test.raw.bacteria_odb10_busco/run_bacteria_odb10/hmmer_output/1676462at2.out",
                "busco/blobpurge_test.raw.bacteria_odb10_busco/run_bacteria_odb10/hmmer_output/1692188at2.out",
                "busco/blobpurge_test.raw.bacteria_odb10_busco/run_bacteria_odb10/hmmer_output/1698718at2.out",
                "busco/blobpurge_test.raw.bacteria_odb10_busco/run_bacteria_odb10/hmmer_output/1701531at2.out",
                "busco/blobpurge_test.raw.bacteria_odb10_busco/run_bacteria_odb10/hmmer_output/1702697at2.out",
                "busco/blobpurge_test.raw.bacteria_odb10_busco/run_bacteria_odb10/hmmer_output/1707228at2.out",
                "busco/blobpurge_test.raw.bacteria_odb10_busco/run_bacteria_odb10/hmmer_output/1713391at2.out",
                "busco/blobpurge_test.raw.bacteria_odb10_busco/run_bacteria_odb10/hmmer_output/1720952at2.out",
                "busco/blobpurge_test.raw.bacteria_odb10_busco/run_bacteria_odb10/hmmer_output/1758685at2.out",
                "busco/blobpurge_test.raw.bacteria_odb10_busco/run_bacteria_odb10/hmmer_output/1760144at2.out",
                "busco/blobpurge_test.raw.bacteria_odb10_busco/run_bacteria_odb10/hmmer_output/1766414at2.out",
                "busco/blobpurge_test.raw.bacteria_odb10_busco/run_bacteria_odb10/hmmer_output/1772647at2.out",
                "busco/blobpurge_test.raw.bacteria_odb10_busco/run_bacteria_odb10/hmmer_output/1776954at2.out",
                "busco/blobpurge_test.raw.bacteria_odb10_busco/run_bacteria_odb10/hmmer_output/1786618at2.out",
                "busco/blobpurge_test.raw.bacteria_odb10_busco/run_bacteria_odb10/hmmer_output/1799923at2.out",
                "busco/blobpurge_test.raw.bacteria_odb10_busco/run_bacteria_odb10/hmmer_output/182107at2.out",
                "busco/blobpurge_test.raw.bacteria_odb10_busco/run_bacteria_odb10/hmmer_output/1822215at2.out",
                "busco/blobpurge_test.raw.bacteria_odb10_busco/run_bacteria_odb10/hmmer_output/1822695at2.out",
                "busco/blobpurge_test.raw.bacteria_odb10_busco/run_bacteria_odb10/hmmer_output/1827295at2.out",
                "busco/blobpurge_test.raw.bacteria_odb10_busco/run_bacteria_odb10/hmmer_output/1827334at2.out",
                "busco/blobpurge_test.raw.bacteria_odb10_busco/run_bacteria_odb10/hmmer_output/1830156at2.out",
                "busco/blobpurge_test.raw.bacteria_odb10_busco/run_bacteria_odb10/hmmer_output/1838961at2.out",
                "busco/blobpurge_test.raw.bacteria_odb10_busco/run_bacteria_odb10/hmmer_output/1842956at2.out",
                "busco/blobpurge_test.raw.bacteria_odb10_busco/run_bacteria_odb10/hmmer_output/1844275at2.out",
                "busco/blobpurge_test.raw.bacteria_odb10_busco/run_bacteria_odb10/hmmer_output/1846503at2.out",
                "busco/blobpurge_test.raw.bacteria_odb10_busco/run_bacteria_odb10/hmmer_output/1874945at2.out",
                "busco/blobpurge_test.raw.bacteria_odb10_busco/run_bacteria_odb10/hmmer_output/1890943at2.out",
                "busco/blobpurge_test.raw.bacteria_odb10_busco/run_bacteria_odb10/hmmer_output/1893906at2.out",
                "busco/blobpurge_test.raw.bacteria_odb10_busco/run_bacteria_odb10/hmmer_output/1904463at2.out",
                "busco/blobpurge_test.raw.bacteria_odb10_busco/run_bacteria_odb10/hmmer_output/1906715at2.out",
                "busco/blobpurge_test.raw.bacteria_odb10_busco/run_bacteria_odb10/hmmer_output/1932144at2.out",
                "busco/blobpurge_test.raw.bacteria_odb10_busco/run_bacteria_odb10/hmmer_output/1937072at2.out",
                "busco/blobpurge_test.raw.bacteria_odb10_busco/run_bacteria_odb10/hmmer_output/1937493at2.out",
                "busco/blobpurge_test.raw.bacteria_odb10_busco/run_bacteria_odb10/hmmer_output/1940575at2.out",
                "busco/blobpurge_test.raw.bacteria_odb10_busco/run_bacteria_odb10/hmmer_output/1949059at2.out",
                "busco/blobpurge_test.raw.bacteria_odb10_busco/run_bacteria_odb10/hmmer_output/1959318at2.out",
                "busco/blobpurge_test.raw.bacteria_odb10_busco/run_bacteria_odb10/hmmer_output/1963491at2.out",
                "busco/blobpurge_test.raw.bacteria_odb10_busco/run_bacteria_odb10/hmmer_output/1971380at2.out",
                "busco/blobpurge_test.raw.bacteria_odb10_busco/run_bacteria_odb10/hmmer_output/1978865at2.out",
                "busco/blobpurge_test.raw.bacteria_odb10_busco/run_bacteria_odb10/hmmer_output/1990141at2.out",
                "busco/blobpurge_test.raw.bacteria_odb10_busco/run_bacteria_odb10/hmmer_output/1990650at2.out",
                "busco/blobpurge_test.raw.bacteria_odb10_busco/run_bacteria_odb10/hmmer_output/2005443at2.out",
                "busco/blobpurge_test.raw.bacteria_odb10_busco/run_bacteria_odb10/hmmer_output/2012682at2.out",
                "busco/blobpurge_test.raw.bacteria_odb10_busco/run_bacteria_odb10/hmmer_output/2035880at2.out",
                "busco/blobpurge_test.raw.bacteria_odb10_busco/run_bacteria_odb10/hmmer_output/2040741at2.out",
                "busco/blobpurge_test.raw.bacteria_odb10_busco/run_bacteria_odb10/hmmer_output/2046660at2.out",
                "busco/blobpurge_test.raw.bacteria_odb10_busco/run_bacteria_odb10/hmmer_output/2063644at2.out",
                "busco/blobpurge_test.raw.bacteria_odb10_busco/run_bacteria_odb10/hmmer_output/2066663at2.out",
                "busco/blobpurge_test.raw.bacteria_odb10_busco/run_bacteria_odb10/hmmer_output/2075502at2.out",
                "busco/blobpurge_test.raw.bacteria_odb10_busco/run_bacteria_odb10/hmmer_output/219876at2.out",
                "busco/blobpurge_test.raw.bacteria_odb10_busco/run_bacteria_odb10/hmmer_output/223233at2.out",
                "busco/blobpurge_test.raw.bacteria_odb10_busco/run_bacteria_odb10/hmmer_output/226836at2.out",
                "busco/blobpurge_test.raw.bacteria_odb10_busco/run_bacteria_odb10/hmmer_output/232152at2.out",
                "busco/blobpurge_test.raw.bacteria_odb10_busco/run_bacteria_odb10/hmmer_output/26038at2.out",
                "busco/blobpurge_test.raw.bacteria_odb10_busco/run_bacteria_odb10/hmmer_output/267682at2.out",
                "busco/blobpurge_test.raw.bacteria_odb10_busco/run_bacteria_odb10/hmmer_output/353391at2.out",
                "busco/blobpurge_test.raw.bacteria_odb10_busco/run_bacteria_odb10/hmmer_output/384865at2.out",
                "busco/blobpurge_test.raw.bacteria_odb10_busco/run_bacteria_odb10/hmmer_output/402899at2.out",
                "busco/blobpurge_test.raw.bacteria_odb10_busco/run_bacteria_odb10/hmmer_output/430176at2.out",
                "busco/blobpurge_test.raw.bacteria_odb10_busco/run_bacteria_odb10/hmmer_output/4421at2.out",
                "busco/blobpurge_test.raw.bacteria_odb10_busco/run_bacteria_odb10/hmmer_output/462069at2.out",
                "busco/blobpurge_test.raw.bacteria_odb10_busco/run_bacteria_odb10/hmmer_output/469058at2.out",
                "busco/blobpurge_test.raw.bacteria_odb10_busco/run_bacteria_odb10/hmmer_output/504464at2.out",
                "busco/blobpurge_test.raw.bacteria_odb10_busco/run_bacteria_odb10/hmmer_output/505485at2.out",
                "busco/blobpurge_test.raw.bacteria_odb10_busco/run_bacteria_odb10/hmmer_output/533698at2.out",
                "busco/blobpurge_test.raw.bacteria_odb10_busco/run_bacteria_odb10/hmmer_output/662686at2.out",
                "busco/blobpurge_test.raw.bacteria_odb10_busco/run_bacteria_odb10/hmmer_output/665824at2.out",
                "busco/blobpurge_test.raw.bacteria_odb10_busco/run_bacteria_odb10/hmmer_output/761140at2.out",
                "busco/blobpurge_test.raw.bacteria_odb10_busco/run_bacteria_odb10/hmmer_output/776861at2.out",
                "busco/blobpurge_test.raw.bacteria_odb10_busco/run_bacteria_odb10/hmmer_output/837522at2.out",
                "busco/blobpurge_test.raw.bacteria_odb10_busco/run_bacteria_odb10/hmmer_output/841869at2.out",
                "busco/blobpurge_test.raw.bacteria_odb10_busco/run_bacteria_odb10/hmmer_output/874197at2.out",
                "busco/blobpurge_test.raw.bacteria_odb10_busco/run_bacteria_odb10/hmmer_output/91428at2.out",
                "busco/blobpurge_test.raw.bacteria_odb10_busco/run_bacteria_odb10/hmmer_output/923547at2.out",
                "busco/blobpurge_test.raw.bacteria_odb10_busco/run_bacteria_odb10/hmmer_output/932854at2.out",
                "busco/blobpurge_test.raw.bacteria_odb10_busco/run_bacteria_odb10/hmmer_output/932993at2.out",
                "busco/blobpurge_test.raw.bacteria_odb10_busco/run_bacteria_odb10/hmmer_output/95696at2.out",
                "busco/blobpurge_test.raw.bacteria_odb10_busco/run_bacteria_odb10/hmmer_output/9601at2.out",
                "busco/blobpurge_test.raw.bacteria_odb10_busco/run_bacteria_odb10/hmmer_output/961486at2.out",
                "busco/blobpurge_test.raw.bacteria_odb10_busco/run_bacteria_odb10/hmmer_output/981870at2.out",
                "busco/blobpurge_test.raw.bacteria_odb10_busco/run_bacteria_odb10/hmmer_output/984717at2.out",
                "busco/blobpurge_test.raw.bacteria_odb10_busco/run_bacteria_odb10/missing_busco_list.tsv",
                "busco/blobpurge_test.raw.bacteria_odb10_busco/run_bacteria_odb10/short_summary.json",
                "busco/blobpurge_test.raw.bacteria_odb10_busco/run_bacteria_odb10/short_summary.txt",
                "busco/blobpurge_test.raw.bacteria_odb10_busco/short_summary.specific.bacteria_odb10.blobpurge_test.raw.bacteria_odb10.txt",
                "bwamem2",
                "bwamem2/blobpurge_test.sam",
                "bwamem2/bwamem2_index",
                "bwamem2/bwamem2_index/blobpurge_test.filtered.0123",
                "bwamem2/bwamem2_index/blobpurge_test.filtered.amb",
                "bwamem2/bwamem2_index/blobpurge_test.filtered.ann",
                "bwamem2/bwamem2_index/blobpurge_test.filtered.bwt.2bit.64",
                "bwamem2/bwamem2_index/blobpurge_test.filtered.pac",
                "compare",
                "compare/blobpurge_test.busco_comparison.json",
                "compare/blobpurge_test.busco_comparison.tsv",
                "multiqc",
                "multiqc/multiqc_data",
                "multiqc/multiqc_data/llms-full.txt",
                "multiqc/multiqc_data/multiqc.log",
                "multiqc/multiqc_data/multiqc.parquet",
                "multiqc/multiqc_data/multiqc_citations.txt",
                "multiqc/multiqc_data/multiqc_data.json",
                "multiqc/multiqc_data/multiqc_software_versions.txt",
                "multiqc/multiqc_data/multiqc_sources.txt",
                "multiqc/multiqc_report.html",
                "pipeline_info",
                "pipeline_info/nf-blobpurge_software_mqc_versions.yml",
                "purgedups",
                "purgedups/blobpurge_test.calcuts.log",
                "purgedups/blobpurge_test.cutoffs",
                "purgedups/blobpurge_test.dups.bed",
                "purgedups/blobpurge_test.hist.png",
                "purgedups/blobpurge_test.ngscstat.base.cov",
                "purgedups/blobpurge_test.ngscstat.stat",
                "purgedups/blobpurge_test.purge_dups.log",
                "purgedups/blobpurge_test.purged.fasta",
                "purgedups/blobpurge_test.purged_haplotigs.fasta",
                "purgedups/blobpurge_test.split.fasta",
                "purgedups/blobpurge_test.split.self.paf.gz",
                "purgehaplotigs",
                "purgehaplotigs/blobpurge_test.bam.200.gencov",
                "purgehaplotigs/blobpurge_test.bam.histogram.200.png",
                "purgehaplotigs/blobpurge_test.coverage_stats.csv",
                "purgehaplotigs/blobpurge_test.curated.fasta",
                "purgehaplotigs/blobpurge_test.curated.haplotigs.fasta",
                "purgehaplotigs/blobpurge_test.cutoffs.json",
                "purgehaplotigs/blobpurge_test.depth_hist.tsv",
                "samtools",
                "samtools/blobpurge_test.coverage.sorted.bam",
                "samtools/blobpurge_test.coverage.sorted.bam.bai",
                "samtools/blobpurge_test.depth.tsv",
                "samtools/blobpurge_test.namesorted.bam"
            ],
            [
                "blobpurge_test_blobpurge.html:md5,466eee4f697bbb5dee3c6ba393ba7389",
                "blobpurge_test.filtered.stats.json:md5,da806a81df826a24343dc6a50f82bea8",
                "blobpurge_test.purge_dups.stats.json:md5,fb7f0db9dadb50bfdddcd45c5066c731",
                "blobpurge_test.purge_haplotigs.stats.json:md5,d53223c6532b0a691520bfc00076bf46",
                "blobpurge_test.raw.stats.json:md5,58185dac0bab9aba4f947f3b1361b8e8",
                "blobpurge_test.filter_summary.json:md5,d962f0c375ff66ab25f011343db2ff88",
                "blobpurge_test.filtered.fasta:md5,da48073ca188b497949311a8c9cb7826",
                "blobpurge_test.span_check.json:md5,b486167318253e748f14e40661ed5ad3",
                "excluded_ids.txt:md5,a285ee5da3fd3abcbb8cb6c8baab4c4c",
                "retained_ids.txt:md5,b882d2a65f2d8d214a97abf91c160eb9",
                "blobpurge_test.sam:md5,6516043d4b9c9cd5c87dc0fbeb782a38",
                "blobpurge_test.filtered.0123:md5,3bbf63dde5aa6fbe2b002e29c273a8a2",
                "blobpurge_test.filtered.amb:md5,3cdf37d76db14cb926a00d70497a74b5",
                "blobpurge_test.filtered.ann:md5,e507ea3df01eb7f7242ab78881a27402",
                "blobpurge_test.filtered.bwt.2bit.64:md5,5c627a2dadcc8b1aae80f13dd1717b4e",
                "blobpurge_test.filtered.pac:md5,cccd5786c14e041c64ec18b2c45509b6",
                "blobpurge_test.busco_comparison.json:md5,e25f8fbe0428d497e3c025f3323fa134",
                "blobpurge_test.busco_comparison.tsv:md5,49bd84c3d5e7647af9c2500ffb45af42",
                "multiqc_citations.txt:md5,4c806e63a283ec1b7e78cdae3a923d4f",
                "blobpurge_test.calcuts.log:md5,69f39b2ecb3eea1d8f0ac07794d72db7",
                "blobpurge_test.cutoffs:md5,119752564294056b243b8048b092aeb8",
                "blobpurge_test.dups.bed:md5,0c3fb6b37e0ebe237d0c98190480d8d1",
                "blobpurge_test.hist.png:md5,e52f7e0447940cdb3036df4b485f7689",
                "blobpurge_test.ngscstat.base.cov:md5,ab7b6c05ed750f006d85a10a9eb4f291",
                "blobpurge_test.ngscstat.stat:md5,9d2a1dfe940feddae30beb52201aa189",
                "blobpurge_test.purge_dups.log:md5,77a60d9cb202ee5067c2254fba8bac52",
                "blobpurge_test.purged.fasta:md5,b3f356498b0c5ee20d72528cea673e05",
                "blobpurge_test.purged_haplotigs.fasta:md5,7d8c9094e6aad0892c98a974e8c36de7",
                "blobpurge_test.split.fasta:md5,0cc9d70d79411776497d78b70e0d37e8",
                "blobpurge_test.split.self.paf.gz:md5,9049f07b7be87b71b953062de918ef07",
                "blobpurge_test.bam.histogram.200.png:md5,f104cf09807536437927e845d3bf0aec",
                "blobpurge_test.coverage_stats.csv:md5,f4f5c78c56470afe1caabd1a45533e0d",
                "blobpurge_test.curated.fasta:md5,da48073ca188b497949311a8c9cb7826",
                "blobpurge_test.curated.haplotigs.fasta:md5,d41d8cd98f00b204e9800998ecf8427e",
                "blobpurge_test.cutoffs.json:md5,45cddaedc11f9d87f2a624a5a371852e",
                "blobpurge_test.depth_hist.tsv:md5,ad84a0ac052b842d471b123b9bb1cf0f",
                "blobpurge_test.coverage.sorted.bam:md5,b8c1c062b59faf9d3ce634d5c8ece142",
                "blobpurge_test.coverage.sorted.bam.bai:md5,564b93b62282b02246bc5b02f2d9a2a5",
                "blobpurge_test.depth.tsv:md5,16165a3dbb6cd09a083d7b3d6680f86e",
                "blobpurge_test.namesorted.bam:md5,46d828ba432eef47d6aa02372bb240ad"
            ]
        ],
        "timestamp": "2026-07-29T12:17:59.075935143",
        "meta": {
            "nf-test": "0.9.5",
            "nextflow": "25.10.4"
        }
    }
}