{
    "-profile test": {
        "content": [
            {
                "ASSEMBLY_STATS": {
                    "python": "3.12.2"
                },
                "BLOBPURGE_REPORT": {
                    "python": "3.12.2"
                },
                "BTK_FILTER": {
                    "blobtoolkit": "4.5.3"
                },
                "BUSCO": {
                    "busco": "5.8.3"
                },
                "BWAMEM2_INDEX": {
                    "bwamem2": "2.2.1"
                },
                "BWAMEM2_MEM": {
                    "bwamem2": "2.2.1",
                    "samtools": "1.22.1"
                },
                "COMPARE_BUSCO": {
                    "python": "3.12.2"
                },
                "NUCLEAR_FILTER_BAM": {
                    "samtools": 1.24
                },
                "ORGANELLE_DETECT": {
                    "python": "3.12.2"
                },
                "ORGANELLE_EXTRACT_READS": {
                    "samtools": 1.24
                },
                "ORGANELLE_FILTER_BAM": {
                    "samtools": 1.24
                },
                "ORGANELLE_MERGE_FASTA_PURGEDUPS": {
                    "busybox": "1.36.1"
                },
                "ORGANELLE_MERGE_FASTA_PURGEHAPLOTIGS": {
                    "busybox": "1.36.1"
                },
                "ORGANELLE_REFERENCE_ALIGN": {
                    "minimap2": "2.28-r1209"
                },
                "PURGEDUPS_CALCUTS": {
                    "purge_dups": "1.2.5"
                },
                "PURGEDUPS_GET_SEQS": {
                    "purge_dups": "1.2.5"
                },
                "PURGEDUPS_HIST_PLOT": {
                    "matplotlib": "3.5.1"
                },
                "PURGEDUPS_NGSCSTAT": {
                    "purge_dups": "1.2.5"
                },
                "PURGEDUPS_PURGE_DUPS": {
                    "purge_dups": "1.2.5"
                },
                "PURGEDUPS_SELF_MINIMAP2": {
                    "minimap2": "2.28-r1209"
                },
                "PURGEDUPS_SPLIT_FA": {
                    "purge_dups": "1.2.5"
                },
                "PURGEHAPLOTIGS_COV": {
                    "purge_haplotigs": "1.1.3"
                },
                "PURGEHAPLOTIGS_ESTIMATE_CUTOFFS": {
                    "python": "3.12.2"
                },
                "PURGEHAPLOTIGS_HIST": {
                    "purge_haplotigs": "1.1.3"
                },
                "PURGEHAPLOTIGS_PURGE": {
                    "purge_haplotigs": "1.1.3"
                },
                "SAMTOOLS_COVERAGE": {
                    "samtools": 1.24
                },
                "SAMTOOLS_DEPTH": {
                    "samtools": 1.24
                },
                "SAMTOOLS_FLAGSTAT": {
                    "samtools": 1.24
                },
                "SAMTOOLS_IDXSTATS": {
                    "samtools": 1.24
                },
                "SAMTOOLS_INDEX": {
                    "samtools": 1.24
                },
                "SAMTOOLS_SORT": {
                    "samtools": 1.24
                },
                "SAMTOOLS_SORT_NAME": {
                    "samtools": 1.24
                },
                "SAMTOOLS_SORT_NAME_NUCLEAR": {
                    "samtools": 1.24
                },
                "SAMTOOLS_SORT_NAME_ORGANELLE": {
                    "samtools": 1.24
                },
                "SAMTOOLS_STATS": {
                    "samtools": 1.24
                },
                "Workflow": {
                    "cnr-ibba/nf-blobpurge": "v1.0.0dev"
                }
            },
            [
                "analyses",
                "analyses/blobpurge_test_blobpurge.html",
                "assembly",
                "assembly/blobpurge_test.filtered.assembly_stats_mqc.json",
                "assembly/blobpurge_test.filtered.stats.json",
                "assembly/blobpurge_test.purge_dups.assembly_stats_mqc.json",
                "assembly/blobpurge_test.purge_dups.stats.json",
                "assembly/blobpurge_test.purge_haplotigs.assembly_stats_mqc.json",
                "assembly/blobpurge_test.purge_haplotigs.stats.json",
                "assembly/blobpurge_test.raw.assembly_stats_mqc.json",
                "assembly/blobpurge_test.raw.stats.json",
                "btk",
                "btk/blobpurge_test.filter_summary.json",
                "btk/blobpurge_test.filtered.fasta",
                "btk/blobpurge_test.span_check.json",
                "btk/blobpurge_test.span_check_mqc.json",
                "btk/excluded_ids.txt",
                "btk/retained_ids.txt",
                "busco",
                "busco/blobpurge_test.filtered.bacteria_odb10.short_summary.json",
                "busco/blobpurge_test.filtered.bacteria_odb10_busco",
                "busco/blobpurge_test.filtered.bacteria_odb10_busco/logs",
                "busco/blobpurge_test.filtered.bacteria_odb10_busco/logs/bbtools_err.log",
                "busco/blobpurge_test.filtered.bacteria_odb10_busco/logs/bbtools_out.log",
                "busco/blobpurge_test.filtered.bacteria_odb10_busco/logs/busco.log",
                "busco/blobpurge_test.filtered.bacteria_odb10_busco/logs/hmmsearch_err.log",
                "busco/blobpurge_test.filtered.bacteria_odb10_busco/logs/hmmsearch_out.log",
                "busco/blobpurge_test.filtered.bacteria_odb10_busco/logs/prodigal_err.log",
                "busco/blobpurge_test.filtered.bacteria_odb10_busco/logs/prodigal_out.log",
                "busco/blobpurge_test.filtered.bacteria_odb10_busco/prodigal_output",
                "busco/blobpurge_test.filtered.bacteria_odb10_busco/prodigal_output/.checkpoint",
                "busco/blobpurge_test.filtered.bacteria_odb10_busco/prodigal_output/predicted_genes",
                "busco/blobpurge_test.filtered.bacteria_odb10_busco/prodigal_output/predicted_genes/predicted.faa",
                "busco/blobpurge_test.filtered.bacteria_odb10_busco/prodigal_output/predicted_genes/predicted.fna",
                "busco/blobpurge_test.filtered.bacteria_odb10_busco/prodigal_output/predicted_genes/tmp",
                "busco/blobpurge_test.filtered.bacteria_odb10_busco/prodigal_output/predicted_genes/tmp/prodigal_mode_meta_code_11.faa",
                "busco/blobpurge_test.filtered.bacteria_odb10_busco/prodigal_output/predicted_genes/tmp/prodigal_mode_meta_code_11.fna",
                "busco/blobpurge_test.filtered.bacteria_odb10_busco/prodigal_output/predicted_genes/tmp/prodigal_mode_meta_code_11_err.log",
                "busco/blobpurge_test.filtered.bacteria_odb10_busco/prodigal_output/predicted_genes/tmp/prodigal_mode_meta_code_11_out.log",
                "busco/blobpurge_test.filtered.bacteria_odb10_busco/prodigal_output/predicted_genes/tmp/prodigal_mode_meta_code_4.faa",
                "busco/blobpurge_test.filtered.bacteria_odb10_busco/prodigal_output/predicted_genes/tmp/prodigal_mode_meta_code_4.fna",
                "busco/blobpurge_test.filtered.bacteria_odb10_busco/prodigal_output/predicted_genes/tmp/prodigal_mode_meta_code_4_err.log",
                "busco/blobpurge_test.filtered.bacteria_odb10_busco/prodigal_output/predicted_genes/tmp/prodigal_mode_meta_code_4_out.log",
                "busco/blobpurge_test.filtered.bacteria_odb10_busco/run_bacteria_odb10",
                "busco/blobpurge_test.filtered.bacteria_odb10_busco/run_bacteria_odb10/.bbtools_output",
                "busco/blobpurge_test.filtered.bacteria_odb10_busco/run_bacteria_odb10/.bbtools_output/.checkpoint",
                "busco/blobpurge_test.filtered.bacteria_odb10_busco/run_bacteria_odb10/busco_sequences",
                "busco/blobpurge_test.filtered.bacteria_odb10_busco/run_bacteria_odb10/busco_sequences/fragmented_busco_sequences",
                "busco/blobpurge_test.filtered.bacteria_odb10_busco/run_bacteria_odb10/busco_sequences/multi_copy_busco_sequences",
                "busco/blobpurge_test.filtered.bacteria_odb10_busco/run_bacteria_odb10/busco_sequences/single_copy_busco_sequences",
                "busco/blobpurge_test.filtered.bacteria_odb10_busco/run_bacteria_odb10/full_table.tsv",
                "busco/blobpurge_test.filtered.bacteria_odb10_busco/run_bacteria_odb10/hmmer_output",
                "busco/blobpurge_test.filtered.bacteria_odb10_busco/run_bacteria_odb10/hmmer_output/.checkpoint",
                "busco/blobpurge_test.filtered.bacteria_odb10_busco/run_bacteria_odb10/hmmer_output/1009041at2.out",
                "busco/blobpurge_test.filtered.bacteria_odb10_busco/run_bacteria_odb10/hmmer_output/1024388at2.out",
                "busco/blobpurge_test.filtered.bacteria_odb10_busco/run_bacteria_odb10/hmmer_output/1036075at2.out",
                "busco/blobpurge_test.filtered.bacteria_odb10_busco/run_bacteria_odb10/hmmer_output/1043239at2.out",
                "busco/blobpurge_test.filtered.bacteria_odb10_busco/run_bacteria_odb10/hmmer_output/1049662at2.out",
                "busco/blobpurge_test.filtered.bacteria_odb10_busco/run_bacteria_odb10/hmmer_output/1054741at2.out",
                "busco/blobpurge_test.filtered.bacteria_odb10_busco/run_bacteria_odb10/hmmer_output/1069591at2.out",
                "busco/blobpurge_test.filtered.bacteria_odb10_busco/run_bacteria_odb10/hmmer_output/1074831at2.out",
                "busco/blobpurge_test.filtered.bacteria_odb10_busco/run_bacteria_odb10/hmmer_output/1080436at2.out",
                "busco/blobpurge_test.filtered.bacteria_odb10_busco/run_bacteria_odb10/hmmer_output/1093223at2.out",
                "busco/blobpurge_test.filtered.bacteria_odb10_busco/run_bacteria_odb10/hmmer_output/1132353at2.out",
                "busco/blobpurge_test.filtered.bacteria_odb10_busco/run_bacteria_odb10/hmmer_output/1151822at2.out",
                "busco/blobpurge_test.filtered.bacteria_odb10_busco/run_bacteria_odb10/hmmer_output/1166299at2.out",
                "busco/blobpurge_test.filtered.bacteria_odb10_busco/run_bacteria_odb10/hmmer_output/1211060at2.out",
                "busco/blobpurge_test.filtered.bacteria_odb10_busco/run_bacteria_odb10/hmmer_output/1257362at2.out",
                "busco/blobpurge_test.filtered.bacteria_odb10_busco/run_bacteria_odb10/hmmer_output/1266295at2.out",
                "busco/blobpurge_test.filtered.bacteria_odb10_busco/run_bacteria_odb10/hmmer_output/1270636at2.out",
                "busco/blobpurge_test.filtered.bacteria_odb10_busco/run_bacteria_odb10/hmmer_output/1272633at2.out",
                "busco/blobpurge_test.filtered.bacteria_odb10_busco/run_bacteria_odb10/hmmer_output/1346419at2.out",
                "busco/blobpurge_test.filtered.bacteria_odb10_busco/run_bacteria_odb10/hmmer_output/1395197at2.out",
                "busco/blobpurge_test.filtered.bacteria_odb10_busco/run_bacteria_odb10/hmmer_output/1398618at2.out",
                "busco/blobpurge_test.filtered.bacteria_odb10_busco/run_bacteria_odb10/hmmer_output/1419877at2.out",
                "busco/blobpurge_test.filtered.bacteria_odb10_busco/run_bacteria_odb10/hmmer_output/143460at2.out",
                "busco/blobpurge_test.filtered.bacteria_odb10_busco/run_bacteria_odb10/hmmer_output/1456375at2.out",
                "busco/blobpurge_test.filtered.bacteria_odb10_busco/run_bacteria_odb10/hmmer_output/1470978at2.out",
                "busco/blobpurge_test.filtered.bacteria_odb10_busco/run_bacteria_odb10/hmmer_output/1490892at2.out",
                "busco/blobpurge_test.filtered.bacteria_odb10_busco/run_bacteria_odb10/hmmer_output/1491686at2.out",
                "busco/blobpurge_test.filtered.bacteria_odb10_busco/run_bacteria_odb10/hmmer_output/1497415at2.out",
                "busco/blobpurge_test.filtered.bacteria_odb10_busco/run_bacteria_odb10/hmmer_output/1502854at2.out",
                "busco/blobpurge_test.filtered.bacteria_odb10_busco/run_bacteria_odb10/hmmer_output/1504821at2.out",
                "busco/blobpurge_test.filtered.bacteria_odb10_busco/run_bacteria_odb10/hmmer_output/1505038at2.out",
                "busco/blobpurge_test.filtered.bacteria_odb10_busco/run_bacteria_odb10/hmmer_output/1540940at2.out",
                "busco/blobpurge_test.filtered.bacteria_odb10_busco/run_bacteria_odb10/hmmer_output/1567535at2.out",
                "busco/blobpurge_test.filtered.bacteria_odb10_busco/run_bacteria_odb10/hmmer_output/1572673at2.out",
                "busco/blobpurge_test.filtered.bacteria_odb10_busco/run_bacteria_odb10/hmmer_output/1574817at2.out",
                "busco/blobpurge_test.filtered.bacteria_odb10_busco/run_bacteria_odb10/hmmer_output/1590629at2.out",
                "busco/blobpurge_test.filtered.bacteria_odb10_busco/run_bacteria_odb10/hmmer_output/1592033at2.out",
                "busco/blobpurge_test.filtered.bacteria_odb10_busco/run_bacteria_odb10/hmmer_output/1595498at2.out",
                "busco/blobpurge_test.filtered.bacteria_odb10_busco/run_bacteria_odb10/hmmer_output/1623045at2.out",
                "busco/blobpurge_test.filtered.bacteria_odb10_busco/run_bacteria_odb10/hmmer_output/1661836at2.out",
                "busco/blobpurge_test.filtered.bacteria_odb10_busco/run_bacteria_odb10/hmmer_output/1666043at2.out",
                "busco/blobpurge_test.filtered.bacteria_odb10_busco/run_bacteria_odb10/hmmer_output/1671455at2.out",
                "busco/blobpurge_test.filtered.bacteria_odb10_busco/run_bacteria_odb10/hmmer_output/1674344at2.out",
                "busco/blobpurge_test.filtered.bacteria_odb10_busco/run_bacteria_odb10/hmmer_output/1676462at2.out",
                "busco/blobpurge_test.filtered.bacteria_odb10_busco/run_bacteria_odb10/hmmer_output/1692188at2.out",
                "busco/blobpurge_test.filtered.bacteria_odb10_busco/run_bacteria_odb10/hmmer_output/1698718at2.out",
                "busco/blobpurge_test.filtered.bacteria_odb10_busco/run_bacteria_odb10/hmmer_output/1701531at2.out",
                "busco/blobpurge_test.filtered.bacteria_odb10_busco/run_bacteria_odb10/hmmer_output/1702697at2.out",
                "busco/blobpurge_test.filtered.bacteria_odb10_busco/run_bacteria_odb10/hmmer_output/1707228at2.out",
                "busco/blobpurge_test.filtered.bacteria_odb10_busco/run_bacteria_odb10/hmmer_output/1713391at2.out",
                "busco/blobpurge_test.filtered.bacteria_odb10_busco/run_bacteria_odb10/hmmer_output/1720952at2.out",
                "busco/blobpurge_test.filtered.bacteria_odb10_busco/run_bacteria_odb10/hmmer_output/1758685at2.out",
                "busco/blobpurge_test.filtered.bacteria_odb10_busco/run_bacteria_odb10/hmmer_output/1760144at2.out",
                "busco/blobpurge_test.filtered.bacteria_odb10_busco/run_bacteria_odb10/hmmer_output/1766414at2.out",
                "busco/blobpurge_test.filtered.bacteria_odb10_busco/run_bacteria_odb10/hmmer_output/1772647at2.out",
                "busco/blobpurge_test.filtered.bacteria_odb10_busco/run_bacteria_odb10/hmmer_output/1776954at2.out",
                "busco/blobpurge_test.filtered.bacteria_odb10_busco/run_bacteria_odb10/hmmer_output/1786618at2.out",
                "busco/blobpurge_test.filtered.bacteria_odb10_busco/run_bacteria_odb10/hmmer_output/1799923at2.out",
                "busco/blobpurge_test.filtered.bacteria_odb10_busco/run_bacteria_odb10/hmmer_output/182107at2.out",
                "busco/blobpurge_test.filtered.bacteria_odb10_busco/run_bacteria_odb10/hmmer_output/1822215at2.out",
                "busco/blobpurge_test.filtered.bacteria_odb10_busco/run_bacteria_odb10/hmmer_output/1822695at2.out",
                "busco/blobpurge_test.filtered.bacteria_odb10_busco/run_bacteria_odb10/hmmer_output/1827295at2.out",
                "busco/blobpurge_test.filtered.bacteria_odb10_busco/run_bacteria_odb10/hmmer_output/1827334at2.out",
                "busco/blobpurge_test.filtered.bacteria_odb10_busco/run_bacteria_odb10/hmmer_output/1830156at2.out",
                "busco/blobpurge_test.filtered.bacteria_odb10_busco/run_bacteria_odb10/hmmer_output/1838961at2.out",
                "busco/blobpurge_test.filtered.bacteria_odb10_busco/run_bacteria_odb10/hmmer_output/1842956at2.out",
                "busco/blobpurge_test.filtered.bacteria_odb10_busco/run_bacteria_odb10/hmmer_output/1844275at2.out",
                "busco/blobpurge_test.filtered.bacteria_odb10_busco/run_bacteria_odb10/hmmer_output/1846503at2.out",
                "busco/blobpurge_test.filtered.bacteria_odb10_busco/run_bacteria_odb10/hmmer_output/1874945at2.out",
                "busco/blobpurge_test.filtered.bacteria_odb10_busco/run_bacteria_odb10/hmmer_output/1890943at2.out",
                "busco/blobpurge_test.filtered.bacteria_odb10_busco/run_bacteria_odb10/hmmer_output/1893906at2.out",
                "busco/blobpurge_test.filtered.bacteria_odb10_busco/run_bacteria_odb10/hmmer_output/1904463at2.out",
                "busco/blobpurge_test.filtered.bacteria_odb10_busco/run_bacteria_odb10/hmmer_output/1906715at2.out",
                "busco/blobpurge_test.filtered.bacteria_odb10_busco/run_bacteria_odb10/hmmer_output/1932144at2.out",
                "busco/blobpurge_test.filtered.bacteria_odb10_busco/run_bacteria_odb10/hmmer_output/1937072at2.out",
                "busco/blobpurge_test.filtered.bacteria_odb10_busco/run_bacteria_odb10/hmmer_output/1937493at2.out",
                "busco/blobpurge_test.filtered.bacteria_odb10_busco/run_bacteria_odb10/hmmer_output/1940575at2.out",
                "busco/blobpurge_test.filtered.bacteria_odb10_busco/run_bacteria_odb10/hmmer_output/1949059at2.out",
                "busco/blobpurge_test.filtered.bacteria_odb10_busco/run_bacteria_odb10/hmmer_output/1959318at2.out",
                "busco/blobpurge_test.filtered.bacteria_odb10_busco/run_bacteria_odb10/hmmer_output/1963491at2.out",
                "busco/blobpurge_test.filtered.bacteria_odb10_busco/run_bacteria_odb10/hmmer_output/1971380at2.out",
                "busco/blobpurge_test.filtered.bacteria_odb10_busco/run_bacteria_odb10/hmmer_output/1978865at2.out",
                "busco/blobpurge_test.filtered.bacteria_odb10_busco/run_bacteria_odb10/hmmer_output/1990141at2.out",
                "busco/blobpurge_test.filtered.bacteria_odb10_busco/run_bacteria_odb10/hmmer_output/1990650at2.out",
                "busco/blobpurge_test.filtered.bacteria_odb10_busco/run_bacteria_odb10/hmmer_output/2005443at2.out",
                "busco/blobpurge_test.filtered.bacteria_odb10_busco/run_bacteria_odb10/hmmer_output/2012682at2.out",
                "busco/blobpurge_test.filtered.bacteria_odb10_busco/run_bacteria_odb10/hmmer_output/2035880at2.out",
                "busco/blobpurge_test.filtered.bacteria_odb10_busco/run_bacteria_odb10/hmmer_output/2040741at2.out",
                "busco/blobpurge_test.filtered.bacteria_odb10_busco/run_bacteria_odb10/hmmer_output/2046660at2.out",
                "busco/blobpurge_test.filtered.bacteria_odb10_busco/run_bacteria_odb10/hmmer_output/2063644at2.out",
                "busco/blobpurge_test.filtered.bacteria_odb10_busco/run_bacteria_odb10/hmmer_output/2066663at2.out",
                "busco/blobpurge_test.filtered.bacteria_odb10_busco/run_bacteria_odb10/hmmer_output/2075502at2.out",
                "busco/blobpurge_test.filtered.bacteria_odb10_busco/run_bacteria_odb10/hmmer_output/219876at2.out",
                "busco/blobpurge_test.filtered.bacteria_odb10_busco/run_bacteria_odb10/hmmer_output/223233at2.out",
                "busco/blobpurge_test.filtered.bacteria_odb10_busco/run_bacteria_odb10/hmmer_output/226836at2.out",
                "busco/blobpurge_test.filtered.bacteria_odb10_busco/run_bacteria_odb10/hmmer_output/232152at2.out",
                "busco/blobpurge_test.filtered.bacteria_odb10_busco/run_bacteria_odb10/hmmer_output/26038at2.out",
                "busco/blobpurge_test.filtered.bacteria_odb10_busco/run_bacteria_odb10/hmmer_output/267682at2.out",
                "busco/blobpurge_test.filtered.bacteria_odb10_busco/run_bacteria_odb10/hmmer_output/353391at2.out",
                "busco/blobpurge_test.filtered.bacteria_odb10_busco/run_bacteria_odb10/hmmer_output/384865at2.out",
                "busco/blobpurge_test.filtered.bacteria_odb10_busco/run_bacteria_odb10/hmmer_output/402899at2.out",
                "busco/blobpurge_test.filtered.bacteria_odb10_busco/run_bacteria_odb10/hmmer_output/430176at2.out",
                "busco/blobpurge_test.filtered.bacteria_odb10_busco/run_bacteria_odb10/hmmer_output/4421at2.out",
                "busco/blobpurge_test.filtered.bacteria_odb10_busco/run_bacteria_odb10/hmmer_output/462069at2.out",
                "busco/blobpurge_test.filtered.bacteria_odb10_busco/run_bacteria_odb10/hmmer_output/469058at2.out",
                "busco/blobpurge_test.filtered.bacteria_odb10_busco/run_bacteria_odb10/hmmer_output/504464at2.out",
                "busco/blobpurge_test.filtered.bacteria_odb10_busco/run_bacteria_odb10/hmmer_output/505485at2.out",
                "busco/blobpurge_test.filtered.bacteria_odb10_busco/run_bacteria_odb10/hmmer_output/533698at2.out",
                "busco/blobpurge_test.filtered.bacteria_odb10_busco/run_bacteria_odb10/hmmer_output/662686at2.out",
                "busco/blobpurge_test.filtered.bacteria_odb10_busco/run_bacteria_odb10/hmmer_output/665824at2.out",
                "busco/blobpurge_test.filtered.bacteria_odb10_busco/run_bacteria_odb10/hmmer_output/761140at2.out",
                "busco/blobpurge_test.filtered.bacteria_odb10_busco/run_bacteria_odb10/hmmer_output/776861at2.out",
                "busco/blobpurge_test.filtered.bacteria_odb10_busco/run_bacteria_odb10/hmmer_output/837522at2.out",
                "busco/blobpurge_test.filtered.bacteria_odb10_busco/run_bacteria_odb10/hmmer_output/841869at2.out",
                "busco/blobpurge_test.filtered.bacteria_odb10_busco/run_bacteria_odb10/hmmer_output/874197at2.out",
                "busco/blobpurge_test.filtered.bacteria_odb10_busco/run_bacteria_odb10/hmmer_output/91428at2.out",
                "busco/blobpurge_test.filtered.bacteria_odb10_busco/run_bacteria_odb10/hmmer_output/923547at2.out",
                "busco/blobpurge_test.filtered.bacteria_odb10_busco/run_bacteria_odb10/hmmer_output/932854at2.out",
                "busco/blobpurge_test.filtered.bacteria_odb10_busco/run_bacteria_odb10/hmmer_output/932993at2.out",
                "busco/blobpurge_test.filtered.bacteria_odb10_busco/run_bacteria_odb10/hmmer_output/95696at2.out",
                "busco/blobpurge_test.filtered.bacteria_odb10_busco/run_bacteria_odb10/hmmer_output/9601at2.out",
                "busco/blobpurge_test.filtered.bacteria_odb10_busco/run_bacteria_odb10/hmmer_output/961486at2.out",
                "busco/blobpurge_test.filtered.bacteria_odb10_busco/run_bacteria_odb10/hmmer_output/981870at2.out",
                "busco/blobpurge_test.filtered.bacteria_odb10_busco/run_bacteria_odb10/hmmer_output/984717at2.out",
                "busco/blobpurge_test.filtered.bacteria_odb10_busco/run_bacteria_odb10/missing_busco_list.tsv",
                "busco/blobpurge_test.filtered.bacteria_odb10_busco/run_bacteria_odb10/short_summary.json",
                "busco/blobpurge_test.filtered.bacteria_odb10_busco/run_bacteria_odb10/short_summary.txt",
                "busco/blobpurge_test.filtered.bacteria_odb10_busco/short_summary.specific.bacteria_odb10.blobpurge_test.filtered.bacteria_odb10.txt",
                "busco/blobpurge_test.purge_dups.bacteria_odb10.short_summary.json",
                "busco/blobpurge_test.purge_dups.bacteria_odb10_busco",
                "busco/blobpurge_test.purge_dups.bacteria_odb10_busco/logs",
                "busco/blobpurge_test.purge_dups.bacteria_odb10_busco/logs/bbtools_err.log",
                "busco/blobpurge_test.purge_dups.bacteria_odb10_busco/logs/bbtools_out.log",
                "busco/blobpurge_test.purge_dups.bacteria_odb10_busco/logs/busco.log",
                "busco/blobpurge_test.purge_dups.bacteria_odb10_busco/logs/hmmsearch_err.log",
                "busco/blobpurge_test.purge_dups.bacteria_odb10_busco/logs/hmmsearch_out.log",
                "busco/blobpurge_test.purge_dups.bacteria_odb10_busco/logs/prodigal_err.log",
                "busco/blobpurge_test.purge_dups.bacteria_odb10_busco/logs/prodigal_out.log",
                "busco/blobpurge_test.purge_dups.bacteria_odb10_busco/prodigal_output",
                "busco/blobpurge_test.purge_dups.bacteria_odb10_busco/prodigal_output/.checkpoint",
                "busco/blobpurge_test.purge_dups.bacteria_odb10_busco/prodigal_output/predicted_genes",
                "busco/blobpurge_test.purge_dups.bacteria_odb10_busco/prodigal_output/predicted_genes/predicted.faa",
                "busco/blobpurge_test.purge_dups.bacteria_odb10_busco/prodigal_output/predicted_genes/predicted.fna",
                "busco/blobpurge_test.purge_dups.bacteria_odb10_busco/prodigal_output/predicted_genes/tmp",
                "busco/blobpurge_test.purge_dups.bacteria_odb10_busco/prodigal_output/predicted_genes/tmp/prodigal_mode_meta_code_11.faa",
                "busco/blobpurge_test.purge_dups.bacteria_odb10_busco/prodigal_output/predicted_genes/tmp/prodigal_mode_meta_code_11.fna",
                "busco/blobpurge_test.purge_dups.bacteria_odb10_busco/prodigal_output/predicted_genes/tmp/prodigal_mode_meta_code_11_err.log",
                "busco/blobpurge_test.purge_dups.bacteria_odb10_busco/prodigal_output/predicted_genes/tmp/prodigal_mode_meta_code_11_out.log",
                "busco/blobpurge_test.purge_dups.bacteria_odb10_busco/prodigal_output/predicted_genes/tmp/prodigal_mode_meta_code_4.faa",
                "busco/blobpurge_test.purge_dups.bacteria_odb10_busco/prodigal_output/predicted_genes/tmp/prodigal_mode_meta_code_4.fna",
                "busco/blobpurge_test.purge_dups.bacteria_odb10_busco/prodigal_output/predicted_genes/tmp/prodigal_mode_meta_code_4_err.log",
                "busco/blobpurge_test.purge_dups.bacteria_odb10_busco/prodigal_output/predicted_genes/tmp/prodigal_mode_meta_code_4_out.log",
                "busco/blobpurge_test.purge_dups.bacteria_odb10_busco/run_bacteria_odb10",
                "busco/blobpurge_test.purge_dups.bacteria_odb10_busco/run_bacteria_odb10/.bbtools_output",
                "busco/blobpurge_test.purge_dups.bacteria_odb10_busco/run_bacteria_odb10/.bbtools_output/.checkpoint",
                "busco/blobpurge_test.purge_dups.bacteria_odb10_busco/run_bacteria_odb10/busco_sequences",
                "busco/blobpurge_test.purge_dups.bacteria_odb10_busco/run_bacteria_odb10/busco_sequences/fragmented_busco_sequences",
                "busco/blobpurge_test.purge_dups.bacteria_odb10_busco/run_bacteria_odb10/busco_sequences/multi_copy_busco_sequences",
                "busco/blobpurge_test.purge_dups.bacteria_odb10_busco/run_bacteria_odb10/busco_sequences/single_copy_busco_sequences",
                "busco/blobpurge_test.purge_dups.bacteria_odb10_busco/run_bacteria_odb10/full_table.tsv",
                "busco/blobpurge_test.purge_dups.bacteria_odb10_busco/run_bacteria_odb10/hmmer_output",
                "busco/blobpurge_test.purge_dups.bacteria_odb10_busco/run_bacteria_odb10/hmmer_output/.checkpoint",
                "busco/blobpurge_test.purge_dups.bacteria_odb10_busco/run_bacteria_odb10/hmmer_output/1009041at2.out",
                "busco/blobpurge_test.purge_dups.bacteria_odb10_busco/run_bacteria_odb10/hmmer_output/1024388at2.out",
                "busco/blobpurge_test.purge_dups.bacteria_odb10_busco/run_bacteria_odb10/hmmer_output/1036075at2.out",
                "busco/blobpurge_test.purge_dups.bacteria_odb10_busco/run_bacteria_odb10/hmmer_output/1043239at2.out",
                "busco/blobpurge_test.purge_dups.bacteria_odb10_busco/run_bacteria_odb10/hmmer_output/1049662at2.out",
                "busco/blobpurge_test.purge_dups.bacteria_odb10_busco/run_bacteria_odb10/hmmer_output/1054741at2.out",
                "busco/blobpurge_test.purge_dups.bacteria_odb10_busco/run_bacteria_odb10/hmmer_output/1069591at2.out",
                "busco/blobpurge_test.purge_dups.bacteria_odb10_busco/run_bacteria_odb10/hmmer_output/1074831at2.out",
                "busco/blobpurge_test.purge_dups.bacteria_odb10_busco/run_bacteria_odb10/hmmer_output/1080436at2.out",
                "busco/blobpurge_test.purge_dups.bacteria_odb10_busco/run_bacteria_odb10/hmmer_output/1093223at2.out",
                "busco/blobpurge_test.purge_dups.bacteria_odb10_busco/run_bacteria_odb10/hmmer_output/1132353at2.out",
                "busco/blobpurge_test.purge_dups.bacteria_odb10_busco/run_bacteria_odb10/hmmer_output/1151822at2.out",
                "busco/blobpurge_test.purge_dups.bacteria_odb10_busco/run_bacteria_odb10/hmmer_output/1166299at2.out",
                "busco/blobpurge_test.purge_dups.bacteria_odb10_busco/run_bacteria_odb10/hmmer_output/1211060at2.out",
                "busco/blobpurge_test.purge_dups.bacteria_odb10_busco/run_bacteria_odb10/hmmer_output/1257362at2.out",
                "busco/blobpurge_test.purge_dups.bacteria_odb10_busco/run_bacteria_odb10/hmmer_output/1266295at2.out",
                "busco/blobpurge_test.purge_dups.bacteria_odb10_busco/run_bacteria_odb10/hmmer_output/1270636at2.out",
                "busco/blobpurge_test.purge_dups.bacteria_odb10_busco/run_bacteria_odb10/hmmer_output/1272633at2.out",
                "busco/blobpurge_test.purge_dups.bacteria_odb10_busco/run_bacteria_odb10/hmmer_output/1346419at2.out",
                "busco/blobpurge_test.purge_dups.bacteria_odb10_busco/run_bacteria_odb10/hmmer_output/1395197at2.out",
                "busco/blobpurge_test.purge_dups.bacteria_odb10_busco/run_bacteria_odb10/hmmer_output/1398618at2.out",
                "busco/blobpurge_test.purge_dups.bacteria_odb10_busco/run_bacteria_odb10/hmmer_output/1419877at2.out",
                "busco/blobpurge_test.purge_dups.bacteria_odb10_busco/run_bacteria_odb10/hmmer_output/143460at2.out",
                "busco/blobpurge_test.purge_dups.bacteria_odb10_busco/run_bacteria_odb10/hmmer_output/1456375at2.out",
                "busco/blobpurge_test.purge_dups.bacteria_odb10_busco/run_bacteria_odb10/hmmer_output/1470978at2.out",
                "busco/blobpurge_test.purge_dups.bacteria_odb10_busco/run_bacteria_odb10/hmmer_output/1490892at2.out",
                "busco/blobpurge_test.purge_dups.bacteria_odb10_busco/run_bacteria_odb10/hmmer_output/1491686at2.out",
                "busco/blobpurge_test.purge_dups.bacteria_odb10_busco/run_bacteria_odb10/hmmer_output/1497415at2.out",
                "busco/blobpurge_test.purge_dups.bacteria_odb10_busco/run_bacteria_odb10/hmmer_output/1502854at2.out",
                "busco/blobpurge_test.purge_dups.bacteria_odb10_busco/run_bacteria_odb10/hmmer_output/1504821at2.out",
                "busco/blobpurge_test.purge_dups.bacteria_odb10_busco/run_bacteria_odb10/hmmer_output/1505038at2.out",
                "busco/blobpurge_test.purge_dups.bacteria_odb10_busco/run_bacteria_odb10/hmmer_output/1540940at2.out",
                "busco/blobpurge_test.purge_dups.bacteria_odb10_busco/run_bacteria_odb10/hmmer_output/1567535at2.out",
                "busco/blobpurge_test.purge_dups.bacteria_odb10_busco/run_bacteria_odb10/hmmer_output/1572673at2.out",
                "busco/blobpurge_test.purge_dups.bacteria_odb10_busco/run_bacteria_odb10/hmmer_output/1574817at2.out",
                "busco/blobpurge_test.purge_dups.bacteria_odb10_busco/run_bacteria_odb10/hmmer_output/1590629at2.out",
                "busco/blobpurge_test.purge_dups.bacteria_odb10_busco/run_bacteria_odb10/hmmer_output/1592033at2.out",
                "busco/blobpurge_test.purge_dups.bacteria_odb10_busco/run_bacteria_odb10/hmmer_output/1595498at2.out",
                "busco/blobpurge_test.purge_dups.bacteria_odb10_busco/run_bacteria_odb10/hmmer_output/1623045at2.out",
                "busco/blobpurge_test.purge_dups.bacteria_odb10_busco/run_bacteria_odb10/hmmer_output/1661836at2.out",
                "busco/blobpurge_test.purge_dups.bacteria_odb10_busco/run_bacteria_odb10/hmmer_output/1666043at2.out",
                "busco/blobpurge_test.purge_dups.bacteria_odb10_busco/run_bacteria_odb10/hmmer_output/1671455at2.out",
                "busco/blobpurge_test.purge_dups.bacteria_odb10_busco/run_bacteria_odb10/hmmer_output/1674344at2.out",
                "busco/blobpurge_test.purge_dups.bacteria_odb10_busco/run_bacteria_odb10/hmmer_output/1676462at2.out",
                "busco/blobpurge_test.purge_dups.bacteria_odb10_busco/run_bacteria_odb10/hmmer_output/1692188at2.out",
                "busco/blobpurge_test.purge_dups.bacteria_odb10_busco/run_bacteria_odb10/hmmer_output/1698718at2.out",
                "busco/blobpurge_test.purge_dups.bacteria_odb10_busco/run_bacteria_odb10/hmmer_output/1701531at2.out",
                "busco/blobpurge_test.purge_dups.bacteria_odb10_busco/run_bacteria_odb10/hmmer_output/1702697at2.out",
                "busco/blobpurge_test.purge_dups.bacteria_odb10_busco/run_bacteria_odb10/hmmer_output/1707228at2.out",
                "busco/blobpurge_test.purge_dups.bacteria_odb10_busco/run_bacteria_odb10/hmmer_output/1713391at2.out",
                "busco/blobpurge_test.purge_dups.bacteria_odb10_busco/run_bacteria_odb10/hmmer_output/1720952at2.out",
                "busco/blobpurge_test.purge_dups.bacteria_odb10_busco/run_bacteria_odb10/hmmer_output/1758685at2.out",
                "busco/blobpurge_test.purge_dups.bacteria_odb10_busco/run_bacteria_odb10/hmmer_output/1760144at2.out",
                "busco/blobpurge_test.purge_dups.bacteria_odb10_busco/run_bacteria_odb10/hmmer_output/1766414at2.out",
                "busco/blobpurge_test.purge_dups.bacteria_odb10_busco/run_bacteria_odb10/hmmer_output/1772647at2.out",
                "busco/blobpurge_test.purge_dups.bacteria_odb10_busco/run_bacteria_odb10/hmmer_output/1776954at2.out",
                "busco/blobpurge_test.purge_dups.bacteria_odb10_busco/run_bacteria_odb10/hmmer_output/1786618at2.out",
                "busco/blobpurge_test.purge_dups.bacteria_odb10_busco/run_bacteria_odb10/hmmer_output/1799923at2.out",
                "busco/blobpurge_test.purge_dups.bacteria_odb10_busco/run_bacteria_odb10/hmmer_output/182107at2.out",
                "busco/blobpurge_test.purge_dups.bacteria_odb10_busco/run_bacteria_odb10/hmmer_output/1822215at2.out",
                "busco/blobpurge_test.purge_dups.bacteria_odb10_busco/run_bacteria_odb10/hmmer_output/1822695at2.out",
                "busco/blobpurge_test.purge_dups.bacteria_odb10_busco/run_bacteria_odb10/hmmer_output/1827295at2.out",
                "busco/blobpurge_test.purge_dups.bacteria_odb10_busco/run_bacteria_odb10/hmmer_output/1827334at2.out",
                "busco/blobpurge_test.purge_dups.bacteria_odb10_busco/run_bacteria_odb10/hmmer_output/1830156at2.out",
                "busco/blobpurge_test.purge_dups.bacteria_odb10_busco/run_bacteria_odb10/hmmer_output/1838961at2.out",
                "busco/blobpurge_test.purge_dups.bacteria_odb10_busco/run_bacteria_odb10/hmmer_output/1842956at2.out",
                "busco/blobpurge_test.purge_dups.bacteria_odb10_busco/run_bacteria_odb10/hmmer_output/1844275at2.out",
                "busco/blobpurge_test.purge_dups.bacteria_odb10_busco/run_bacteria_odb10/hmmer_output/1846503at2.out",
                "busco/blobpurge_test.purge_dups.bacteria_odb10_busco/run_bacteria_odb10/hmmer_output/1874945at2.out",
                "busco/blobpurge_test.purge_dups.bacteria_odb10_busco/run_bacteria_odb10/hmmer_output/1890943at2.out",
                "busco/blobpurge_test.purge_dups.bacteria_odb10_busco/run_bacteria_odb10/hmmer_output/1893906at2.out",
                "busco/blobpurge_test.purge_dups.bacteria_odb10_busco/run_bacteria_odb10/hmmer_output/1904463at2.out",
                "busco/blobpurge_test.purge_dups.bacteria_odb10_busco/run_bacteria_odb10/hmmer_output/1906715at2.out",
                "busco/blobpurge_test.purge_dups.bacteria_odb10_busco/run_bacteria_odb10/hmmer_output/1932144at2.out",
                "busco/blobpurge_test.purge_dups.bacteria_odb10_busco/run_bacteria_odb10/hmmer_output/1937072at2.out",
                "busco/blobpurge_test.purge_dups.bacteria_odb10_busco/run_bacteria_odb10/hmmer_output/1937493at2.out",
                "busco/blobpurge_test.purge_dups.bacteria_odb10_busco/run_bacteria_odb10/hmmer_output/1940575at2.out",
                "busco/blobpurge_test.purge_dups.bacteria_odb10_busco/run_bacteria_odb10/hmmer_output/1949059at2.out",
                "busco/blobpurge_test.purge_dups.bacteria_odb10_busco/run_bacteria_odb10/hmmer_output/1959318at2.out",
                "busco/blobpurge_test.purge_dups.bacteria_odb10_busco/run_bacteria_odb10/hmmer_output/1963491at2.out",
                "busco/blobpurge_test.purge_dups.bacteria_odb10_busco/run_bacteria_odb10/hmmer_output/1971380at2.out",
                "busco/blobpurge_test.purge_dups.bacteria_odb10_busco/run_bacteria_odb10/hmmer_output/1978865at2.out",
                "busco/blobpurge_test.purge_dups.bacteria_odb10_busco/run_bacteria_odb10/hmmer_output/1990141at2.out",
                "busco/blobpurge_test.purge_dups.bacteria_odb10_busco/run_bacteria_odb10/hmmer_output/1990650at2.out",
                "busco/blobpurge_test.purge_dups.bacteria_odb10_busco/run_bacteria_odb10/hmmer_output/2005443at2.out",
                "busco/blobpurge_test.purge_dups.bacteria_odb10_busco/run_bacteria_odb10/hmmer_output/2012682at2.out",
                "busco/blobpurge_test.purge_dups.bacteria_odb10_busco/run_bacteria_odb10/hmmer_output/2035880at2.out",
                "busco/blobpurge_test.purge_dups.bacteria_odb10_busco/run_bacteria_odb10/hmmer_output/2040741at2.out",
                "busco/blobpurge_test.purge_dups.bacteria_odb10_busco/run_bacteria_odb10/hmmer_output/2046660at2.out",
                "busco/blobpurge_test.purge_dups.bacteria_odb10_busco/run_bacteria_odb10/hmmer_output/2063644at2.out",
                "busco/blobpurge_test.purge_dups.bacteria_odb10_busco/run_bacteria_odb10/hmmer_output/2066663at2.out",
                "busco/blobpurge_test.purge_dups.bacteria_odb10_busco/run_bacteria_odb10/hmmer_output/2075502at2.out",
                "busco/blobpurge_test.purge_dups.bacteria_odb10_busco/run_bacteria_odb10/hmmer_output/219876at2.out",
                "busco/blobpurge_test.purge_dups.bacteria_odb10_busco/run_bacteria_odb10/hmmer_output/223233at2.out",
                "busco/blobpurge_test.purge_dups.bacteria_odb10_busco/run_bacteria_odb10/hmmer_output/226836at2.out",
                "busco/blobpurge_test.purge_dups.bacteria_odb10_busco/run_bacteria_odb10/hmmer_output/232152at2.out",
                "busco/blobpurge_test.purge_dups.bacteria_odb10_busco/run_bacteria_odb10/hmmer_output/26038at2.out",
                "busco/blobpurge_test.purge_dups.bacteria_odb10_busco/run_bacteria_odb10/hmmer_output/267682at2.out",
                "busco/blobpurge_test.purge_dups.bacteria_odb10_busco/run_bacteria_odb10/hmmer_output/353391at2.out",
                "busco/blobpurge_test.purge_dups.bacteria_odb10_busco/run_bacteria_odb10/hmmer_output/384865at2.out",
                "busco/blobpurge_test.purge_dups.bacteria_odb10_busco/run_bacteria_odb10/hmmer_output/402899at2.out",
                "busco/blobpurge_test.purge_dups.bacteria_odb10_busco/run_bacteria_odb10/hmmer_output/430176at2.out",
                "busco/blobpurge_test.purge_dups.bacteria_odb10_busco/run_bacteria_odb10/hmmer_output/4421at2.out",
                "busco/blobpurge_test.purge_dups.bacteria_odb10_busco/run_bacteria_odb10/hmmer_output/462069at2.out",
                "busco/blobpurge_test.purge_dups.bacteria_odb10_busco/run_bacteria_odb10/hmmer_output/469058at2.out",
                "busco/blobpurge_test.purge_dups.bacteria_odb10_busco/run_bacteria_odb10/hmmer_output/504464at2.out",
                "busco/blobpurge_test.purge_dups.bacteria_odb10_busco/run_bacteria_odb10/hmmer_output/505485at2.out",
                "busco/blobpurge_test.purge_dups.bacteria_odb10_busco/run_bacteria_odb10/hmmer_output/533698at2.out",
                "busco/blobpurge_test.purge_dups.bacteria_odb10_busco/run_bacteria_odb10/hmmer_output/662686at2.out",
                "busco/blobpurge_test.purge_dups.bacteria_odb10_busco/run_bacteria_odb10/hmmer_output/665824at2.out",
                "busco/blobpurge_test.purge_dups.bacteria_odb10_busco/run_bacteria_odb10/hmmer_output/761140at2.out",
                "busco/blobpurge_test.purge_dups.bacteria_odb10_busco/run_bacteria_odb10/hmmer_output/776861at2.out",
                "busco/blobpurge_test.purge_dups.bacteria_odb10_busco/run_bacteria_odb10/hmmer_output/837522at2.out",
                "busco/blobpurge_test.purge_dups.bacteria_odb10_busco/run_bacteria_odb10/hmmer_output/841869at2.out",
                "busco/blobpurge_test.purge_dups.bacteria_odb10_busco/run_bacteria_odb10/hmmer_output/874197at2.out",
                "busco/blobpurge_test.purge_dups.bacteria_odb10_busco/run_bacteria_odb10/hmmer_output/91428at2.out",
                "busco/blobpurge_test.purge_dups.bacteria_odb10_busco/run_bacteria_odb10/hmmer_output/923547at2.out",
                "busco/blobpurge_test.purge_dups.bacteria_odb10_busco/run_bacteria_odb10/hmmer_output/932854at2.out",
                "busco/blobpurge_test.purge_dups.bacteria_odb10_busco/run_bacteria_odb10/hmmer_output/932993at2.out",
                "busco/blobpurge_test.purge_dups.bacteria_odb10_busco/run_bacteria_odb10/hmmer_output/95696at2.out",
                "busco/blobpurge_test.purge_dups.bacteria_odb10_busco/run_bacteria_odb10/hmmer_output/9601at2.out",
                "busco/blobpurge_test.purge_dups.bacteria_odb10_busco/run_bacteria_odb10/hmmer_output/961486at2.out",
                "busco/blobpurge_test.purge_dups.bacteria_odb10_busco/run_bacteria_odb10/hmmer_output/981870at2.out",
                "busco/blobpurge_test.purge_dups.bacteria_odb10_busco/run_bacteria_odb10/hmmer_output/984717at2.out",
                "busco/blobpurge_test.purge_dups.bacteria_odb10_busco/run_bacteria_odb10/missing_busco_list.tsv",
                "busco/blobpurge_test.purge_dups.bacteria_odb10_busco/run_bacteria_odb10/short_summary.json",
                "busco/blobpurge_test.purge_dups.bacteria_odb10_busco/run_bacteria_odb10/short_summary.txt",
                "busco/blobpurge_test.purge_dups.bacteria_odb10_busco/short_summary.specific.bacteria_odb10.blobpurge_test.purge_dups.bacteria_odb10.txt",
                "busco/blobpurge_test.purge_haplotigs.bacteria_odb10.short_summary.json",
                "busco/blobpurge_test.purge_haplotigs.bacteria_odb10_busco",
                "busco/blobpurge_test.purge_haplotigs.bacteria_odb10_busco/logs",
                "busco/blobpurge_test.purge_haplotigs.bacteria_odb10_busco/logs/bbtools_err.log",
                "busco/blobpurge_test.purge_haplotigs.bacteria_odb10_busco/logs/bbtools_out.log",
                "busco/blobpurge_test.purge_haplotigs.bacteria_odb10_busco/logs/busco.log",
                "busco/blobpurge_test.purge_haplotigs.bacteria_odb10_busco/logs/hmmsearch_err.log",
                "busco/blobpurge_test.purge_haplotigs.bacteria_odb10_busco/logs/hmmsearch_out.log",
                "busco/blobpurge_test.purge_haplotigs.bacteria_odb10_busco/logs/prodigal_err.log",
                "busco/blobpurge_test.purge_haplotigs.bacteria_odb10_busco/logs/prodigal_out.log",
                "busco/blobpurge_test.purge_haplotigs.bacteria_odb10_busco/prodigal_output",
                "busco/blobpurge_test.purge_haplotigs.bacteria_odb10_busco/prodigal_output/.checkpoint",
                "busco/blobpurge_test.purge_haplotigs.bacteria_odb10_busco/prodigal_output/predicted_genes",
                "busco/blobpurge_test.purge_haplotigs.bacteria_odb10_busco/prodigal_output/predicted_genes/predicted.faa",
                "busco/blobpurge_test.purge_haplotigs.bacteria_odb10_busco/prodigal_output/predicted_genes/predicted.fna",
                "busco/blobpurge_test.purge_haplotigs.bacteria_odb10_busco/prodigal_output/predicted_genes/tmp",
                "busco/blobpurge_test.purge_haplotigs.bacteria_odb10_busco/prodigal_output/predicted_genes/tmp/prodigal_mode_meta_code_11.faa",
                "busco/blobpurge_test.purge_haplotigs.bacteria_odb10_busco/prodigal_output/predicted_genes/tmp/prodigal_mode_meta_code_11.fna",
                "busco/blobpurge_test.purge_haplotigs.bacteria_odb10_busco/prodigal_output/predicted_genes/tmp/prodigal_mode_meta_code_11_err.log",
                "busco/blobpurge_test.purge_haplotigs.bacteria_odb10_busco/prodigal_output/predicted_genes/tmp/prodigal_mode_meta_code_11_out.log",
                "busco/blobpurge_test.purge_haplotigs.bacteria_odb10_busco/prodigal_output/predicted_genes/tmp/prodigal_mode_meta_code_4.faa",
                "busco/blobpurge_test.purge_haplotigs.bacteria_odb10_busco/prodigal_output/predicted_genes/tmp/prodigal_mode_meta_code_4.fna",
                "busco/blobpurge_test.purge_haplotigs.bacteria_odb10_busco/prodigal_output/predicted_genes/tmp/prodigal_mode_meta_code_4_err.log",
                "busco/blobpurge_test.purge_haplotigs.bacteria_odb10_busco/prodigal_output/predicted_genes/tmp/prodigal_mode_meta_code_4_out.log",
                "busco/blobpurge_test.purge_haplotigs.bacteria_odb10_busco/run_bacteria_odb10",
                "busco/blobpurge_test.purge_haplotigs.bacteria_odb10_busco/run_bacteria_odb10/.bbtools_output",
                "busco/blobpurge_test.purge_haplotigs.bacteria_odb10_busco/run_bacteria_odb10/.bbtools_output/.checkpoint",
                "busco/blobpurge_test.purge_haplotigs.bacteria_odb10_busco/run_bacteria_odb10/busco_sequences",
                "busco/blobpurge_test.purge_haplotigs.bacteria_odb10_busco/run_bacteria_odb10/busco_sequences/fragmented_busco_sequences",
                "busco/blobpurge_test.purge_haplotigs.bacteria_odb10_busco/run_bacteria_odb10/busco_sequences/multi_copy_busco_sequences",
                "busco/blobpurge_test.purge_haplotigs.bacteria_odb10_busco/run_bacteria_odb10/busco_sequences/single_copy_busco_sequences",
                "busco/blobpurge_test.purge_haplotigs.bacteria_odb10_busco/run_bacteria_odb10/full_table.tsv",
                "busco/blobpurge_test.purge_haplotigs.bacteria_odb10_busco/run_bacteria_odb10/hmmer_output",
                "busco/blobpurge_test.purge_haplotigs.bacteria_odb10_busco/run_bacteria_odb10/hmmer_output/.checkpoint",
                "busco/blobpurge_test.purge_haplotigs.bacteria_odb10_busco/run_bacteria_odb10/hmmer_output/1009041at2.out",
                "busco/blobpurge_test.purge_haplotigs.bacteria_odb10_busco/run_bacteria_odb10/hmmer_output/1024388at2.out",
                "busco/blobpurge_test.purge_haplotigs.bacteria_odb10_busco/run_bacteria_odb10/hmmer_output/1036075at2.out",
                "busco/blobpurge_test.purge_haplotigs.bacteria_odb10_busco/run_bacteria_odb10/hmmer_output/1043239at2.out",
                "busco/blobpurge_test.purge_haplotigs.bacteria_odb10_busco/run_bacteria_odb10/hmmer_output/1049662at2.out",
                "busco/blobpurge_test.purge_haplotigs.bacteria_odb10_busco/run_bacteria_odb10/hmmer_output/1054741at2.out",
                "busco/blobpurge_test.purge_haplotigs.bacteria_odb10_busco/run_bacteria_odb10/hmmer_output/1069591at2.out",
                "busco/blobpurge_test.purge_haplotigs.bacteria_odb10_busco/run_bacteria_odb10/hmmer_output/1074831at2.out",
                "busco/blobpurge_test.purge_haplotigs.bacteria_odb10_busco/run_bacteria_odb10/hmmer_output/1080436at2.out",
                "busco/blobpurge_test.purge_haplotigs.bacteria_odb10_busco/run_bacteria_odb10/hmmer_output/1093223at2.out",
                "busco/blobpurge_test.purge_haplotigs.bacteria_odb10_busco/run_bacteria_odb10/hmmer_output/1132353at2.out",
                "busco/blobpurge_test.purge_haplotigs.bacteria_odb10_busco/run_bacteria_odb10/hmmer_output/1151822at2.out",
                "busco/blobpurge_test.purge_haplotigs.bacteria_odb10_busco/run_bacteria_odb10/hmmer_output/1166299at2.out",
                "busco/blobpurge_test.purge_haplotigs.bacteria_odb10_busco/run_bacteria_odb10/hmmer_output/1211060at2.out",
                "busco/blobpurge_test.purge_haplotigs.bacteria_odb10_busco/run_bacteria_odb10/hmmer_output/1257362at2.out",
                "busco/blobpurge_test.purge_haplotigs.bacteria_odb10_busco/run_bacteria_odb10/hmmer_output/1266295at2.out",
                "busco/blobpurge_test.purge_haplotigs.bacteria_odb10_busco/run_bacteria_odb10/hmmer_output/1270636at2.out",
                "busco/blobpurge_test.purge_haplotigs.bacteria_odb10_busco/run_bacteria_odb10/hmmer_output/1272633at2.out",
                "busco/blobpurge_test.purge_haplotigs.bacteria_odb10_busco/run_bacteria_odb10/hmmer_output/1346419at2.out",
                "busco/blobpurge_test.purge_haplotigs.bacteria_odb10_busco/run_bacteria_odb10/hmmer_output/1395197at2.out",
                "busco/blobpurge_test.purge_haplotigs.bacteria_odb10_busco/run_bacteria_odb10/hmmer_output/1398618at2.out",
                "busco/blobpurge_test.purge_haplotigs.bacteria_odb10_busco/run_bacteria_odb10/hmmer_output/1419877at2.out",
                "busco/blobpurge_test.purge_haplotigs.bacteria_odb10_busco/run_bacteria_odb10/hmmer_output/143460at2.out",
                "busco/blobpurge_test.purge_haplotigs.bacteria_odb10_busco/run_bacteria_odb10/hmmer_output/1456375at2.out",
                "busco/blobpurge_test.purge_haplotigs.bacteria_odb10_busco/run_bacteria_odb10/hmmer_output/1470978at2.out",
                "busco/blobpurge_test.purge_haplotigs.bacteria_odb10_busco/run_bacteria_odb10/hmmer_output/1490892at2.out",
                "busco/blobpurge_test.purge_haplotigs.bacteria_odb10_busco/run_bacteria_odb10/hmmer_output/1491686at2.out",
                "busco/blobpurge_test.purge_haplotigs.bacteria_odb10_busco/run_bacteria_odb10/hmmer_output/1497415at2.out",
                "busco/blobpurge_test.purge_haplotigs.bacteria_odb10_busco/run_bacteria_odb10/hmmer_output/1502854at2.out",
                "busco/blobpurge_test.purge_haplotigs.bacteria_odb10_busco/run_bacteria_odb10/hmmer_output/1504821at2.out",
                "busco/blobpurge_test.purge_haplotigs.bacteria_odb10_busco/run_bacteria_odb10/hmmer_output/1505038at2.out",
                "busco/blobpurge_test.purge_haplotigs.bacteria_odb10_busco/run_bacteria_odb10/hmmer_output/1540940at2.out",
                "busco/blobpurge_test.purge_haplotigs.bacteria_odb10_busco/run_bacteria_odb10/hmmer_output/1567535at2.out",
                "busco/blobpurge_test.purge_haplotigs.bacteria_odb10_busco/run_bacteria_odb10/hmmer_output/1572673at2.out",
                "busco/blobpurge_test.purge_haplotigs.bacteria_odb10_busco/run_bacteria_odb10/hmmer_output/1574817at2.out",
                "busco/blobpurge_test.purge_haplotigs.bacteria_odb10_busco/run_bacteria_odb10/hmmer_output/1590629at2.out",
                "busco/blobpurge_test.purge_haplotigs.bacteria_odb10_busco/run_bacteria_odb10/hmmer_output/1592033at2.out",
                "busco/blobpurge_test.purge_haplotigs.bacteria_odb10_busco/run_bacteria_odb10/hmmer_output/1595498at2.out",
                "busco/blobpurge_test.purge_haplotigs.bacteria_odb10_busco/run_bacteria_odb10/hmmer_output/1623045at2.out",
                "busco/blobpurge_test.purge_haplotigs.bacteria_odb10_busco/run_bacteria_odb10/hmmer_output/1661836at2.out",
                "busco/blobpurge_test.purge_haplotigs.bacteria_odb10_busco/run_bacteria_odb10/hmmer_output/1666043at2.out",
                "busco/blobpurge_test.purge_haplotigs.bacteria_odb10_busco/run_bacteria_odb10/hmmer_output/1671455at2.out",
                "busco/blobpurge_test.purge_haplotigs.bacteria_odb10_busco/run_bacteria_odb10/hmmer_output/1674344at2.out",
                "busco/blobpurge_test.purge_haplotigs.bacteria_odb10_busco/run_bacteria_odb10/hmmer_output/1676462at2.out",
                "busco/blobpurge_test.purge_haplotigs.bacteria_odb10_busco/run_bacteria_odb10/hmmer_output/1692188at2.out",
                "busco/blobpurge_test.purge_haplotigs.bacteria_odb10_busco/run_bacteria_odb10/hmmer_output/1698718at2.out",
                "busco/blobpurge_test.purge_haplotigs.bacteria_odb10_busco/run_bacteria_odb10/hmmer_output/1701531at2.out",
                "busco/blobpurge_test.purge_haplotigs.bacteria_odb10_busco/run_bacteria_odb10/hmmer_output/1702697at2.out",
                "busco/blobpurge_test.purge_haplotigs.bacteria_odb10_busco/run_bacteria_odb10/hmmer_output/1707228at2.out",
                "busco/blobpurge_test.purge_haplotigs.bacteria_odb10_busco/run_bacteria_odb10/hmmer_output/1713391at2.out",
                "busco/blobpurge_test.purge_haplotigs.bacteria_odb10_busco/run_bacteria_odb10/hmmer_output/1720952at2.out",
                "busco/blobpurge_test.purge_haplotigs.bacteria_odb10_busco/run_bacteria_odb10/hmmer_output/1758685at2.out",
                "busco/blobpurge_test.purge_haplotigs.bacteria_odb10_busco/run_bacteria_odb10/hmmer_output/1760144at2.out",
                "busco/blobpurge_test.purge_haplotigs.bacteria_odb10_busco/run_bacteria_odb10/hmmer_output/1766414at2.out",
                "busco/blobpurge_test.purge_haplotigs.bacteria_odb10_busco/run_bacteria_odb10/hmmer_output/1772647at2.out",
                "busco/blobpurge_test.purge_haplotigs.bacteria_odb10_busco/run_bacteria_odb10/hmmer_output/1776954at2.out",
                "busco/blobpurge_test.purge_haplotigs.bacteria_odb10_busco/run_bacteria_odb10/hmmer_output/1786618at2.out",
                "busco/blobpurge_test.purge_haplotigs.bacteria_odb10_busco/run_bacteria_odb10/hmmer_output/1799923at2.out",
                "busco/blobpurge_test.purge_haplotigs.bacteria_odb10_busco/run_bacteria_odb10/hmmer_output/182107at2.out",
                "busco/blobpurge_test.purge_haplotigs.bacteria_odb10_busco/run_bacteria_odb10/hmmer_output/1822215at2.out",
                "busco/blobpurge_test.purge_haplotigs.bacteria_odb10_busco/run_bacteria_odb10/hmmer_output/1822695at2.out",
                "busco/blobpurge_test.purge_haplotigs.bacteria_odb10_busco/run_bacteria_odb10/hmmer_output/1827295at2.out",
                "busco/blobpurge_test.purge_haplotigs.bacteria_odb10_busco/run_bacteria_odb10/hmmer_output/1827334at2.out",
                "busco/blobpurge_test.purge_haplotigs.bacteria_odb10_busco/run_bacteria_odb10/hmmer_output/1830156at2.out",
                "busco/blobpurge_test.purge_haplotigs.bacteria_odb10_busco/run_bacteria_odb10/hmmer_output/1838961at2.out",
                "busco/blobpurge_test.purge_haplotigs.bacteria_odb10_busco/run_bacteria_odb10/hmmer_output/1842956at2.out",
                "busco/blobpurge_test.purge_haplotigs.bacteria_odb10_busco/run_bacteria_odb10/hmmer_output/1844275at2.out",
                "busco/blobpurge_test.purge_haplotigs.bacteria_odb10_busco/run_bacteria_odb10/hmmer_output/1846503at2.out",
                "busco/blobpurge_test.purge_haplotigs.bacteria_odb10_busco/run_bacteria_odb10/hmmer_output/1874945at2.out",
                "busco/blobpurge_test.purge_haplotigs.bacteria_odb10_busco/run_bacteria_odb10/hmmer_output/1890943at2.out",
                "busco/blobpurge_test.purge_haplotigs.bacteria_odb10_busco/run_bacteria_odb10/hmmer_output/1893906at2.out",
                "busco/blobpurge_test.purge_haplotigs.bacteria_odb10_busco/run_bacteria_odb10/hmmer_output/1904463at2.out",
                "busco/blobpurge_test.purge_haplotigs.bacteria_odb10_busco/run_bacteria_odb10/hmmer_output/1906715at2.out",
                "busco/blobpurge_test.purge_haplotigs.bacteria_odb10_busco/run_bacteria_odb10/hmmer_output/1932144at2.out",
                "busco/blobpurge_test.purge_haplotigs.bacteria_odb10_busco/run_bacteria_odb10/hmmer_output/1937072at2.out",
                "busco/blobpurge_test.purge_haplotigs.bacteria_odb10_busco/run_bacteria_odb10/hmmer_output/1937493at2.out",
                "busco/blobpurge_test.purge_haplotigs.bacteria_odb10_busco/run_bacteria_odb10/hmmer_output/1940575at2.out",
                "busco/blobpurge_test.purge_haplotigs.bacteria_odb10_busco/run_bacteria_odb10/hmmer_output/1949059at2.out",
                "busco/blobpurge_test.purge_haplotigs.bacteria_odb10_busco/run_bacteria_odb10/hmmer_output/1959318at2.out",
                "busco/blobpurge_test.purge_haplotigs.bacteria_odb10_busco/run_bacteria_odb10/hmmer_output/1963491at2.out",
                "busco/blobpurge_test.purge_haplotigs.bacteria_odb10_busco/run_bacteria_odb10/hmmer_output/1971380at2.out",
                "busco/blobpurge_test.purge_haplotigs.bacteria_odb10_busco/run_bacteria_odb10/hmmer_output/1978865at2.out",
                "busco/blobpurge_test.purge_haplotigs.bacteria_odb10_busco/run_bacteria_odb10/hmmer_output/1990141at2.out",
                "busco/blobpurge_test.purge_haplotigs.bacteria_odb10_busco/run_bacteria_odb10/hmmer_output/1990650at2.out",
                "busco/blobpurge_test.purge_haplotigs.bacteria_odb10_busco/run_bacteria_odb10/hmmer_output/2005443at2.out",
                "busco/blobpurge_test.purge_haplotigs.bacteria_odb10_busco/run_bacteria_odb10/hmmer_output/2012682at2.out",
                "busco/blobpurge_test.purge_haplotigs.bacteria_odb10_busco/run_bacteria_odb10/hmmer_output/2035880at2.out",
                "busco/blobpurge_test.purge_haplotigs.bacteria_odb10_busco/run_bacteria_odb10/hmmer_output/2040741at2.out",
                "busco/blobpurge_test.purge_haplotigs.bacteria_odb10_busco/run_bacteria_odb10/hmmer_output/2046660at2.out",
                "busco/blobpurge_test.purge_haplotigs.bacteria_odb10_busco/run_bacteria_odb10/hmmer_output/2063644at2.out",
                "busco/blobpurge_test.purge_haplotigs.bacteria_odb10_busco/run_bacteria_odb10/hmmer_output/2066663at2.out",
                "busco/blobpurge_test.purge_haplotigs.bacteria_odb10_busco/run_bacteria_odb10/hmmer_output/2075502at2.out",
                "busco/blobpurge_test.purge_haplotigs.bacteria_odb10_busco/run_bacteria_odb10/hmmer_output/219876at2.out",
                "busco/blobpurge_test.purge_haplotigs.bacteria_odb10_busco/run_bacteria_odb10/hmmer_output/223233at2.out",
                "busco/blobpurge_test.purge_haplotigs.bacteria_odb10_busco/run_bacteria_odb10/hmmer_output/226836at2.out",
                "busco/blobpurge_test.purge_haplotigs.bacteria_odb10_busco/run_bacteria_odb10/hmmer_output/232152at2.out",
                "busco/blobpurge_test.purge_haplotigs.bacteria_odb10_busco/run_bacteria_odb10/hmmer_output/26038at2.out",
                "busco/blobpurge_test.purge_haplotigs.bacteria_odb10_busco/run_bacteria_odb10/hmmer_output/267682at2.out",
                "busco/blobpurge_test.purge_haplotigs.bacteria_odb10_busco/run_bacteria_odb10/hmmer_output/353391at2.out",
                "busco/blobpurge_test.purge_haplotigs.bacteria_odb10_busco/run_bacteria_odb10/hmmer_output/384865at2.out",
                "busco/blobpurge_test.purge_haplotigs.bacteria_odb10_busco/run_bacteria_odb10/hmmer_output/402899at2.out",
                "busco/blobpurge_test.purge_haplotigs.bacteria_odb10_busco/run_bacteria_odb10/hmmer_output/430176at2.out",
                "busco/blobpurge_test.purge_haplotigs.bacteria_odb10_busco/run_bacteria_odb10/hmmer_output/4421at2.out",
                "busco/blobpurge_test.purge_haplotigs.bacteria_odb10_busco/run_bacteria_odb10/hmmer_output/462069at2.out",
                "busco/blobpurge_test.purge_haplotigs.bacteria_odb10_busco/run_bacteria_odb10/hmmer_output/469058at2.out",
                "busco/blobpurge_test.purge_haplotigs.bacteria_odb10_busco/run_bacteria_odb10/hmmer_output/504464at2.out",
                "busco/blobpurge_test.purge_haplotigs.bacteria_odb10_busco/run_bacteria_odb10/hmmer_output/505485at2.out",
                "busco/blobpurge_test.purge_haplotigs.bacteria_odb10_busco/run_bacteria_odb10/hmmer_output/533698at2.out",
                "busco/blobpurge_test.purge_haplotigs.bacteria_odb10_busco/run_bacteria_odb10/hmmer_output/662686at2.out",
                "busco/blobpurge_test.purge_haplotigs.bacteria_odb10_busco/run_bacteria_odb10/hmmer_output/665824at2.out",
                "busco/blobpurge_test.purge_haplotigs.bacteria_odb10_busco/run_bacteria_odb10/hmmer_output/761140at2.out",
                "busco/blobpurge_test.purge_haplotigs.bacteria_odb10_busco/run_bacteria_odb10/hmmer_output/776861at2.out",
                "busco/blobpurge_test.purge_haplotigs.bacteria_odb10_busco/run_bacteria_odb10/hmmer_output/837522at2.out",
                "busco/blobpurge_test.purge_haplotigs.bacteria_odb10_busco/run_bacteria_odb10/hmmer_output/841869at2.out",
                "busco/blobpurge_test.purge_haplotigs.bacteria_odb10_busco/run_bacteria_odb10/hmmer_output/874197at2.out",
                "busco/blobpurge_test.purge_haplotigs.bacteria_odb10_busco/run_bacteria_odb10/hmmer_output/91428at2.out",
                "busco/blobpurge_test.purge_haplotigs.bacteria_odb10_busco/run_bacteria_odb10/hmmer_output/923547at2.out",
                "busco/blobpurge_test.purge_haplotigs.bacteria_odb10_busco/run_bacteria_odb10/hmmer_output/932854at2.out",
                "busco/blobpurge_test.purge_haplotigs.bacteria_odb10_busco/run_bacteria_odb10/hmmer_output/932993at2.out",
                "busco/blobpurge_test.purge_haplotigs.bacteria_odb10_busco/run_bacteria_odb10/hmmer_output/95696at2.out",
                "busco/blobpurge_test.purge_haplotigs.bacteria_odb10_busco/run_bacteria_odb10/hmmer_output/9601at2.out",
                "busco/blobpurge_test.purge_haplotigs.bacteria_odb10_busco/run_bacteria_odb10/hmmer_output/961486at2.out",
                "busco/blobpurge_test.purge_haplotigs.bacteria_odb10_busco/run_bacteria_odb10/hmmer_output/981870at2.out",
                "busco/blobpurge_test.purge_haplotigs.bacteria_odb10_busco/run_bacteria_odb10/hmmer_output/984717at2.out",
                "busco/blobpurge_test.purge_haplotigs.bacteria_odb10_busco/run_bacteria_odb10/missing_busco_list.tsv",
                "busco/blobpurge_test.purge_haplotigs.bacteria_odb10_busco/run_bacteria_odb10/short_summary.json",
                "busco/blobpurge_test.purge_haplotigs.bacteria_odb10_busco/run_bacteria_odb10/short_summary.txt",
                "busco/blobpurge_test.purge_haplotigs.bacteria_odb10_busco/short_summary.specific.bacteria_odb10.blobpurge_test.purge_haplotigs.bacteria_odb10.txt",
                "busco/blobpurge_test.raw.bacteria_odb10.short_summary.json",
                "busco/blobpurge_test.raw.bacteria_odb10_busco",
                "busco/blobpurge_test.raw.bacteria_odb10_busco/logs",
                "busco/blobpurge_test.raw.bacteria_odb10_busco/logs/bbtools_err.log",
                "busco/blobpurge_test.raw.bacteria_odb10_busco/logs/bbtools_out.log",
                "busco/blobpurge_test.raw.bacteria_odb10_busco/logs/busco.log",
                "busco/blobpurge_test.raw.bacteria_odb10_busco/logs/hmmsearch_err.log",
                "busco/blobpurge_test.raw.bacteria_odb10_busco/logs/hmmsearch_out.log",
                "busco/blobpurge_test.raw.bacteria_odb10_busco/logs/prodigal_err.log",
                "busco/blobpurge_test.raw.bacteria_odb10_busco/logs/prodigal_out.log",
                "busco/blobpurge_test.raw.bacteria_odb10_busco/prodigal_output",
                "busco/blobpurge_test.raw.bacteria_odb10_busco/prodigal_output/.checkpoint",
                "busco/blobpurge_test.raw.bacteria_odb10_busco/prodigal_output/predicted_genes",
                "busco/blobpurge_test.raw.bacteria_odb10_busco/prodigal_output/predicted_genes/predicted.faa",
                "busco/blobpurge_test.raw.bacteria_odb10_busco/prodigal_output/predicted_genes/predicted.fna",
                "busco/blobpurge_test.raw.bacteria_odb10_busco/prodigal_output/predicted_genes/tmp",
                "busco/blobpurge_test.raw.bacteria_odb10_busco/prodigal_output/predicted_genes/tmp/prodigal_mode_meta_code_11.faa",
                "busco/blobpurge_test.raw.bacteria_odb10_busco/prodigal_output/predicted_genes/tmp/prodigal_mode_meta_code_11.fna",
                "busco/blobpurge_test.raw.bacteria_odb10_busco/prodigal_output/predicted_genes/tmp/prodigal_mode_meta_code_11_err.log",
                "busco/blobpurge_test.raw.bacteria_odb10_busco/prodigal_output/predicted_genes/tmp/prodigal_mode_meta_code_11_out.log",
                "busco/blobpurge_test.raw.bacteria_odb10_busco/prodigal_output/predicted_genes/tmp/prodigal_mode_meta_code_4.faa",
                "busco/blobpurge_test.raw.bacteria_odb10_busco/prodigal_output/predicted_genes/tmp/prodigal_mode_meta_code_4.fna",
                "busco/blobpurge_test.raw.bacteria_odb10_busco/prodigal_output/predicted_genes/tmp/prodigal_mode_meta_code_4_err.log",
                "busco/blobpurge_test.raw.bacteria_odb10_busco/prodigal_output/predicted_genes/tmp/prodigal_mode_meta_code_4_out.log",
                "busco/blobpurge_test.raw.bacteria_odb10_busco/run_bacteria_odb10",
                "busco/blobpurge_test.raw.bacteria_odb10_busco/run_bacteria_odb10/.bbtools_output",
                "busco/blobpurge_test.raw.bacteria_odb10_busco/run_bacteria_odb10/.bbtools_output/.checkpoint",
                "busco/blobpurge_test.raw.bacteria_odb10_busco/run_bacteria_odb10/busco_sequences",
                "busco/blobpurge_test.raw.bacteria_odb10_busco/run_bacteria_odb10/busco_sequences/fragmented_busco_sequences",
                "busco/blobpurge_test.raw.bacteria_odb10_busco/run_bacteria_odb10/busco_sequences/multi_copy_busco_sequences",
                "busco/blobpurge_test.raw.bacteria_odb10_busco/run_bacteria_odb10/busco_sequences/single_copy_busco_sequences",
                "busco/blobpurge_test.raw.bacteria_odb10_busco/run_bacteria_odb10/full_table.tsv",
                "busco/blobpurge_test.raw.bacteria_odb10_busco/run_bacteria_odb10/hmmer_output",
                "busco/blobpurge_test.raw.bacteria_odb10_busco/run_bacteria_odb10/hmmer_output/.checkpoint",
                "busco/blobpurge_test.raw.bacteria_odb10_busco/run_bacteria_odb10/hmmer_output/1009041at2.out",
                "busco/blobpurge_test.raw.bacteria_odb10_busco/run_bacteria_odb10/hmmer_output/1024388at2.out",
                "busco/blobpurge_test.raw.bacteria_odb10_busco/run_bacteria_odb10/hmmer_output/1036075at2.out",
                "busco/blobpurge_test.raw.bacteria_odb10_busco/run_bacteria_odb10/hmmer_output/1043239at2.out",
                "busco/blobpurge_test.raw.bacteria_odb10_busco/run_bacteria_odb10/hmmer_output/1049662at2.out",
                "busco/blobpurge_test.raw.bacteria_odb10_busco/run_bacteria_odb10/hmmer_output/1054741at2.out",
                "busco/blobpurge_test.raw.bacteria_odb10_busco/run_bacteria_odb10/hmmer_output/1069591at2.out",
                "busco/blobpurge_test.raw.bacteria_odb10_busco/run_bacteria_odb10/hmmer_output/1074831at2.out",
                "busco/blobpurge_test.raw.bacteria_odb10_busco/run_bacteria_odb10/hmmer_output/1080436at2.out",
                "busco/blobpurge_test.raw.bacteria_odb10_busco/run_bacteria_odb10/hmmer_output/1093223at2.out",
                "busco/blobpurge_test.raw.bacteria_odb10_busco/run_bacteria_odb10/hmmer_output/1132353at2.out",
                "busco/blobpurge_test.raw.bacteria_odb10_busco/run_bacteria_odb10/hmmer_output/1151822at2.out",
                "busco/blobpurge_test.raw.bacteria_odb10_busco/run_bacteria_odb10/hmmer_output/1166299at2.out",
                "busco/blobpurge_test.raw.bacteria_odb10_busco/run_bacteria_odb10/hmmer_output/1211060at2.out",
                "busco/blobpurge_test.raw.bacteria_odb10_busco/run_bacteria_odb10/hmmer_output/1257362at2.out",
                "busco/blobpurge_test.raw.bacteria_odb10_busco/run_bacteria_odb10/hmmer_output/1266295at2.out",
                "busco/blobpurge_test.raw.bacteria_odb10_busco/run_bacteria_odb10/hmmer_output/1270636at2.out",
                "busco/blobpurge_test.raw.bacteria_odb10_busco/run_bacteria_odb10/hmmer_output/1272633at2.out",
                "busco/blobpurge_test.raw.bacteria_odb10_busco/run_bacteria_odb10/hmmer_output/1346419at2.out",
                "busco/blobpurge_test.raw.bacteria_odb10_busco/run_bacteria_odb10/hmmer_output/1395197at2.out",
                "busco/blobpurge_test.raw.bacteria_odb10_busco/run_bacteria_odb10/hmmer_output/1398618at2.out",
                "busco/blobpurge_test.raw.bacteria_odb10_busco/run_bacteria_odb10/hmmer_output/1419877at2.out",
                "busco/blobpurge_test.raw.bacteria_odb10_busco/run_bacteria_odb10/hmmer_output/143460at2.out",
                "busco/blobpurge_test.raw.bacteria_odb10_busco/run_bacteria_odb10/hmmer_output/1456375at2.out",
                "busco/blobpurge_test.raw.bacteria_odb10_busco/run_bacteria_odb10/hmmer_output/1470978at2.out",
                "busco/blobpurge_test.raw.bacteria_odb10_busco/run_bacteria_odb10/hmmer_output/1490892at2.out",
                "busco/blobpurge_test.raw.bacteria_odb10_busco/run_bacteria_odb10/hmmer_output/1491686at2.out",
                "busco/blobpurge_test.raw.bacteria_odb10_busco/run_bacteria_odb10/hmmer_output/1497415at2.out",
                "busco/blobpurge_test.raw.bacteria_odb10_busco/run_bacteria_odb10/hmmer_output/1502854at2.out",
                "busco/blobpurge_test.raw.bacteria_odb10_busco/run_bacteria_odb10/hmmer_output/1504821at2.out",
                "busco/blobpurge_test.raw.bacteria_odb10_busco/run_bacteria_odb10/hmmer_output/1505038at2.out",
                "busco/blobpurge_test.raw.bacteria_odb10_busco/run_bacteria_odb10/hmmer_output/1540940at2.out",
                "busco/blobpurge_test.raw.bacteria_odb10_busco/run_bacteria_odb10/hmmer_output/1567535at2.out",
                "busco/blobpurge_test.raw.bacteria_odb10_busco/run_bacteria_odb10/hmmer_output/1572673at2.out",
                "busco/blobpurge_test.raw.bacteria_odb10_busco/run_bacteria_odb10/hmmer_output/1574817at2.out",
                "busco/blobpurge_test.raw.bacteria_odb10_busco/run_bacteria_odb10/hmmer_output/1590629at2.out",
                "busco/blobpurge_test.raw.bacteria_odb10_busco/run_bacteria_odb10/hmmer_output/1592033at2.out",
                "busco/blobpurge_test.raw.bacteria_odb10_busco/run_bacteria_odb10/hmmer_output/1595498at2.out",
                "busco/blobpurge_test.raw.bacteria_odb10_busco/run_bacteria_odb10/hmmer_output/1623045at2.out",
                "busco/blobpurge_test.raw.bacteria_odb10_busco/run_bacteria_odb10/hmmer_output/1661836at2.out",
                "busco/blobpurge_test.raw.bacteria_odb10_busco/run_bacteria_odb10/hmmer_output/1666043at2.out",
                "busco/blobpurge_test.raw.bacteria_odb10_busco/run_bacteria_odb10/hmmer_output/1671455at2.out",
                "busco/blobpurge_test.raw.bacteria_odb10_busco/run_bacteria_odb10/hmmer_output/1674344at2.out",
                "busco/blobpurge_test.raw.bacteria_odb10_busco/run_bacteria_odb10/hmmer_output/1676462at2.out",
                "busco/blobpurge_test.raw.bacteria_odb10_busco/run_bacteria_odb10/hmmer_output/1692188at2.out",
                "busco/blobpurge_test.raw.bacteria_odb10_busco/run_bacteria_odb10/hmmer_output/1698718at2.out",
                "busco/blobpurge_test.raw.bacteria_odb10_busco/run_bacteria_odb10/hmmer_output/1701531at2.out",
                "busco/blobpurge_test.raw.bacteria_odb10_busco/run_bacteria_odb10/hmmer_output/1702697at2.out",
                "busco/blobpurge_test.raw.bacteria_odb10_busco/run_bacteria_odb10/hmmer_output/1707228at2.out",
                "busco/blobpurge_test.raw.bacteria_odb10_busco/run_bacteria_odb10/hmmer_output/1713391at2.out",
                "busco/blobpurge_test.raw.bacteria_odb10_busco/run_bacteria_odb10/hmmer_output/1720952at2.out",
                "busco/blobpurge_test.raw.bacteria_odb10_busco/run_bacteria_odb10/hmmer_output/1758685at2.out",
                "busco/blobpurge_test.raw.bacteria_odb10_busco/run_bacteria_odb10/hmmer_output/1760144at2.out",
                "busco/blobpurge_test.raw.bacteria_odb10_busco/run_bacteria_odb10/hmmer_output/1766414at2.out",
                "busco/blobpurge_test.raw.bacteria_odb10_busco/run_bacteria_odb10/hmmer_output/1772647at2.out",
                "busco/blobpurge_test.raw.bacteria_odb10_busco/run_bacteria_odb10/hmmer_output/1776954at2.out",
                "busco/blobpurge_test.raw.bacteria_odb10_busco/run_bacteria_odb10/hmmer_output/1786618at2.out",
                "busco/blobpurge_test.raw.bacteria_odb10_busco/run_bacteria_odb10/hmmer_output/1799923at2.out",
                "busco/blobpurge_test.raw.bacteria_odb10_busco/run_bacteria_odb10/hmmer_output/182107at2.out",
                "busco/blobpurge_test.raw.bacteria_odb10_busco/run_bacteria_odb10/hmmer_output/1822215at2.out",
                "busco/blobpurge_test.raw.bacteria_odb10_busco/run_bacteria_odb10/hmmer_output/1822695at2.out",
                "busco/blobpurge_test.raw.bacteria_odb10_busco/run_bacteria_odb10/hmmer_output/1827295at2.out",
                "busco/blobpurge_test.raw.bacteria_odb10_busco/run_bacteria_odb10/hmmer_output/1827334at2.out",
                "busco/blobpurge_test.raw.bacteria_odb10_busco/run_bacteria_odb10/hmmer_output/1830156at2.out",
                "busco/blobpurge_test.raw.bacteria_odb10_busco/run_bacteria_odb10/hmmer_output/1838961at2.out",
                "busco/blobpurge_test.raw.bacteria_odb10_busco/run_bacteria_odb10/hmmer_output/1842956at2.out",
                "busco/blobpurge_test.raw.bacteria_odb10_busco/run_bacteria_odb10/hmmer_output/1844275at2.out",
                "busco/blobpurge_test.raw.bacteria_odb10_busco/run_bacteria_odb10/hmmer_output/1846503at2.out",
                "busco/blobpurge_test.raw.bacteria_odb10_busco/run_bacteria_odb10/hmmer_output/1874945at2.out",
                "busco/blobpurge_test.raw.bacteria_odb10_busco/run_bacteria_odb10/hmmer_output/1890943at2.out",
                "busco/blobpurge_test.raw.bacteria_odb10_busco/run_bacteria_odb10/hmmer_output/1893906at2.out",
                "busco/blobpurge_test.raw.bacteria_odb10_busco/run_bacteria_odb10/hmmer_output/1904463at2.out",
                "busco/blobpurge_test.raw.bacteria_odb10_busco/run_bacteria_odb10/hmmer_output/1906715at2.out",
                "busco/blobpurge_test.raw.bacteria_odb10_busco/run_bacteria_odb10/hmmer_output/1932144at2.out",
                "busco/blobpurge_test.raw.bacteria_odb10_busco/run_bacteria_odb10/hmmer_output/1937072at2.out",
                "busco/blobpurge_test.raw.bacteria_odb10_busco/run_bacteria_odb10/hmmer_output/1937493at2.out",
                "busco/blobpurge_test.raw.bacteria_odb10_busco/run_bacteria_odb10/hmmer_output/1940575at2.out",
                "busco/blobpurge_test.raw.bacteria_odb10_busco/run_bacteria_odb10/hmmer_output/1949059at2.out",
                "busco/blobpurge_test.raw.bacteria_odb10_busco/run_bacteria_odb10/hmmer_output/1959318at2.out",
                "busco/blobpurge_test.raw.bacteria_odb10_busco/run_bacteria_odb10/hmmer_output/1963491at2.out",
                "busco/blobpurge_test.raw.bacteria_odb10_busco/run_bacteria_odb10/hmmer_output/1971380at2.out",
                "busco/blobpurge_test.raw.bacteria_odb10_busco/run_bacteria_odb10/hmmer_output/1978865at2.out",
                "busco/blobpurge_test.raw.bacteria_odb10_busco/run_bacteria_odb10/hmmer_output/1990141at2.out",
                "busco/blobpurge_test.raw.bacteria_odb10_busco/run_bacteria_odb10/hmmer_output/1990650at2.out",
                "busco/blobpurge_test.raw.bacteria_odb10_busco/run_bacteria_odb10/hmmer_output/2005443at2.out",
                "busco/blobpurge_test.raw.bacteria_odb10_busco/run_bacteria_odb10/hmmer_output/2012682at2.out",
                "busco/blobpurge_test.raw.bacteria_odb10_busco/run_bacteria_odb10/hmmer_output/2035880at2.out",
                "busco/blobpurge_test.raw.bacteria_odb10_busco/run_bacteria_odb10/hmmer_output/2040741at2.out",
                "busco/blobpurge_test.raw.bacteria_odb10_busco/run_bacteria_odb10/hmmer_output/2046660at2.out",
                "busco/blobpurge_test.raw.bacteria_odb10_busco/run_bacteria_odb10/hmmer_output/2063644at2.out",
                "busco/blobpurge_test.raw.bacteria_odb10_busco/run_bacteria_odb10/hmmer_output/2066663at2.out",
                "busco/blobpurge_test.raw.bacteria_odb10_busco/run_bacteria_odb10/hmmer_output/2075502at2.out",
                "busco/blobpurge_test.raw.bacteria_odb10_busco/run_bacteria_odb10/hmmer_output/219876at2.out",
                "busco/blobpurge_test.raw.bacteria_odb10_busco/run_bacteria_odb10/hmmer_output/223233at2.out",
                "busco/blobpurge_test.raw.bacteria_odb10_busco/run_bacteria_odb10/hmmer_output/226836at2.out",
                "busco/blobpurge_test.raw.bacteria_odb10_busco/run_bacteria_odb10/hmmer_output/232152at2.out",
                "busco/blobpurge_test.raw.bacteria_odb10_busco/run_bacteria_odb10/hmmer_output/26038at2.out",
                "busco/blobpurge_test.raw.bacteria_odb10_busco/run_bacteria_odb10/hmmer_output/267682at2.out",
                "busco/blobpurge_test.raw.bacteria_odb10_busco/run_bacteria_odb10/hmmer_output/353391at2.out",
                "busco/blobpurge_test.raw.bacteria_odb10_busco/run_bacteria_odb10/hmmer_output/384865at2.out",
                "busco/blobpurge_test.raw.bacteria_odb10_busco/run_bacteria_odb10/hmmer_output/402899at2.out",
                "busco/blobpurge_test.raw.bacteria_odb10_busco/run_bacteria_odb10/hmmer_output/430176at2.out",
                "busco/blobpurge_test.raw.bacteria_odb10_busco/run_bacteria_odb10/hmmer_output/4421at2.out",
                "busco/blobpurge_test.raw.bacteria_odb10_busco/run_bacteria_odb10/hmmer_output/462069at2.out",
                "busco/blobpurge_test.raw.bacteria_odb10_busco/run_bacteria_odb10/hmmer_output/469058at2.out",
                "busco/blobpurge_test.raw.bacteria_odb10_busco/run_bacteria_odb10/hmmer_output/504464at2.out",
                "busco/blobpurge_test.raw.bacteria_odb10_busco/run_bacteria_odb10/hmmer_output/505485at2.out",
                "busco/blobpurge_test.raw.bacteria_odb10_busco/run_bacteria_odb10/hmmer_output/533698at2.out",
                "busco/blobpurge_test.raw.bacteria_odb10_busco/run_bacteria_odb10/hmmer_output/662686at2.out",
                "busco/blobpurge_test.raw.bacteria_odb10_busco/run_bacteria_odb10/hmmer_output/665824at2.out",
                "busco/blobpurge_test.raw.bacteria_odb10_busco/run_bacteria_odb10/hmmer_output/761140at2.out",
                "busco/blobpurge_test.raw.bacteria_odb10_busco/run_bacteria_odb10/hmmer_output/776861at2.out",
                "busco/blobpurge_test.raw.bacteria_odb10_busco/run_bacteria_odb10/hmmer_output/837522at2.out",
                "busco/blobpurge_test.raw.bacteria_odb10_busco/run_bacteria_odb10/hmmer_output/841869at2.out",
                "busco/blobpurge_test.raw.bacteria_odb10_busco/run_bacteria_odb10/hmmer_output/874197at2.out",
                "busco/blobpurge_test.raw.bacteria_odb10_busco/run_bacteria_odb10/hmmer_output/91428at2.out",
                "busco/blobpurge_test.raw.bacteria_odb10_busco/run_bacteria_odb10/hmmer_output/923547at2.out",
                "busco/blobpurge_test.raw.bacteria_odb10_busco/run_bacteria_odb10/hmmer_output/932854at2.out",
                "busco/blobpurge_test.raw.bacteria_odb10_busco/run_bacteria_odb10/hmmer_output/932993at2.out",
                "busco/blobpurge_test.raw.bacteria_odb10_busco/run_bacteria_odb10/hmmer_output/95696at2.out",
                "busco/blobpurge_test.raw.bacteria_odb10_busco/run_bacteria_odb10/hmmer_output/9601at2.out",
                "busco/blobpurge_test.raw.bacteria_odb10_busco/run_bacteria_odb10/hmmer_output/961486at2.out",
                "busco/blobpurge_test.raw.bacteria_odb10_busco/run_bacteria_odb10/hmmer_output/981870at2.out",
                "busco/blobpurge_test.raw.bacteria_odb10_busco/run_bacteria_odb10/hmmer_output/984717at2.out",
                "busco/blobpurge_test.raw.bacteria_odb10_busco/run_bacteria_odb10/missing_busco_list.tsv",
                "busco/blobpurge_test.raw.bacteria_odb10_busco/run_bacteria_odb10/short_summary.json",
                "busco/blobpurge_test.raw.bacteria_odb10_busco/run_bacteria_odb10/short_summary.txt",
                "busco/blobpurge_test.raw.bacteria_odb10_busco/short_summary.specific.bacteria_odb10.blobpurge_test.raw.bacteria_odb10.txt",
                "busco/short_summary.blobpurge_test.filtered.bacteria_odb10.txt",
                "busco/short_summary.blobpurge_test.purge_dups.bacteria_odb10.txt",
                "busco/short_summary.blobpurge_test.purge_haplotigs.bacteria_odb10.txt",
                "busco/short_summary.blobpurge_test.raw.bacteria_odb10.txt",
                "bwamem2",
                "bwamem2/blobpurge_test.bam",
                "bwamem2/bwamem2",
                "bwamem2/bwamem2/blobpurge_test.filtered.fasta.0123",
                "bwamem2/bwamem2/blobpurge_test.filtered.fasta.amb",
                "bwamem2/bwamem2/blobpurge_test.filtered.fasta.ann",
                "bwamem2/bwamem2/blobpurge_test.filtered.fasta.bwt.2bit.64",
                "bwamem2/bwamem2/blobpurge_test.filtered.fasta.pac",
                "compare",
                "compare/blobpurge_test.busco_comparison.json",
                "compare/blobpurge_test.busco_comparison.tsv",
                "compare/blobpurge_test.busco_comparison_mqc.json",
                "multiqc",
                "multiqc/multiqc_data",
                "multiqc/multiqc_data/busco_plot_bacteria_odb10.txt",
                "multiqc/multiqc_data/llms-full.txt",
                "multiqc/multiqc_data/multiqc.log",
                "multiqc/multiqc_data/multiqc.parquet",
                "multiqc/multiqc_data/multiqc_assembly_stats_table.txt",
                "multiqc/multiqc_data/multiqc_btk_filter_span_check_table.txt",
                "multiqc/multiqc_data/multiqc_busco.txt",
                "multiqc/multiqc_data/multiqc_busco_comparison_table.txt",
                "multiqc/multiqc_data/multiqc_citations.txt",
                "multiqc/multiqc_data/multiqc_data.json",
                "multiqc/multiqc_data/multiqc_general_stats.txt",
                "multiqc/multiqc_data/multiqc_samtools_flagstat.txt",
                "multiqc/multiqc_data/multiqc_samtools_idxstats.txt",
                "multiqc/multiqc_data/multiqc_samtools_stats.txt",
                "multiqc/multiqc_data/multiqc_software_versions.txt",
                "multiqc/multiqc_data/multiqc_sources.txt",
                "multiqc/multiqc_data/samtools-flagstat-pct-table.txt",
                "multiqc/multiqc_data/samtools-flagstat-table.txt",
                "multiqc/multiqc_data/samtools-idxstats-mapped-reads-plot_Normalised_Counts.txt",
                "multiqc/multiqc_data/samtools-idxstats-mapped-reads-plot_Observed_over_Expected_Counts.txt",
                "multiqc/multiqc_data/samtools-idxstats-mapped-reads-plot_Raw_Counts.txt",
                "multiqc/multiqc_data/samtools-stats-dp.txt",
                "multiqc/multiqc_data/samtools_alignment_plot.txt",
                "multiqc/multiqc_plots",
                "multiqc/multiqc_plots/pdf",
                "multiqc/multiqc_plots/pdf/assembly_stats_table.pdf",
                "multiqc/multiqc_plots/pdf/btk_filter_span_check_table.pdf",
                "multiqc/multiqc_plots/pdf/busco_comparison_table.pdf",
                "multiqc/multiqc_plots/pdf/busco_plot_bacteria_odb10-cnt.pdf",
                "multiqc/multiqc_plots/pdf/busco_plot_bacteria_odb10-pct.pdf",
                "multiqc/multiqc_plots/pdf/samtools-flagstat-pct-table.pdf",
                "multiqc/multiqc_plots/pdf/samtools-flagstat-table.pdf",
                "multiqc/multiqc_plots/pdf/samtools-idxstats-mapped-reads-plot_Normalised_Counts-cnt.pdf",
                "multiqc/multiqc_plots/pdf/samtools-idxstats-mapped-reads-plot_Normalised_Counts-log.pdf",
                "multiqc/multiqc_plots/pdf/samtools-idxstats-mapped-reads-plot_Observed_over_Expected_Counts-cnt.pdf",
                "multiqc/multiqc_plots/pdf/samtools-idxstats-mapped-reads-plot_Observed_over_Expected_Counts-log.pdf",
                "multiqc/multiqc_plots/pdf/samtools-idxstats-mapped-reads-plot_Raw_Counts-cnt.pdf",
                "multiqc/multiqc_plots/pdf/samtools-idxstats-mapped-reads-plot_Raw_Counts-log.pdf",
                "multiqc/multiqc_plots/pdf/samtools-stats-dp.pdf",
                "multiqc/multiqc_plots/pdf/samtools_alignment_plot-cnt.pdf",
                "multiqc/multiqc_plots/pdf/samtools_alignment_plot-pct.pdf",
                "multiqc/multiqc_plots/png",
                "multiqc/multiqc_plots/png/assembly_stats_table.png",
                "multiqc/multiqc_plots/png/btk_filter_span_check_table.png",
                "multiqc/multiqc_plots/png/busco_comparison_table.png",
                "multiqc/multiqc_plots/png/busco_plot_bacteria_odb10-cnt.png",
                "multiqc/multiqc_plots/png/busco_plot_bacteria_odb10-pct.png",
                "multiqc/multiqc_plots/png/samtools-flagstat-pct-table.png",
                "multiqc/multiqc_plots/png/samtools-flagstat-table.png",
                "multiqc/multiqc_plots/png/samtools-idxstats-mapped-reads-plot_Normalised_Counts-cnt.png",
                "multiqc/multiqc_plots/png/samtools-idxstats-mapped-reads-plot_Normalised_Counts-log.png",
                "multiqc/multiqc_plots/png/samtools-idxstats-mapped-reads-plot_Observed_over_Expected_Counts-cnt.png",
                "multiqc/multiqc_plots/png/samtools-idxstats-mapped-reads-plot_Observed_over_Expected_Counts-log.png",
                "multiqc/multiqc_plots/png/samtools-idxstats-mapped-reads-plot_Raw_Counts-cnt.png",
                "multiqc/multiqc_plots/png/samtools-idxstats-mapped-reads-plot_Raw_Counts-log.png",
                "multiqc/multiqc_plots/png/samtools-stats-dp.png",
                "multiqc/multiqc_plots/png/samtools_alignment_plot-cnt.png",
                "multiqc/multiqc_plots/png/samtools_alignment_plot-pct.png",
                "multiqc/multiqc_plots/svg",
                "multiqc/multiqc_plots/svg/assembly_stats_table.svg",
                "multiqc/multiqc_plots/svg/btk_filter_span_check_table.svg",
                "multiqc/multiqc_plots/svg/busco_comparison_table.svg",
                "multiqc/multiqc_plots/svg/busco_plot_bacteria_odb10-cnt.svg",
                "multiqc/multiqc_plots/svg/busco_plot_bacteria_odb10-pct.svg",
                "multiqc/multiqc_plots/svg/samtools-flagstat-pct-table.svg",
                "multiqc/multiqc_plots/svg/samtools-flagstat-table.svg",
                "multiqc/multiqc_plots/svg/samtools-idxstats-mapped-reads-plot_Normalised_Counts-cnt.svg",
                "multiqc/multiqc_plots/svg/samtools-idxstats-mapped-reads-plot_Normalised_Counts-log.svg",
                "multiqc/multiqc_plots/svg/samtools-idxstats-mapped-reads-plot_Observed_over_Expected_Counts-cnt.svg",
                "multiqc/multiqc_plots/svg/samtools-idxstats-mapped-reads-plot_Observed_over_Expected_Counts-log.svg",
                "multiqc/multiqc_plots/svg/samtools-idxstats-mapped-reads-plot_Raw_Counts-cnt.svg",
                "multiqc/multiqc_plots/svg/samtools-idxstats-mapped-reads-plot_Raw_Counts-log.svg",
                "multiqc/multiqc_plots/svg/samtools-stats-dp.svg",
                "multiqc/multiqc_plots/svg/samtools_alignment_plot-cnt.svg",
                "multiqc/multiqc_plots/svg/samtools_alignment_plot-pct.svg",
                "multiqc/multiqc_report.html",
                "nuclear",
                "nuclear/blobpurge_test.subset.sorted.bam",
                "nuclear/blobpurge_test.subset.sorted.bam.bai",
                "organelle",
                "organelle/blobpurge_test.nuclear.fasta",
                "organelle/blobpurge_test.nuclear_ids.txt",
                "organelle/blobpurge_test.organelle.fasta",
                "organelle/blobpurge_test.organelle_R1.fastq.gz",
                "organelle/blobpurge_test.organelle_R2.fastq.gz",
                "organelle/blobpurge_test.organelle_ids.txt",
                "organelle/blobpurge_test.organelle_ref.paf",
                "organelle/blobpurge_test.organelle_report.json",
                "organelle/blobpurge_test.organelle_report.mqc.json",
                "organelle/blobpurge_test.purge_dups.merged.fasta",
                "organelle/blobpurge_test.purge_haplotigs.merged.fasta",
                "organelle/blobpurge_test.subset.sorted.bam",
                "organelle/blobpurge_test.subset.sorted.bam.bai",
                "pipeline_info",
                "pipeline_info/nf-blobpurge_software_mqc_versions.yml",
                "purgedups",
                "purgedups/blobpurge_test.calcuts.log",
                "purgedups/blobpurge_test.cutoffs",
                "purgedups/blobpurge_test.dups.bed",
                "purgedups/blobpurge_test.hist.png",
                "purgedups/blobpurge_test.ngscstat.base.cov",
                "purgedups/blobpurge_test.ngscstat.stat",
                "purgedups/blobpurge_test.purge_dups.log",
                "purgedups/blobpurge_test.purged.fasta",
                "purgedups/blobpurge_test.purged_haplotigs.fasta",
                "purgedups/blobpurge_test.split.fasta",
                "purgedups/blobpurge_test.split.self.paf.gz",
                "purgehaplotigs",
                "purgehaplotigs/blobpurge_test.bam.200.gencov",
                "purgehaplotigs/blobpurge_test.bam.histogram.200.png",
                "purgehaplotigs/blobpurge_test.coverage_stats.csv",
                "purgehaplotigs/blobpurge_test.curated.fasta",
                "purgehaplotigs/blobpurge_test.curated.haplotigs.fasta",
                "purgehaplotigs/blobpurge_test.cutoffs.json",
                "purgehaplotigs/blobpurge_test.depth_hist.tsv",
                "samtools",
                "samtools/blobpurge_test.bam",
                "samtools/blobpurge_test.bam.bai",
                "samtools/blobpurge_test.flagstat",
                "samtools/blobpurge_test.idxstats",
                "samtools/blobpurge_test.stats",
                "samtools/blobpurge_test.tsv",
                "samtools/blobpurge_test.txt"
            ],
            [
                "blobpurge_test_blobpurge.html:md5,d0a2a1470d8fcc090f7879a0152742af",
                "blobpurge_test.filtered.assembly_stats_mqc.json:md5,7670289bcfe00b3eadc7d6f7d6e44158",
                "blobpurge_test.filtered.stats.json:md5,ef7b5ecb70ce59483d950f7d2ea5c314",
                "blobpurge_test.purge_dups.assembly_stats_mqc.json:md5,5d597a072a8f1231e3e8eac333de5884",
                "blobpurge_test.purge_dups.stats.json:md5,e83b6d12d17f0a7e8766a66cea2508da",
                "blobpurge_test.purge_haplotigs.assembly_stats_mqc.json:md5,e491ff74ecd5313a204badd4c335875e",
                "blobpurge_test.purge_haplotigs.stats.json:md5,42bcd656f2e4243aa7ce18225a139643",
                "blobpurge_test.raw.assembly_stats_mqc.json:md5,1bff811dd13882ea61e79bd39a620cc6",
                "blobpurge_test.raw.stats.json:md5,97771513a04ec482ae16ead2106d52dd",
                "blobpurge_test.filter_summary.json:md5,c9ee66c8e2de770358180d8f7dcbf665",
                "blobpurge_test.filtered.fasta:md5,67d7001f8db6af8d643161021ba45a6d",
                "blobpurge_test.span_check.json:md5,58f6786c35751ac00c98cd83a8785cda",
                "blobpurge_test.span_check_mqc.json:md5,7e9920d29ea3c014895c52bcb7c04ecd",
                "excluded_ids.txt:md5,a285ee5da3fd3abcbb8cb6c8baab4c4c",
                "retained_ids.txt:md5,aaf80accd18ae5c4b9e22b4216518df3",
                "blobpurge_test.bam:md5,7d0e45ebbc70bc414339108e9c65532b",
                "blobpurge_test.filtered.fasta.0123:md5,fb0c4bb4017d40b8bc3d7f499fc44470",
                "blobpurge_test.filtered.fasta.amb:md5,c2f128dcf0a162cfb3cd207dec3a59f4",
                "blobpurge_test.filtered.fasta.ann:md5,9df6c0078f8b4219c60ca8dd280f46bb",
                "blobpurge_test.filtered.fasta.bwt.2bit.64:md5,bfc301049550811c62fac4b703bcf036",
                "blobpurge_test.filtered.fasta.pac:md5,d852cefd696569848bcd0ab78e037301",
                "blobpurge_test.busco_comparison.json:md5,c69a17e6218f67e2b7948e3c93c7aaca",
                "blobpurge_test.busco_comparison.tsv:md5,49bd84c3d5e7647af9c2500ffb45af42",
                "blobpurge_test.busco_comparison_mqc.json:md5,8c3b52b7540be503fa81ee9ce759c5d4",
                "busco_plot_bacteria_odb10.txt:md5,7962acb0707dc6b49ec3bde4c07c6bad",
                "multiqc_assembly_stats_table.txt:md5,ed916fe7026ca9aa18ee4e8391a340e7",
                "multiqc_btk_filter_span_check_table.txt:md5,2639395d9be57bf8d3e2cace764a2164",
                "multiqc_busco.txt:md5,d717f3a28487906954abc55368f23163",
                "multiqc_busco_comparison_table.txt:md5,708eb4e0ca3a79c242e89adac34f6016",
                "multiqc_citations.txt:md5,c9123d924832a4109b6bb6ac68b22929",
                "multiqc_general_stats.txt:md5,84dbb052079721ee3a8da3fef7e0caf2",
                "multiqc_samtools_flagstat.txt:md5,c224347d4cd6bd88d767e4ec76df2fa7",
                "multiqc_samtools_idxstats.txt:md5,5848ffd47e41a47f21bd06a578efacff",
                "multiqc_samtools_stats.txt:md5,15132b0a0ea112eb3524c47f62963925",
                "samtools-flagstat-pct-table.txt:md5,64f20dad1cabcefd657bac8e8afce5a9",
                "samtools-flagstat-table.txt:md5,752b8e681c8da8c3813b428b5d8d6455",
                "samtools-idxstats-mapped-reads-plot_Normalised_Counts.txt:md5,4eaf81f14dfa98cf967cf56f455a7ee6",
                "samtools-idxstats-mapped-reads-plot_Observed_over_Expected_Counts.txt:md5,de9f54257658aaa665057baa2f54b412",
                "samtools-idxstats-mapped-reads-plot_Raw_Counts.txt:md5,48d50506af8216229b8e6a7d4e534095",
                "samtools-stats-dp.txt:md5,941ecd383302aecf8286ae3668e45d84",
                "samtools_alignment_plot.txt:md5,254b1d7127d4f38af570bc33803f3ab6",
                "blobpurge_test.subset.sorted.bam:md5,8a2e2ebd72353cfa522d18d029ed5932",
                "blobpurge_test.subset.sorted.bam.bai:md5,8527addb8f3c2c1eb1ada4768787d4b7",
                "blobpurge_test.nuclear.fasta:md5,af61347f1e38f221086396ddf1c41ccb",
                "blobpurge_test.nuclear_ids.txt:md5,b8d841d853bb1bc7ebd1b3b469c531e5",
                "blobpurge_test.organelle.fasta:md5,f6c2ff884d04478de4627048db798812",
                "blobpurge_test.organelle_R1.fastq.gz:md5,6d7d1b2bfce8b9114dd86e990093a473",
                "blobpurge_test.organelle_R2.fastq.gz:md5,7def15a3f20cb282c1a0e302f0e5fd2a",
                "blobpurge_test.organelle_ids.txt:md5,2efce8c3277f580b356e2ff562b1a013",
                "blobpurge_test.organelle_ref.paf:md5,1b8987e5a94af587ddeb3f9ed257a271",
                "blobpurge_test.organelle_report.json:md5,8c228a2aee6b1d36a85e3e3c323f4bee",
                "blobpurge_test.organelle_report.mqc.json:md5,de3308424c73e9eb6e43eb5bf6d970db",
                "blobpurge_test.purge_dups.merged.fasta:md5,d1bfc8e360ae014c7afe8ed87b5b24b2",
                "blobpurge_test.purge_haplotigs.merged.fasta:md5,67d7001f8db6af8d643161021ba45a6d",
                "blobpurge_test.subset.sorted.bam:md5,d0ef9f31c74196569a3044d91caf30f8",
                "blobpurge_test.subset.sorted.bam.bai:md5,297ec5eb29c321ea61be1271ce0290fb",
                "blobpurge_test.calcuts.log:md5,12c0824dd279a142ee54107f9a901b3f",
                "blobpurge_test.cutoffs:md5,50895526d93dbca6dd06c0e77d4983e8",
                "blobpurge_test.dups.bed:md5,893c165a5e26a4e1261b75a6eab8f675",
                "blobpurge_test.hist.png:md5,f85d0d7854cece7c5b9774b16d5a0342",
                "blobpurge_test.ngscstat.base.cov:md5,cf5b26f4d5f9b362210489e64ac5f0c9",
                "blobpurge_test.ngscstat.stat:md5,078f26863b7bb7591b62c3643a4158f8",
                "blobpurge_test.purge_dups.log:md5,77a60d9cb202ee5067c2254fba8bac52",
                "blobpurge_test.purged.fasta:md5,43e15e50ec8a681af45a90b941401490",
                "blobpurge_test.purged_haplotigs.fasta:md5,4d7675b092e0a59f1d08c1c95018268e",
                "blobpurge_test.split.fasta:md5,48016dc47ce2880455e4200c2ea8f431",
                "blobpurge_test.split.self.paf.gz:md5,92b908e0f2c6f5daf0a17712d3694f74",
                "blobpurge_test.bam.histogram.200.png:md5,c3e222028587a61ba0aed52c2ec48074",
                "blobpurge_test.coverage_stats.csv:md5,5aedb853daaba0bd1819bd18d0ad9969",
                "blobpurge_test.curated.fasta:md5,af61347f1e38f221086396ddf1c41ccb",
                "blobpurge_test.curated.haplotigs.fasta:md5,d41d8cd98f00b204e9800998ecf8427e",
                "blobpurge_test.cutoffs.json:md5,a29fb626d2683ba072c342861dbd3643",
                "blobpurge_test.depth_hist.tsv:md5,0389278791ea51ff96cc7cb0e4741cb3",
                "blobpurge_test.bam:md5,fa1c821e3d3782ee8f16f80dcce477b7",
                "blobpurge_test.bam.bai:md5,a13fec3d0820fbe63d17fcb1aec79713",
                "blobpurge_test.flagstat:md5,c92788f234328bb7f03eadf295f577d4",
                "blobpurge_test.idxstats:md5,56552af179a74f14d0206094f6c64e90",
                "blobpurge_test.stats:md5,c548470d6805c841e92fcb162288a25c",
                "blobpurge_test.tsv:md5,84433b26d86f3bf50967aa37afbf2532",
                "blobpurge_test.txt:md5,bbc3754f258672a16796bd98953c770b"
            ]
        ],
        "timestamp": "2026-08-10T13:47:55.790459079",
        "meta": {
            "nf-test": "0.9.5",
            "nextflow": "26.04.6"
        }
    }
}